Archive member included because of file (symbol)

.\CortexM0\ARM_GCC_484\Debug\BLE Lab 3.a(cyfitter_cfg.o)
                              .\CortexM0\ARM_GCC_484\Debug\Cm0Start.o (cyfitter_cfg)
.\CortexM0\ARM_GCC_484\Debug\BLE Lab 3.a(SW2_Switch.o)
                              .\CortexM0\ARM_GCC_484\Debug\main.o (SW2_Switch_ClearInterrupt)
.\CortexM0\ARM_GCC_484\Debug\BLE Lab 3.a(Wakeup_ISR.o)
                              .\CortexM0\ARM_GCC_484\Debug\main.o (Wakeup_ISR_Start)
.\CortexM0\ARM_GCC_484\Debug\BLE Lab 3.a(Led_Advertising_Green.o)
                              .\CortexM0\ARM_GCC_484\Debug\main.o (Led_Advertising_Green_Write)
.\CortexM0\ARM_GCC_484\Debug\BLE Lab 3.a(Led_Connected_Blue.o)
                              .\CortexM0\ARM_GCC_484\Debug\main.o (Led_Connected_Blue_Write)
.\CortexM0\ARM_GCC_484\Debug\BLE Lab 3.a(BLE_1_hrs.o)
                              .\CortexM0\ARM_GCC_484\Debug\main.o (CyBle_HrsRegisterAttrCallback)
.\CortexM0\ARM_GCC_484\Debug\BLE Lab 3.a(BLE_1.o)
                              .\CortexM0\ARM_GCC_484\Debug\BLE Lab 3.a(BLE_1_hrs.o) (CyBle_ApplCallback)
.\CortexM0\ARM_GCC_484\Debug\BLE Lab 3.a(BLE_1_gatt.o)
                              .\CortexM0\ARM_GCC_484\Debug\BleProcessing.o (cyBle_state)
.\CortexM0\ARM_GCC_484\Debug\BLE Lab 3.a(BLE_1_eventHandler.o)
                              .\CortexM0\ARM_GCC_484\Debug\BLE Lab 3.a(BLE_1_hrs.o) (cyBle_eventHandlerFlag)
.\CortexM0\ARM_GCC_484\Debug\BLE Lab 3.a(BLE_1_dis.o)
                              .\CortexM0\ARM_GCC_484\Debug\BLE Lab 3.a(BLE_1.o) (CyBle_DisInit)
.\CortexM0\ARM_GCC_484\Debug\BLE Lab 3.a(ADC.o)
                              .\CortexM0\ARM_GCC_484\Debug\HeartRateProcessing.o (ADC_StartConvert)
.\CortexM0\ARM_GCC_484\Debug\BLE Lab 3.a(ADC_INT.o)
                              .\CortexM0\ARM_GCC_484\Debug\BLE Lab 3.a(ADC.o) (ADC_ISR)
.\CortexM0\ARM_GCC_484\Debug\BLE Lab 3.a(CyBootAsmGnu.o)
                              .\CortexM0\ARM_GCC_484\Debug\BLE Lab 3.a(cyfitter_cfg.o) (CyDelayCycles)
.\CortexM0\ARM_GCC_484\Debug\BLE Lab 3.a(CyLib.o)
                              .\CortexM0\ARM_GCC_484\Debug\BLE Lab 3.a(cyfitter_cfg.o) (CyDelayUs)
.\CortexM0\ARM_GCC_484\Debug\BLE Lab 3.a(cyPm.o)
                              .\CortexM0\ARM_GCC_484\Debug\main.o (CySysPmHibernate)
.\CortexM0\ARM_GCC_484\Debug\BLE Lab 3.a(PWM.o)
                              .\CortexM0\ARM_GCC_484\Debug\main.o (PWM_Start)
D:\Program Files(x86)\Cypress\PSoC Creator\3.1\PSoC Creator\psoc\content\cycomponentlibraryupdates\CyComponentLibraryUpdates.cylib\BLE_v1_10\Library\gccCyBLEStack_BLE_SOC_PERIPHERAL.a(CyBle.o)
                              .\CortexM0\ARM_GCC_484\Debug\main.o (CyBle_EnterLPM)
D:\Program Files(x86)\Cypress\PSoC Creator\3.1\PSoC Creator\psoc\content\cycomponentlibraryupdates\CyComponentLibraryUpdates.cylib\BLE_v1_10\Library\gccCyBLEStack_BLE_SOC_PERIPHERAL.a(CyBleStackMgrIP_Interface.o)
                              D:\Program Files(x86)\Cypress\PSoC Creator\3.1\PSoC Creator\psoc\content\cycomponentlibraryupdates\CyComponentLibraryUpdates.cylib\BLE_v1_10\Library\gccCyBLEStack_BLE_SOC_PERIPHERAL.a(CyBle.o) (CyBleStackMgr_BleGetConfigData)
D:\Program Files(x86)\Cypress\PSoC Creator\3.1\PSoC Creator\psoc\content\cycomponentlibraryupdates\CyComponentLibraryUpdates.cylib\BLE_v1_10\Library\gccCyBLEStack_BLE_SOC_PERIPHERAL.a(BT_os.o)
                              D:\Program Files(x86)\Cypress\PSoC Creator\3.1\PSoC Creator\psoc\content\cycomponentlibraryupdates\CyComponentLibraryUpdates.cylib\BLE_v1_10\Library\gccCyBLEStack_BLE_SOC_PERIPHERAL.a(CyBleStackMgrIP_Interface.o) (bt_stack_init_os)
D:\Program Files(x86)\Cypress\PSoC Creator\3.1\PSoC Creator\psoc\content\cycomponentlibraryupdates\CyComponentLibraryUpdates.cylib\BLE_v1_10\Library\gccCyBLEStack_BLE_SOC_PERIPHERAL.a(CyBleStackMgr_StackTaskHandler.o)
                              D:\Program Files(x86)\Cypress\PSoC Creator\3.1\PSoC Creator\psoc\content\cycomponentlibraryupdates\CyComponentLibraryUpdates.cylib\BLE_v1_10\Library\gccCyBLEStack_BLE_SOC_PERIPHERAL.a(CyBleStackMgrIP_Interface.o) (CyBle_CreateBleStackTask)
D:\Program Files(x86)\Cypress\PSoC Creator\3.1\PSoC Creator\psoc\content\cycomponentlibraryupdates\CyComponentLibraryUpdates.cylib\BLE_v1_10\Library\gccCyBLEStack_BLE_SOC_PERIPHERAL.a(transport_sf.o)
                              D:\Program Files(x86)\Cypress\PSoC Creator\3.1\PSoC Creator\psoc\content\cycomponentlibraryupdates\CyComponentLibraryUpdates.cylib\BLE_v1_10\Library\gccCyBLEStack_BLE_SOC_PERIPHERAL.a(CyBleStackMgr_StackTaskHandler.o) (hci_soft_transport_notify_data_received)
D:\Program Files(x86)\Cypress\PSoC Creator\3.1\PSoC Creator\psoc\content\cycomponentlibraryupdates\CyComponentLibraryUpdates.cylib\BLE_v1_10\Library\gccCyBLEStack_BLE_SOC_PERIPHERAL.a(CyBleStackMgr_PSoCHal.o)
[...]
Memory Configuration

Name             Origin             Length             Attributes
rom              0x00000000         0x00020000         xr
ram              0x20000000         0x00004000         xrw
*default*        0x00000000         0xffffffff

Linker script and memory map

LOAD d:/program files(x86)/cypress/psoc creator/3.1/psoc creator/import/gnu_cs/arm/4.8.4/bin/../lib/gcc/arm-none-eabi/4.8.4/armv6-m/crti.o
LOAD d:/program files(x86)/cypress/psoc creator/3.1/psoc creator/import/gnu_cs/arm/4.8.4/bin/../lib/gcc/arm-none-eabi/4.8.4/armv6-m/crtbegin.o
LOAD d:/program files(x86)/cypress/psoc creator/3.1/psoc creator/import/gnu_cs/arm/4.8.4/bin/../lib/gcc/arm-none-eabi/4.8.4/../../../../arm-none-eabi/lib/armv6-m/crt0.o
START GROUP
LOAD .\CortexM0\ARM_GCC_484\Debug\main.o
LOAD .\CortexM0\ARM_GCC_484\Debug\HeartRateProcessing.o
LOAD .\CortexM0\ARM_GCC_484\Debug\BleProcessing.o
LOAD .\CortexM0\ARM_GCC_484\Debug\WatchdogTimer.o
LOAD .\CortexM0\ARM_GCC_484\Debug\cymetadata.o
LOAD .\CortexM0\ARM_GCC_484\Debug\Cm0Start.o
LOAD .\CortexM0\ARM_GCC_484\Debug\BLE Lab 3.a
LOAD D:\Program Files(x86)\Cypress\PSoC Creator\3.1\PSoC Creator\psoc\content\cycomponentlibraryupdates\CyComponentLibraryUpdates.cylib\BLE_v1_10\Library\gccCyBLEStack_BLE_SOC_PERIPHERAL.a
LOAD D:\Program Files(x86)\Cypress\PSoC Creator\3.1\PSoC Creator\psoc\content\cycomponentlibrary\CyComponentLibrary.cylib\CortexM0\ARM_GCC_484\Debug\CyComponentLibrary.a
END GROUP
START GROUP
LOAD d:/program files(x86)/cypress/psoc creator/3.1/psoc creator/import/gnu_cs/arm/4.8.4/bin/../lib/gcc/arm-none-eabi/4.8.4/armv6-m\libgcc.a
LOAD d:/program files(x86)/cypress/psoc creator/3.1/psoc creator/import/gnu_cs/arm/4.8.4/bin/../lib/gcc/arm-none-eabi/4.8.4/../../../../arm-none-eabi/lib/armv6-m\libg_s.a
LOAD d:/program files(x86)/cypress/psoc creator/3.1/psoc creator/import/gnu_cs/arm/4.8.4/bin/../lib/gcc/arm-none-eabi/4.8.4/../../../../arm-none-eabi/lib/armv6-m\libc_s.a
END GROUP
START GROUP
LOAD d:/program files(x86)/cypress/psoc creator/3.1/psoc creator/import/gnu_cs/arm/4.8.4/bin/../lib/gcc/arm-none-eabi/4.8.4/armv6-m\libgcc.a
LOAD d:/program files(x86)/cypress/psoc creator/3.1/psoc creator/import/gnu_cs/arm/4.8.4/bin/../lib/gcc/arm-none-eabi/4.8.4/../../../../arm-none-eabi/lib/armv6-m\libc_s.a
END GROUP
LOAD d:/program files(x86)/cypress/psoc creator/3.1/psoc creator/import/gnu_cs/arm/4.8.4/bin/../lib/gcc/arm-none-eabi/4.8.4/armv6-m/crtend.o
LOAD d:/program files(x86)/cypress/psoc creator/3.1/psoc creator/import/gnu_cs/arm/4.8.4/bin/../lib/gcc/arm-none-eabi/4.8.4/armv6-m/crtn.o
START GROUP
LOAD d:/program files(x86)/cypress/psoc creator/3.1/psoc creator/import/gnu_cs/arm/4.8.4/bin/../lib/gcc/arm-none-eabi/4.8.4/armv6-m\libgcc.a
LOAD d:/program files(x86)/cypress/psoc creator/3.1/psoc creator/import/gnu_cs/arm/4.8.4/bin/../lib/gcc/arm-none-eabi/4.8.4/../../../../arm-none-eabi/lib/armv6-m\libc.a
LOAD d:/program files(x86)/cypress/psoc creator/3.1/psoc creator/import/gnu_cs/arm/4.8.4/bin/../lib/gcc/arm-none-eabi/4.8.4/../../../../arm-none-eabi/lib/armv6-m\libnosys.a
END GROUP
                0x00000000                CY_APPL_ORIGIN = 0x0
                0x00000080                CY_FLASH_ROW_SIZE = 0x80
                0x00000001                CY_APPL_NUM = 0x1
                0x00000040                CY_METADATA_SIZE = 0x40
                0x20002518                PROVIDE (__cy_heap_start, _end)
                0x00000001                PROVIDE (__cy_region_num, ((__cy_regions_end - __cy_regions) / 0x10))
                0x20004000                PROVIDE (__cy_stack, (ORIGIN (ram) + 0x4000))
                0x20003c00                PROVIDE (__cy_heap_end, (__cy_stack - 0x400))

.cybootloader   0x00000000        0x0
 *(.cybootloader)
                0x00000000                appl1_start = CY_APPL_ORIGIN?CY_APPL_ORIGIN:ALIGN (CY_FLASH_ROW_SIZE)
                0x0000ff80                appl2_start = (appl1_start + ALIGN ((((0x20000 - appl1_start) - (0x2 * CY_FLASH_ROW_SIZE)) / 0x2), CY_FLASH_ROW_SIZE))
                0x00000000                appl_start = (CY_APPL_NUM == 0x1)?appl1_start:appl2_start

.text           0x00000000     0x1fac
 CREATE_OBJECT_SYMBOLS
                0x00000000                PROVIDE (__cy_interrupt_vector, RomVectors)
 *(.romvectors)
 .romvectors    0x00000000       0x10 .\CortexM0\ARM_GCC_484\Debug\Cm0Start.o
                0x00000000                RomVectors
                0x00000001                ASSERT ((. != __cy_interrupt_vector), No interrupt vector)
                0x00000001                ASSERT (CY_APPL_ORIGIN?(SIZEOF (.cybootloader) <= CY_APPL_ORIGIN):0x1, Wrong image location)
                0x00000010                PROVIDE (__cy_reset, Reset)
 *(.text.Reset)
 .text.Reset    0x00000010        0x8 .\CortexM0\ARM_GCC_484\Debug\Cm0Start.o
                0x00000010                Reset
                0x00000001                ASSERT ((. != __cy_reset), No reset code)
 *(.psocinit)
 .psocinit      0x00000018      0x300 .\CortexM0\ARM_GCC_484\Debug\BLE Lab 3.a(cyfitter_cfg.o)
                0x000001b4                cyfitter_cfg
                0x00000318                . = MAX (., 0x100)
 *(.text .text.* .gnu.linkonce.t.*)
 .text          0x00000318       0x60 d:/program files(x86)/cypress/psoc creator/3.1/psoc creator/import/gnu_cs/arm/4.8.4/bin/../lib/gcc/arm-none-eabi/4.8.4/armv6-m/crtbegin.o
 .text.InitializeSystem
                0x00000378       0x38 .\CortexM0\ARM_GCC_484\Debug\main.o
 .text.main     0x000003b0       0xb0 .\CortexM0\ARM_GCC_484\Debug\main.o
                0x000003b0                main
 .text.ProcessHeartRateSignal
                0x00000460       0xb4 .\CortexM0\ARM_GCC_484\Debug\HeartRateProcessing.o
                0x00000460                ProcessHeartRateSignal
 .text.SendHeartRateOverBLE
                0x00000514       0x58 .\CortexM0\ARM_GCC_484\Debug\BleProcessing.o
                0x00000514                SendHeartRateOverBLE
 .text.HrsEventHandler
                0x0000056c       0x38 .\CortexM0\ARM_GCC_484\Debug\BleProcessing.o
                0x0000056c                HrsEventHandler
 .text.GeneralEventHandler
                0x000005a4       0xac .\CortexM0\ARM_GCC_484\Debug\BleProcessing.o
                0x000005a4                GeneralEventHandler
 .text.WatchdogTimer_Isr
                0x00000650       0x20 .\CortexM0\ARM_GCC_484\Debug\WatchdogTimer.o
                0x00000650                WatchdogTimer_Isr
 .text.WatchdogTimer_Start
                0x00000670       0x48 .\CortexM0\ARM_GCC_484\Debug\WatchdogTimer.o
                0x00000670                WatchdogTimer_Start
 .text.WatchdogTimer_GetTimestamp
                0x000006b8       0x14 .\CortexM0\ARM_GCC_484\Debug\WatchdogTimer.o
                0x000006b8                WatchdogTimer_GetTimestamp
 .text.IntDefaultHandler
                0x000006cc        0x8 .\CortexM0\ARM_GCC_484\Debug\Cm0Start.o
                0x000006cc                IntDefaultHandler
 .text.Start_c  0x000006d4       0x98 .\CortexM0\ARM_GCC_484\Debug\Cm0Start.o
                0x000006d4                Start_c
 .text.initialize_psoc
                0x0000076c       0x70 .\CortexM0\ARM_GCC_484\Debug\Cm0Start.o
                0x0000076c                initialize_psoc
 .text.CYMEMZERO
                0x000007dc       0x20 .\CortexM0\ARM_GCC_484\Debug\BLE Lab 3.a(cyfitter_cfg.o)
 .text.cfg_write_bytes32
                0x000007fc       0x80 .\CortexM0\ARM_GCC_484\Debug\BLE Lab 3.a(cyfitter_cfg.o)
 .text.AnalogSetDefault
                0x0000087c       0x60 .\CortexM0\ARM_GCC_484\Debug\BLE Lab 3.a(cyfitter_cfg.o)
 .text.SetAnalogRoutingPumps
                0x000008dc       0x40 .\CortexM0\ARM_GCC_484\Debug\BLE Lab 3.a(cyfitter_cfg.o)
                0x000008dc                SetAnalogRoutingPumps
 .text.SW2_Switch_ClearInterrupt
                0x0000091c       0x30 .\CortexM0\ARM_GCC_484\Debug\BLE Lab 3.a(SW2_Switch.o)
                0x0000091c                SW2_Switch_ClearInterrupt
 .text.Wakeup_ISR_Start
                0x0000094c       0x24 .\CortexM0\ARM_GCC_484\Debug\BLE Lab 3.a(Wakeup_ISR.o)
                0x0000094c                Wakeup_ISR_Start
 .text.Wakeup_ISR_Interrupt
                0x00000970        0x8 .\CortexM0\ARM_GCC_484\Debug\BLE Lab 3.a(Wakeup_ISR.o)
                0x00000970                Wakeup_ISR_Interrupt
 .text.Wakeup_ISR_SetVector
                0x00000978       0x18 .\CortexM0\ARM_GCC_484\Debug\BLE Lab 3.a(Wakeup_ISR.o)
                0x00000978                Wakeup_ISR_SetVector
 .text.Wakeup_ISR_SetPriority
                0x00000990       0x50 .\CortexM0\ARM_GCC_484\Debug\BLE Lab 3.a(Wakeup_ISR.o)
                0x00000990                Wakeup_ISR_SetPriority
 .text.Wakeup_ISR_Enable
                0x000009e0       0x14 .\CortexM0\ARM_GCC_484\Debug\BLE Lab 3.a(Wakeup_ISR.o)
                0x000009e0                Wakeup_ISR_Enable
 .text.Wakeup_ISR_Disable
                0x000009f4       0x14 .\CortexM0\ARM_GCC_484\Debug\BLE Lab 3.a(Wakeup_ISR.o)
                0x000009f4                Wakeup_ISR_Disable
 .text.Led_Advertising_Green_Write
                0x00000a08       0x4c .\CortexM0\ARM_GCC_484\Debug\BLE Lab 3.a(Led_Advertising_Green.o)
                0x00000a08                Led_Advertising_Green_Write
 .text.Led_Advertising_Green_SetDriveMode
                0x00000a54       0x30 .\CortexM0\ARM_GCC_484\Debug\BLE Lab 3.a(Led_Advertising_Green.o)
                0x00000a54                Led_Advertising_Green_SetDriveMode
 .text.Led_Connected_Blue_Write
                0x00000a84       0x48 .\CortexM0\ARM_GCC_484\Debug\BLE Lab 3.a(Led_Connected_Blue.o)
                0x00000a84                Led_Connected_Blue_Write
 .text.Led_Connected_Blue_SetDriveMode
                0x00000acc       0x30 .\CortexM0\ARM_GCC_484\Debug\BLE Lab 3.a(Led_Connected_Blue.o)
                0x00000acc                Led_Connected_Blue_SetDriveMode
 .text.CyBle_HrsInit
                0x00000afc        0x8 .\CortexM0\ARM_GCC_484\Debug\BLE Lab 3.a(BLE_1_hrs.o)
                0x00000afc                CyBle_HrsInit
 .text.CyBle_HrsRegisterAttrCallback
                0x00000b04       0x18 .\CortexM0\ARM_GCC_484\Debug\BLE Lab 3.a(BLE_1_hrs.o)
                0x00000b04                CyBle_HrsRegisterAttrCallback
 .text.CyBle_HrssGetCharacteristicValue
                0x00000b1c       0x9c .\CortexM0\ARM_GCC_484\Debug\BLE Lab 3.a(BLE_1_hrs.o)
                0x00000b1c                CyBle_HrssGetCharacteristicValue
 .text.CyBle_HrssSendNotification
                0x00000bb8       0xd8 .\CortexM0\ARM_GCC_484\Debug\BLE Lab 3.a(BLE_1_hrs.o)
                0x00000bb8                CyBle_HrssSendNotification
 .text.CyBle_HrssWriteEventHandler
                0x00000c90      0x118 .\CortexM0\ARM_GCC_484\Debug\BLE Lab 3.a(BLE_1_hrs.o)
                0x00000c90                CyBle_HrssWriteEventHandler
 .text.CyBle_Init
                0x00000da8       0x2c .\CortexM0\ARM_GCC_484\Debug\BLE Lab 3.a(BLE_1.o)
                0x00000da8                CyBle_Init
 .text.CyBle_ServiceInit
                0x00000dd4       0x10 .\CortexM0\ARM_GCC_484\Debug\BLE Lab 3.a(BLE_1.o)
                0x00000dd4                CyBle_ServiceInit
 .text.CyBle_Start
                0x00000de4       0x90 .\CortexM0\ARM_GCC_484\Debug\BLE Lab 3.a(BLE_1.o)
                0x00000de4                CyBle_Start
 .text.CyBle_Stop
                0x00000e74       0x1c .\CortexM0\ARM_GCC_484\Debug\BLE Lab 3.a(BLE_1.o)
                0x00000e74                CyBle_Stop
 .text.CyBle_GappStartAdvertisement
                0x00000e90       0xc4 .\CortexM0\ARM_GCC_484\Debug\BLE Lab 3.a(BLE_1.o)
                0x00000e90                CyBle_GappStartAdvertisement
 .text.CyBle_Get16ByPtr
                0x00000f54       0x24 .\CortexM0\ARM_GCC_484\Debug\BLE Lab 3.a(BLE_1.o)
                0x00000f54                CyBle_Get16ByPtr
 .text.CyBle_GattsWriteEventHandler
                0x00000f78       0xa0 .\CortexM0\ARM_GCC_484\Debug\BLE Lab 3.a(BLE_1_gatt.o)
                0x00000f78                CyBle_GattsWriteEventHandler
 .text.CyBle_WriteReqHandler
                0x00001018       0x98 .\CortexM0\ARM_GCC_484\Debug\BLE Lab 3.a(BLE_1_eventHandler.o)
 .text.CyBle_ValueConfirmation
                0x000010b0       0x10 .\CortexM0\ARM_GCC_484\Debug\BLE Lab 3.a(BLE_1_eventHandler.o)
 .text.CyBle_GattDisconnectEventHandler
                0x000010c0       0x18 .\CortexM0\ARM_GCC_484\Debug\BLE Lab 3.a(BLE_1_eventHandler.o)
 .text.CyBle_TimeOutEventHandler
                0x000010d8       0x10 .\CortexM0\ARM_GCC_484\Debug\BLE Lab 3.a(BLE_1_eventHandler.o)
 .text.CyBle_GattConnectReqHandler
                0x000010e8        0x8 .\CortexM0\ARM_GCC_484\Debug\BLE Lab 3.a(BLE_1_eventHandler.o)
 .text.CyBle_IsDeviceAddressValid
                0x000010f0       0x60 .\CortexM0\ARM_GCC_484\Debug\BLE Lab 3.a(BLE_1_eventHandler.o)
 .text.CyBle_L2Cap_ConnParamUpdateRspEventHandler
                0x00001150       0x14 .\CortexM0\ARM_GCC_484\Debug\BLE Lab 3.a(BLE_1_eventHandler.o)
 .text.CyBle_GapConnUpdateCompleteEventHandler
                0x00001164       0x10 .\CortexM0\ARM_GCC_484\Debug\BLE Lab 3.a(BLE_1_eventHandler.o)
 .text.CyBle_EventHandler
                0x00001174      0x288 .\CortexM0\ARM_GCC_484\Debug\BLE Lab 3.a(BLE_1_eventHandler.o)
                0x00001174                CyBle_EventHandler
 .text.CyBle_DisInit
                0x000013fc        0x8 .\CortexM0\ARM_GCC_484\Debug\BLE Lab 3.a(BLE_1_dis.o)
                0x000013fc                CyBle_DisInit
 .text.ADC_StartConvert
                0x00001404       0x14 .\CortexM0\ARM_GCC_484\Debug\BLE Lab 3.a(ADC.o)
                0x00001404                ADC_StartConvert
 .text.ADC_IsEndConversion
                0x00001418       0x48 .\CortexM0\ARM_GCC_484\Debug\BLE Lab 3.a(ADC.o)
                0x00001418                ADC_IsEndConversion
 .text.ADC_GetResult16
                0x00001460       0x44 .\CortexM0\ARM_GCC_484\Debug\BLE Lab 3.a(ADC.o)
                0x00001460                ADC_GetResult16
 *fill*         0x000014a4        0x4 
 .text          0x000014a8       0x20 .\CortexM0\ARM_GCC_484\Debug\BLE Lab 3.a(CyBootAsmGnu.o)
                0x000014a8                CyDelayCycles
                0x000014ba                CyEnterCriticalSection
                0x000014c2                CyExitCriticalSection
 .text.CySysClkWcoSetHighPowerMode
                0x000014c8       0x3c .\CortexM0\ARM_GCC_484\Debug\BLE Lab 3.a(CyLib.o)
 .text.CySysClkWcoSetLowPowerMode
                0x00001504       0x48 .\CortexM0\ARM_GCC_484\Debug\BLE Lab 3.a(CyLib.o)
 .text.CySysClkEcoStart
                0x0000154c       0x74 .\CortexM0\ARM_GCC_484\Debug\BLE Lab 3.a(CyLib.o)
                0x0000154c                CySysClkEcoStart
 .text.CySysClkEcoReadStatus
                0x000015c0       0x18 .\CortexM0\ARM_GCC_484\Debug\BLE Lab 3.a(CyLib.o)
                0x000015c0                CySysClkEcoReadStatus
 .text.CySysClkWcoStart
                0x000015d8       0x20 .\CortexM0\ARM_GCC_484\Debug\BLE Lab 3.a(CyLib.o)
                0x000015d8                CySysClkWcoStart
 .text.CySysClkWcoSetPowerMode
                0x000015f8       0x40 .\CortexM0\ARM_GCC_484\Debug\BLE Lab 3.a(CyLib.o)
                0x000015f8                CySysClkWcoSetPowerMode
 .text.CySysWdtLock
                0x00001638       0x34 .\CortexM0\ARM_GCC_484\Debug\BLE Lab 3.a(CyLib.o)
                0x00001638                CySysWdtLock
 .text.CySysWdtLocked
                0x0000166c       0x20 .\CortexM0\ARM_GCC_484\Debug\BLE Lab 3.a(CyLib.o)
 .text.CySysWdtUnlock
                0x0000168c       0x4c .\CortexM0\ARM_GCC_484\Debug\BLE Lab 3.a(CyLib.o)
                0x0000168c                CySysWdtUnlock
 .text.CySysWdtReadEnabledStatus
                0x000016d8       0x30 .\CortexM0\ARM_GCC_484\Debug\BLE Lab 3.a(CyLib.o)
                0x000016d8                CySysWdtReadEnabledStatus
 .text.CySysWdtWriteMode
                0x00001708       0x60 .\CortexM0\ARM_GCC_484\Debug\BLE Lab 3.a(CyLib.o)
                0x00001708                CySysWdtWriteMode
 .text.CySysWdtWriteClearOnMatch
                0x00001768       0x70 .\CortexM0\ARM_GCC_484\Debug\BLE Lab 3.a(CyLib.o)
                0x00001768                CySysWdtWriteClearOnMatch
 .text.CySysWdtEnable
                0x000017d8       0x64 .\CortexM0\ARM_GCC_484\Debug\BLE Lab 3.a(CyLib.o)
                0x000017d8                CySysWdtEnable
 .text.CySysWdtWriteMatch
                0x0000183c       0x90 .\CortexM0\ARM_GCC_484\Debug\BLE Lab 3.a(CyLib.o)
                0x0000183c                CySysWdtWriteMatch
 .text.CySysWdtClearInterrupt
                0x000018cc       0x6c .\CortexM0\ARM_GCC_484\Debug\BLE Lab 3.a(CyLib.o)
                0x000018cc                CySysWdtClearInterrupt
 .text.CyIntSetVector
                0x00001938       0x4c .\CortexM0\ARM_GCC_484\Debug\BLE Lab 3.a(CyLib.o)
                0x00001938                CyIntSetVector
 .text.CyIntEnable
                0x00001984       0x2c .\CortexM0\ARM_GCC_484\Debug\BLE Lab 3.a(CyLib.o)
                0x00001984                CyIntEnable
 .text.CyHalt   0x000019b0       0x14 .\CortexM0\ARM_GCC_484\Debug\BLE Lab 3.a(CyLib.o)
                0x000019b0                CyHalt
 .text.CyDelay  0x000019c4       0x48 .\CortexM0\ARM_GCC_484\Debug\BLE Lab 3.a(CyLib.o)
                0x000019c4                CyDelay
 .text.CyDelayUs
                0x00001a0c       0x28 .\CortexM0\ARM_GCC_484\Debug\BLE Lab 3.a(CyLib.o)
                0x00001a0c                CyDelayUs
 .text.CySysPmSleep
                0x00001a34       0x34 .\CortexM0\ARM_GCC_484\Debug\BLE Lab 3.a(cyPm.o)
                0x00001a34                CySysPmSleep
 .text.CySysPmHibernate
                0x00001a68       0x6c .\CortexM0\ARM_GCC_484\Debug\BLE Lab 3.a(cyPm.o)
                0x00001a68                CySysPmHibernate
 .text.PWM_Init
                0x00001ad4       0x58 .\CortexM0\ARM_GCC_484\Debug\BLE Lab 3.a(PWM.o)
                0x00001ad4                PWM_Init
 .text.PWM_Enable
                0x00001b2c       0x38 .\CortexM0\ARM_GCC_484\Debug\BLE Lab 3.a(PWM.o)
                0x00001b2c                PWM_Enable
 .text.PWM_Start
                0x00001b64       0x24 .\CortexM0\ARM_GCC_484\Debug\BLE Lab 3.a(PWM.o)
                0x00001b64                PWM_Start
 .text.PWM_WriteCounter
                0x00001b88       0x1c .\CortexM0\ARM_GCC_484\Debug\BLE Lab 3.a(PWM.o)
                0x00001b88                PWM_WriteCounter
 .text.PWM_ReadCounter
                0x00001ba4       0x18 .\CortexM0\ARM_GCC_484\Debug\BLE Lab 3.a(PWM.o)
                0x00001ba4                PWM_ReadCounter
 .text.PWM_WritePeriod
                0x00001bbc       0x1c .\CortexM0\ARM_GCC_484\Debug\BLE Lab 3.a(PWM.o)
                0x00001bbc                PWM_WritePeriod
 .text.PWM_WriteCompare
                0x00001bd8       0x1c .\CortexM0\ARM_GCC_484\Debug\BLE Lab 3.a(PWM.o)
                0x00001bd8                PWM_WriteCompare
 .text.PWM_ReadCompare
                0x00001bf4       0x18 .\CortexM0\ARM_GCC_484\Debug\BLE Lab 3.a(PWM.o)
                0x00001bf4                PWM_ReadCompare
 .text.PWM_TriggerCommand
                0x00001c0c       0x3c .\CortexM0\ARM_GCC_484\Debug\BLE Lab 3.a(PWM.o)
                0x00001c0c                PWM_TriggerCommand
 .text.PWM_SetInterruptMode
                0x00001c48       0x18 .\CortexM0\ARM_GCC_484\Debug\BLE Lab 3.a(PWM.o)
                0x00001c48                PWM_SetInterruptMode
 .text.CyBLE_Bless_LlRegWrite
                0x00001c60       0x1c .\CortexM0\ARM_GCC_484\Debug\BLE Lab 3.a(BLE_1_HAL_PVT.o)
                0x00001c60                CyBLE_Bless_LlRegWrite
 .text.CyBLE_Bless_RfRegWrite
                0x00001c7c       0x1c .\CortexM0\ARM_GCC_484\Debug\BLE Lab 3.a(BLE_1_HAL_PVT.o)
                0x00001c7c                CyBLE_Bless_RfRegWrite
 .text.CyBleHal_DelayUs
                0x00001c98       0x1c .\CortexM0\ARM_GCC_484\Debug\BLE Lab 3.a(BLE_1_HAL_PVT.o)
                0x00001c98                CyBleHal_DelayUs
 .text.CyBleHal_EnableGlobalInterrupts
                0x00001cb4        0xc .\CortexM0\ARM_GCC_484\Debug\BLE Lab 3.a(BLE_1_HAL_PVT.o)
                0x00001cb4                CyBleHal_EnableGlobalInterrupts
 .text.CyBleHal_DisableGlobalInterrupts
                0x00001cc0        0xc .\CortexM0\ARM_GCC_484\Debug\BLE Lab 3.a(BLE_1_HAL_PVT.o)
                0x00001cc0                CyBleHal_DisableGlobalInterrupts
 .text.CyBle_HalInit
                0x00001ccc       0x20 .\CortexM0\ARM_GCC_484\Debug\BLE Lab 3.a(BLE_1_HAL_PVT.o)
                0x00001ccc                CyBle_HalInit
 .text.CYBLE_BlessStart
                0x00001cec       0x14 .\CortexM0\ARM_GCC_484\Debug\BLE Lab 3.a(BLE_1_HAL_PVT.o)
                0x00001cec                CYBLE_BlessStart
 .text.BLE_1_bless_isr_StartEx
                0x00001d00       0x24 .\CortexM0\ARM_GCC_484\Debug\BLE Lab 3.a(BLE_1_bless_isr.o)
                0x00001d00                BLE_1_bless_isr_StartEx
 .text.BLE_1_bless_isr_SetVector
                0x00001d24       0x18 .\CortexM0\ARM_GCC_484\Debug\BLE Lab 3.a(BLE_1_bless_isr.o)
                0x00001d24                BLE_1_bless_isr_SetVector
 .text.BLE_1_bless_isr_SetPriority
                0x00001d3c       0x50 .\CortexM0\ARM_GCC_484\Debug\BLE Lab 3.a(BLE_1_bless_isr.o)
                0x00001d3c                BLE_1_bless_isr_SetPriority
 .text.BLE_1_bless_isr_Enable
                0x00001d8c       0x14 .\CortexM0\ARM_GCC_484\Debug\BLE Lab 3.a(BLE_1_bless_isr.o)
                0x00001d8c                BLE_1_bless_isr_Enable
 .text.BLE_1_bless_isr_Disable
                0x00001da0       0x14 .\CortexM0\ARM_GCC_484\Debug\BLE Lab 3.a(BLE_1_bless_isr.o)
                0x00001da0                BLE_1_bless_isr_Disable
 .text.CyBLE_Bless_Interrupt
                0x00001db4        0xc .\CortexM0\ARM_GCC_484\Debug\BLE Lab 3.a(BLE_1_HAL_INT.o)
                0x00001db4                CyBLE_Bless_Interrupt
 .text          0x00001dc0       0x9c d:/program files(x86)/cypress/psoc creator/3.1/psoc creator/import/gnu_cs/arm/4.8.4/bin/../lib/gcc/arm-none-eabi/4.8.4/armv6-m\libgcc.a(_udivsi3.o)
                0x00001dc0                __aeabi_uidiv
                0x00001dc0                __udivsi3
                0x00001e48                __aeabi_uidivmod
 .text          0x00001e5c       0xc0 d:/program files(x86)/cypress/psoc creator/3.1/psoc creator/import/gnu_cs/arm/4.8.4/bin/../lib/gcc/arm-none-eabi/4.8.4/armv6-m\libgcc.a(_divsi3.o)
                0x00001e5c                __divsi3
                0x00001e5c                __aeabi_idiv
                0x00001f08                __aeabi_idivmod
 .text          0x00001f1c        0x4 d:/program files(x86)/cypress/psoc creator/3.1/psoc creator/import/gnu_cs/arm/4.8.4/bin/../lib/gcc/arm-none-eabi/4.8.4/armv6-m\libgcc.a(_dvmd_tls.o)
                0x00001f1c                __aeabi_idiv0
                0x00001f1c                __aeabi_ldiv0
 .text.__libc_init_array
                0x00001f20       0x4c d:/program files(x86)/cypress/psoc creator/3.1/psoc creator/import/gnu_cs/arm/4.8.4/bin/../lib/gcc/arm-none-eabi/4.8.4/../../../../arm-none-eabi/lib/armv6-m\libg_s.a(lib_a-init.o)
                0x00001f20                __libc_init_array
 .text.memcmp   0x00001f6c       0x1e d:/program files(x86)/cypress/psoc creator/3.1/psoc creator/import/gnu_cs/arm/4.8.4/bin/../lib/gcc/arm-none-eabi/4.8.4/../../../../arm-none-eabi/lib/armv6-m\libg_s.a(lib_a-memcmp.o)
                0x00001f6c                memcmp
 .text.memcpy   0x00001f8a       0x12 d:/program files(x86)/cypress/psoc creator/3.1/psoc creator/import/gnu_cs/arm/4.8.4/bin/../lib/gcc/arm-none-eabi/4.8.4/../../../../arm-none-eabi/lib/armv6-m\libg_s.a(lib_a-memcpy-stub.o)
                0x00001f8a                memcpy
 .text.memset   0x00001f9c       0x10 d:/program files(x86)/cypress/psoc creator/3.1/psoc creator/import/gnu_cs/arm/4.8.4/bin/../lib/gcc/arm-none-eabi/4.8.4/../../../../arm-none-eabi/lib/armv6-m\libg_s.a(lib_a-memset.o)
                0x00001f9c                memset
 *(.plt)
 *(.gnu.warning)
 *(.glue_7t)
 .glue_7t       0x00000000        0x0 linker stubs
 *(.glue_7)
 .glue_7        0x00000000        0x0 linker stubs
 *(.vfp11_veneer)
 .vfp11_veneer  0x00000000        0x0 linker stubs
 *(.bootloader)
 *(.ARM.extab* .gnu.linkonce.armextab.*)
 *(.gcc_except_table)

.v4_bx          0x00001fac        0x0
 .v4_bx         0x00000000        0x0 linker stubs

.iplt           0x00001fac        0x0
 .iplt          0x00000000        0x0 d:/program files(x86)/cypress/psoc creator/3.1/psoc creator/import/gnu_cs/arm/4.8.4/bin/../lib/gcc/arm-none-eabi/4.8.4/armv6-m/crtbegin.o

i.CyBle_EnterLPM
                0x00001fac        0x8
 i.CyBle_EnterLPM
                0x00001fac        0x8 D:\Program Files(x86)\Cypress\PSoC Creator\3.1\PSoC Creator\psoc\content\cycomponentlibraryupdates\CyComponentLibraryUpdates.cylib\BLE_v1_10\Library\gccCyBLEStack_BLE_SOC_PERIPHERAL.a(CyBle.o)
                0x00001fac                CyBle_EnterLPM

i.CyBle_ExitLPM
                0x00001fb4        0x8
 i.CyBle_ExitLPM
                0x00001fb4        0x8 D:\Program Files(x86)\Cypress\PSoC Creator\3.1\PSoC Creator\psoc\content\cycomponentlibraryupdates\CyComponentLibraryUpdates.cylib\BLE_v1_10\Library\gccCyBLEStack_BLE_SOC_PERIPHERAL.a(CyBle.o)
                0x00001fb4                CyBle_ExitLPM

i.CyBle_ProcessEvents
                0x00001fbc        0x8
 i.CyBle_ProcessEvents
                0x00001fbc        0x8 D:\Program Files(x86)\Cypress\PSoC Creator\3.1\PSoC Creator\psoc\content\cycomponentlibraryupdates\CyComponentLibraryUpdates.cylib\BLE_v1_10\Library\gccCyBLEStack_BLE_SOC_PERIPHERAL.a(CyBle.o)
                0x00001fbc                CyBle_ProcessEvents

i.CyBle_SetDeviceAddress
                0x00001fc4       0x24
 i.CyBle_SetDeviceAddress
                0x00001fc4       0x24 D:\Program Files(x86)\Cypress\PSoC Creator\3.1\PSoC Creator\psoc\content\cycomponentlibraryupdates\CyComponentLibraryUpdates.cylib\BLE_v1_10\Library\gccCyBLEStack_BLE_SOC_PERIPHERAL.a(CyBle.o)
                0x00001fc4                CyBle_SetDeviceAddress

i.CyBle_Shutdown
                0x00001fe8       0x28
 i.CyBle_Shutdown
                0x00001fe8       0x28 D:\Program Files(x86)\Cypress\PSoC Creator\3.1\PSoC Creator\psoc\content\cycomponentlibraryupdates\CyComponentLibraryUpdates.cylib\BLE_v1_10\Library\gccCyBLEStack_BLE_SOC_PERIPHERAL.a(CyBle.o)
                0x00001fe8                CyBle_Shutdown

i.CyBle_StackInit
                0x00002010       0x84
 i.CyBle_StackInit
                0x00002010       0x84 D:\Program Files(x86)\Cypress\PSoC Creator\3.1\PSoC Creator\psoc\content\cycomponentlibraryupdates\CyComponentLibraryUpdates.cylib\BLE_v1_10\Library\gccCyBLEStack_BLE_SOC_PERIPHERAL.a(CyBle.o)
                0x00002010                CyBle_StackInit

i.CyBleStackMgr_BleGetConfigData
                0x00002094        0x4
 i.CyBleStackMgr_BleGetConfigData
                0x00002094        0x4 D:\Program Files(x86)\Cypress\PSoC Creator\3.1\PSoC Creator\psoc\content\cycomponentlibraryupdates\CyComponentLibraryUpdates.cylib\BLE_v1_10\Library\gccCyBLEStack_BLE_SOC_PERIPHERAL.a(CyBleStackMgrIP_Interface.o)
                0x00002094                CyBleStackMgr_BleGetConfigData

i.CyBleStackMgr_BleSetConfigData
                0x00002098        0x4
 i.CyBleStackMgr_BleSetConfigData
                0x00002098        0x4 D:\Program Files(x86)\Cypress\PSoC Creator\3.1\PSoC Creator\psoc\content\cycomponentlibraryupdates\CyComponentLibraryUpdates.cylib\BLE_v1_10\Library\gccCyBLEStack_BLE_SOC_PERIPHERAL.a(CyBleStackMgrIP_Interface.o)
                0x00002098                CyBleStackMgr_BleSetConfigData

i.CyBleStackMgr_Init
                0x0000209c      0x104
 i.CyBleStackMgr_Init
                0x0000209c      0x104 D:\Program Files(x86)\Cypress\PSoC Creator\3.1\PSoC Creator\psoc\content\cycomponentlibraryupdates\CyComponentLibraryUpdates.cylib\BLE_v1_10\Library\gccCyBLEStack_BLE_SOC_PERIPHERAL.a(CyBleStackMgrIP_Interface.o)
                0x0000209c                CyBleStackMgr_Init

i.CyBleStackMgr_ProcessBleEvents
                0x000021a0       0x14
 i.CyBleStackMgr_ProcessBleEvents
                0x000021a0       0x14 D:\Program Files(x86)\Cypress\PSoC Creator\3.1\PSoC Creator\psoc\content\cycomponentlibraryupdates\CyComponentLibraryUpdates.cylib\BLE_v1_10\Library\gccCyBLEStack_BLE_SOC_PERIPHERAL.a(CyBleStackMgrIP_Interface.o)
                0x000021a0                CyBleStackMgr_ProcessBleEvents

i.CyBleStackMgr_Reset
                0x000021b4       0x16
 i.CyBleStackMgr_Reset
                0x000021b4       0x16 D:\Program Files(x86)\Cypress\PSoC Creator\3.1\PSoC Creator\psoc\content\cycomponentlibraryupdates\CyComponentLibraryUpdates.cylib\BLE_v1_10\Library\gccCyBLEStack_BLE_SOC_PERIPHERAL.a(CyBleStackMgrIP_Interface.o)
                0x000021b4                CyBleStackMgr_Reset

i.CyBleStackMgr_Shutdown
                0x000021cc       0x18
 i.CyBleStackMgr_Shutdown
                0x000021cc       0x18 D:\Program Files(x86)\Cypress\PSoC Creator\3.1\PSoC Creator\psoc\content\cycomponentlibraryupdates\CyComponentLibraryUpdates.cylib\BLE_v1_10\Library\gccCyBLEStack_BLE_SOC_PERIPHERAL.a(CyBleStackMgrIP_Interface.o)
                0x000021cc                CyBleStackMgr_Shutdown

i.ble_stack_idle_task_callback
                0x000021e4        0x2
 i.ble_stack_idle_task_callback
                0x000021e4        0x2 D:\Program Files(x86)\Cypress\PSoC Creator\3.1\PSoC Creator\psoc\content\cycomponentlibraryupdates\CyComponentLibraryUpdates.cylib\BLE_v1_10\Library\gccCyBLEStack_BLE_SOC_PERIPHERAL.a(CyBleStackMgrIP_Interface.o)
                0x000021e4                ble_stack_idle_task_callback

i.BT_OSFreeBuf  0x000021e8       0x18
 i.BT_OSFreeBuf
                0x000021e8       0x18 D:\Program Files(x86)\Cypress\PSoC Creator\3.1\PSoC Creator\psoc\content\cycomponentlibraryupdates\CyComponentLibraryUpdates.cylib\BLE_v1_10\Library\gccCyBLEStack_BLE_SOC_PERIPHERAL.a(BT_os.o)
                0x000021e8                BT_OSFreeBuf

i.BT_OSGetBuF   0x00002200       0x1c
 i.BT_OSGetBuF  0x00002200       0x1c D:\Program Files(x86)\Cypress\PSoC Creator\3.1\PSoC Creator\psoc\content\cycomponentlibraryupdates\CyComponentLibraryUpdates.cylib\BLE_v1_10\Library\gccCyBLEStack_BLE_SOC_PERIPHERAL.a(BT_os.o)
                0x00002200                BT_OSGetBuF

i.BT_OSMemCreate
                0x0000221c       0x1c
 i.BT_OSMemCreate
                0x0000221c       0x1c D:\Program Files(x86)\Cypress\PSoC Creator\3.1\PSoC Creator\psoc\content\cycomponentlibraryupdates\CyComponentLibraryUpdates.cylib\BLE_v1_10\Library\gccCyBLEStack_BLE_SOC_PERIPHERAL.a(BT_os.o)
                0x0000221c                BT_OSMemCreate

i.BT_alloc_mem_ext
                0x00002238       0x34
 i.BT_alloc_mem_ext
                0x00002238       0x34 D:\Program Files(x86)\Cypress\PSoC Creator\3.1\PSoC Creator\psoc\content\cycomponentlibraryupdates\CyComponentLibraryUpdates.cylib\BLE_v1_10\Library\gccCyBLEStack_BLE_SOC_PERIPHERAL.a(BT_os.o)
                0x00002238                BT_alloc_mem_ext

i.BT_free_mem   0x0000226c        0xc
 i.BT_free_mem  0x0000226c        0xc D:\Program Files(x86)\Cypress\PSoC Creator\3.1\PSoC Creator\psoc\content\cycomponentlibraryupdates\CyComponentLibraryUpdates.cylib\BLE_v1_10\Library\gccCyBLEStack_BLE_SOC_PERIPHERAL.a(BT_os.o)
                0x0000226c                BT_free_mem

i.bt_stack_init_os
                0x00002278       0x34
 i.bt_stack_init_os
                0x00002278       0x34 D:\Program Files(x86)\Cypress\PSoC Creator\3.1\PSoC Creator\psoc\content\cycomponentlibraryupdates\CyComponentLibraryUpdates.cylib\BLE_v1_10\Library\gccCyBLEStack_BLE_SOC_PERIPHERAL.a(BT_os.o)
                0x00002278                bt_stack_init_os

i.CyBle_CheckBleStackTaskStatus
                0x000022ac        0x4
 i.CyBle_CheckBleStackTaskStatus
                0x000022ac        0x4 D:\Program Files(x86)\Cypress\PSoC Creator\3.1\PSoC Creator\psoc\content\cycomponentlibraryupdates\CyComponentLibraryUpdates.cylib\BLE_v1_10\Library\gccCyBLEStack_BLE_SOC_PERIPHERAL.a(CyBleStackMgr_StackTaskHandler.o)
                0x000022ac                CyBle_CheckBleStackTaskStatus

i.CyBle_CreateBleStackTask
                0x000022b0       0x2c
 i.CyBle_CreateBleStackTask
                0x000022b0       0x2c D:\Program Files(x86)\Cypress\PSoC Creator\3.1\PSoC Creator\psoc\content\cycomponentlibraryupdates\CyComponentLibraryUpdates.cylib\BLE_v1_10\Library\gccCyBLEStack_BLE_SOC_PERIPHERAL.a(CyBleStackMgr_StackTaskHandler.o)
                0x000022b0                CyBle_CreateBleStackTask

i.CyBle_SignalBleStackTask
                0x000022dc       0x50
 i.CyBle_SignalBleStackTask
                0x000022dc       0x50 D:\Program Files(x86)\Cypress\PSoC Creator\3.1\PSoC Creator\psoc\content\cycomponentlibraryupdates\CyComponentLibraryUpdates.cylib\BLE_v1_10\Library\gccCyBLEStack_BLE_SOC_PERIPHERAL.a(CyBleStackMgr_StackTaskHandler.o)
                0x000022dc                CyBle_SignalBleStackTask

i.CyBle_StackTaskHandler
                0x0000232c       0x5c
 i.CyBle_StackTaskHandler
                0x0000232c       0x5c D:\Program Files(x86)\Cypress\PSoC Creator\3.1\PSoC Creator\psoc\content\cycomponentlibraryupdates\CyComponentLibraryUpdates.cylib\BLE_v1_10\Library\gccCyBLEStack_BLE_SOC_PERIPHERAL.a(CyBleStackMgr_StackTaskHandler.o)
                0x0000232c                CyBle_StackTaskHandler

i.__ARM_common_switch8
                0x00002388       0x1a
 i.__ARM_common_switch8
                0x00002388       0x1a D:\Program Files(x86)\Cypress\PSoC Creator\3.1\PSoC Creator\psoc\content\cycomponentlibraryupdates\CyComponentLibraryUpdates.cylib\BLE_v1_10\Library\gccCyBLEStack_BLE_SOC_PERIPHERAL.a(CyBleStackMgr_StackTaskHandler.o)
                0x00002388                __ARM_common_switch8

i.hci_soft_transport_notify_data_received
                0x000023a4        0xc
 i.hci_soft_transport_notify_data_received
                0x000023a4        0xc D:\Program Files(x86)\Cypress\PSoC Creator\3.1\PSoC Creator\psoc\content\cycomponentlibraryupdates\CyComponentLibraryUpdates.cylib\BLE_v1_10\Library\gccCyBLEStack_BLE_SOC_PERIPHERAL.a(transport_sf.o)
                0x000023a4                hci_soft_transport_notify_data_received

i.hci_soft_transport_rx_data
                0x000023b0       0x30
 i.hci_soft_transport_rx_data
                0x000023b0       0x30 D:\Program Files(x86)\Cypress\PSoC Creator\3.1\PSoC Creator\psoc\content\cycomponentlibraryupdates\CyComponentLibraryUpdates.cylib\BLE_v1_10\Library\gccCyBLEStack_BLE_SOC_PERIPHERAL.a(transport_sf.o)
                0x000023b0                hci_soft_transport_rx_data

i.hci_transport_bt_init
                0x000023e0        0x2
 i.hci_transport_bt_init
                0x000023e0        0x2 D:\Program Files(x86)\Cypress\PSoC Creator\3.1\PSoC Creator\psoc\content\cycomponentlibraryupdates\CyComponentLibraryUpdates.cylib\BLE_v1_10\Library\gccCyBLEStack_BLE_SOC_PERIPHERAL.a(transport_sf.o)
                0x000023e0                hci_transport_bt_init

i.hci_transport_bt_shutdown
                0x000023e2        0x2
 i.hci_transport_bt_shutdown
                0x000023e2        0x2 D:\Program Files(x86)\Cypress\PSoC Creator\3.1\PSoC Creator\psoc\content\cycomponentlibraryupdates\CyComponentLibraryUpdates.cylib\BLE_v1_10\Library\gccCyBLEStack_BLE_SOC_PERIPHERAL.a(transport_sf.o)
                0x000023e2                hci_transport_bt_shutdown

i.hci_transport_init
                0x000023e4       0x10
 i.hci_transport_init
                0x000023e4       0x10 D:\Program Files(x86)\Cypress\PSoC Creator\3.1\PSoC Creator\psoc\content\cycomponentlibraryupdates\CyComponentLibraryUpdates.cylib\BLE_v1_10\Library\gccCyBLEStack_BLE_SOC_PERIPHERAL.a(transport_sf.o)
                0x000023e4                hci_transport_init

i.hci_transport_write_data
                0x000023f4       0xd4
 i.hci_transport_write_data
                0x000023f4       0xd4 D:\Program Files(x86)\Cypress\PSoC Creator\3.1\PSoC Creator\psoc\content\cycomponentlibraryupdates\CyComponentLibraryUpdates.cylib\BLE_v1_10\Library\gccCyBLEStack_BLE_SOC_PERIPHERAL.a(transport_sf.o)
                0x000023f4                hci_transport_write_data

i.pf_hci_soft_transport_write
                0x000024c8       0x74
 i.pf_hci_soft_transport_write
                0x000024c8       0x74 D:\Program Files(x86)\Cypress\PSoC Creator\3.1\PSoC Creator\psoc\content\cycomponentlibraryupdates\CyComponentLibraryUpdates.cylib\BLE_v1_10\Library\gccCyBLEStack_BLE_SOC_PERIPHERAL.a(transport_sf.o)
                0x000024c8                pf_hci_soft_transport_write

i.pf_soft_hci_transport_init
                0x0000253c        0xc
 i.pf_soft_hci_transport_init
                0x0000253c        0xc D:\Program Files(x86)\Cypress\PSoC Creator\3.1\PSoC Creator\psoc\content\cycomponentlibraryupdates\CyComponentLibraryUpdates.cylib\BLE_v1_10\Library\gccCyBLEStack_BLE_SOC_PERIPHERAL.a(transport_sf.o)
                0x0000253c                pf_soft_hci_transport_init

i.CyBleStackMgr_GetTime
                0x00002548       0x14
 i.CyBleStackMgr_GetTime
                0x00002548       0x14 D:\Program Files(x86)\Cypress\PSoC Creator\3.1\PSoC Creator\psoc\content\cycomponentlibraryupdates\CyComponentLibraryUpdates.cylib\BLE_v1_10\Library\gccCyBLEStack_BLE_SOC_PERIPHERAL.a(CyBleStackMgr_PSoCHal.o)
                0x00002548                CyBleStackMgr_GetTime

i.CyBleStackMgr_HalInit
                0x0000255c       0x24
 i.CyBleStackMgr_HalInit
                0x0000255c       0x24 D:\Program Files(x86)\Cypress\PSoC Creator\3.1\PSoC Creator\psoc\content\cycomponentlibraryupdates\CyComponentLibraryUpdates.cylib\BLE_v1_10\Library\gccCyBLEStack_BLE_SOC_PERIPHERAL.a(CyBleStackMgr_PSoCHal.o)
                0x0000255c                CyBleStackMgr_HalInit

i.CyBleStackMgr_HalIntrEnable
                0x00002580        0x8
 i.CyBleStackMgr_HalIntrEnable
                0x00002580        0x8 D:\Program Files(x86)\Cypress\PSoC Creator\3.1\PSoC Creator\psoc\content\cycomponentlibraryupdates\CyComponentLibraryUpdates.cylib\BLE_v1_10\Library\gccCyBLEStack_BLE_SOC_PERIPHERAL.a(CyBleStackMgr_PSoCHal.o)
                0x00002580                CyBleStackMgr_HalIntrEnable

i.CyBleStackMgr_HalReset
                0x00002588        0x4
 i.CyBleStackMgr_HalReset
                0x00002588        0x4 D:\Program Files(x86)\Cypress\PSoC Creator\3.1\PSoC Creator\psoc\content\cycomponentlibraryupdates\CyComponentLibraryUpdates.cylib\BLE_v1_10\Library\gccCyBLEStack_BLE_SOC_PERIPHERAL.a(CyBleStackMgr_PSoCHal.o)
                0x00002588                CyBleStackMgr_HalReset

i.CyBleStackMgr_HandleLinkLayerTick
                0x0000258c       0x5c
 i.CyBleStackMgr_HandleLinkLayerTick
                0x0000258c       0x5c D:\Program Files(x86)\Cypress\PSoC Creator\3.1\PSoC Creator\psoc\content\cycomponentlibraryupdates\CyComponentLibraryUpdates.cylib\BLE_v1_10\Library\gccCyBLEStack_BLE_SOC_PERIPHERAL.a(CyBleStackMgr_PSoCHal.o)
                0x0000258c                CyBleStackMgr_HandleLinkLayerTick

i.CyBleStackMgr_HciPortInit
                0x000025e8        0xc
 i.CyBleStackMgr_HciPortInit
                0x000025e8        0xc D:\Program Files(x86)\Cypress\PSoC Creator\3.1\PSoC Creator\psoc\content\cycomponentlibraryupdates\CyComponentLibraryUpdates.cylib\BLE_v1_10\Library\gccCyBLEStack_BLE_SOC_PERIPHERAL.a(CyBleStackMgr_PSoCHal.o)
                0x000025e8                CyBleStackMgr_HciPortInit

i.CyBleStackMgr_HciPortReset
                0x000025f4        0x2
 i.CyBleStackMgr_HciPortReset
                0x000025f4        0x2 D:\Program Files(x86)\Cypress\PSoC Creator\3.1\PSoC Creator\psoc\content\cycomponentlibraryupdates\CyComponentLibraryUpdates.cylib\BLE_v1_10\Library\gccCyBLEStack_BLE_SOC_PERIPHERAL.a(CyBleStackMgr_PSoCHal.o)
                0x000025f4                CyBleStackMgr_HciPortReset

i.CyBleStackMgr_HciPortWrite
                0x000025f6        0x8
 i.CyBleStackMgr_HciPortWrite
                0x000025f6        0x8 D:\Program Files(x86)\Cypress\PSoC Creator\3.1\PSoC Creator\psoc\content\cycomponentlibraryupdates\CyComponentLibraryUpdates.cylib\BLE_v1_10\Library\gccCyBLEStack_BLE_SOC_PERIPHERAL.a(CyBleStackMgr_PSoCHal.o)
                0x000025f6                CyBleStackMgr_HciPortWrite

i.CyBleStackMgr_ResetLinkLayerTimerEntity
                0x00002600       0x14
 i.CyBleStackMgr_ResetLinkLayerTimerEntity
                0x00002600       0x14 D:\Program Files(x86)\Cypress\PSoC Creator\3.1\PSoC Creator\psoc\content\cycomponentlibraryupdates\CyComponentLibraryUpdates.cylib\BLE_v1_10\Library\gccCyBLEStack_BLE_SOC_PERIPHERAL.a(CyBleStackMgr_PSoCHal.o)
                0x00002600                CyBleStackMgr_ResetLinkLayerTimerEntity

i.CyBleStackMgr_TimerStart
                0x00002614       0x2c
 i.CyBleStackMgr_TimerStart
                0x00002614       0x2c D:\Program Files(x86)\Cypress\PSoC Creator\3.1\PSoC Creator\psoc\content\cycomponentlibraryupdates\CyComponentLibraryUpdates.cylib\BLE_v1_10\Library\gccCyBLEStack_BLE_SOC_PERIPHERAL.a(CyBleStackMgr_PSoCHal.o)
                0x00002614                CyBleStackMgr_TimerStart

i.CyBleStackMgr_TimerStop
                0x00002640       0x18
 i.CyBleStackMgr_TimerStop
                0x00002640       0x18 D:\Program Files(x86)\Cypress\PSoC Creator\3.1\PSoC Creator\psoc\content\cycomponentlibraryupdates\CyComponentLibraryUpdates.cylib\BLE_v1_10\Library\gccCyBLEStack_BLE_SOC_PERIPHERAL.a(CyBleStackMgr_PSoCHal.o)
                0x00002640                CyBleStackMgr_TimerStop

i.CyBleStackMgr_isTimerRunning
                0x00002658       0x10
 i.CyBleStackMgr_isTimerRunning
                0x00002658       0x10 D:\Program Files(x86)\Cypress\PSoC Creator\3.1\PSoC Creator\psoc\content\cycomponentlibraryupdates\CyComponentLibraryUpdates.cylib\BLE_v1_10\Library\gccCyBLEStack_BLE_SOC_PERIPHERAL.a(CyBleStackMgr_PSoCHal.o)
                0x00002658                CyBleStackMgr_isTimerRunning

i.CyBleAtlantisRadioInit
                0x00002668      0x1ac
 i.CyBleAtlantisRadioInit
                0x00002668      0x1ac D:\Program Files(x86)\Cypress\PSoC Creator\3.1\PSoC Creator\psoc\content\cycomponentlibraryupdates\CyComponentLibraryUpdates.cylib\BLE_v1_10\Library\gccCyBLEStack_BLE_SOC_PERIPHERAL.a(CyBleStackMgr_BleSSDriver.o)

i.CyBleStackMgr_BleSSFifoRead
                0x00002814       0x38
 i.CyBleStackMgr_BleSSFifoRead
                0x00002814       0x38 D:\Program Files(x86)\Cypress\PSoC Creator\3.1\PSoC Creator\psoc\content\cycomponentlibraryupdates\CyComponentLibraryUpdates.cylib\BLE_v1_10\Library\gccCyBLEStack_BLE_SOC_PERIPHERAL.a(CyBleStackMgr_BleSSDriver.o)
                0x00002814                CyBleStackMgr_BleSSFifoRead

i.CyBleStackMgr_BleSSFifoWrite
                0x0000284c       0x30
 i.CyBleStackMgr_BleSSFifoWrite
                0x0000284c       0x30 D:\Program Files(x86)\Cypress\PSoC Creator\3.1\PSoC Creator\psoc\content\cycomponentlibraryupdates\CyComponentLibraryUpdates.cylib\BLE_v1_10\Library\gccCyBLEStack_BLE_SOC_PERIPHERAL.a(CyBleStackMgr_BleSSDriver.o)
                0x0000284c                CyBleStackMgr_BleSSFifoWrite

i.CyBleStackMgr_BleSSInit
                0x0000287c       0x50
 i.CyBleStackMgr_BleSSInit
                0x0000287c       0x50 D:\Program Files(x86)\Cypress\PSoC Creator\3.1\PSoC Creator\psoc\content\cycomponentlibraryupdates\CyComponentLibraryUpdates.cylib\BLE_v1_10\Library\gccCyBLEStack_BLE_SOC_PERIPHERAL.a(CyBleStackMgr_BleSSDriver.o)
                0x0000287c                CyBleStackMgr_BleSSInit

i.CyBleStackMgr_BleSSMemRead
                0x000028cc       0x26
 i.CyBleStackMgr_BleSSMemRead
                0x000028cc       0x26 D:\Program Files(x86)\Cypress\PSoC Creator\3.1\PSoC Creator\psoc\content\cycomponentlibraryupdates\CyComponentLibraryUpdates.cylib\BLE_v1_10\Library\gccCyBLEStack_BLE_SOC_PERIPHERAL.a(CyBleStackMgr_BleSSDriver.o)
                0x000028cc                CyBleStackMgr_BleSSMemRead

i.CyBleStackMgr_BleSSMemWrite
                0x000028f4       0x34
 i.CyBleStackMgr_BleSSMemWrite
                0x000028f4       0x34 D:\Program Files(x86)\Cypress\PSoC Creator\3.1\PSoC Creator\psoc\content\cycomponentlibraryupdates\CyComponentLibraryUpdates.cylib\BLE_v1_10\Library\gccCyBLEStack_BLE_SOC_PERIPHERAL.a(CyBleStackMgr_BleSSDriver.o)
                0x000028f4                CyBleStackMgr_BleSSMemWrite

i.CyBleStackMgr_BleSSRegRead
                0x00002928        0xc
 i.CyBleStackMgr_BleSSRegRead
                0x00002928        0xc D:\Program Files(x86)\Cypress\PSoC Creator\3.1\PSoC Creator\psoc\content\cycomponentlibraryupdates\CyComponentLibraryUpdates.cylib\BLE_v1_10\Library\gccCyBLEStack_BLE_SOC_PERIPHERAL.a(CyBleStackMgr_BleSSDriver.o)
                0x00002928                CyBleStackMgr_BleSSRegRead

i.CyBleStackMgr_BleSSRegWrite
                0x00002934        0xc
 i.CyBleStackMgr_BleSSRegWrite
                0x00002934        0xc D:\Program Files(x86)\Cypress\PSoC Creator\3.1\PSoC Creator\psoc\content\cycomponentlibraryupdates\CyComponentLibraryUpdates.cylib\BLE_v1_10\Library\gccCyBLEStack_BLE_SOC_PERIPHERAL.a(CyBleStackMgr_BleSSDriver.o)
                0x00002934                CyBleStackMgr_BleSSRegWrite

i.CyBleStackMgr_BleSSReset
                0x00002940       0x2c
 i.CyBleStackMgr_BleSSReset
                0x00002940       0x2c D:\Program Files(x86)\Cypress\PSoC Creator\3.1\PSoC Creator\psoc\content\cycomponentlibraryupdates\CyComponentLibraryUpdates.cylib\BLE_v1_10\Library\gccCyBLEStack_BLE_SOC_PERIPHERAL.a(CyBleStackMgr_BleSSDriver.o)
                0x00002940                CyBleStackMgr_BleSSReset

i.CyBleStackMgr_BleSSShutdown
                0x0000296c       0x24
 i.CyBleStackMgr_BleSSShutdown
                0x0000296c       0x24 D:\Program Files(x86)\Cypress\PSoC Creator\3.1\PSoC Creator\psoc\content\cycomponentlibraryupdates\CyComponentLibraryUpdates.cylib\BLE_v1_10\Library\gccCyBLEStack_BLE_SOC_PERIPHERAL.a(CyBleStackMgr_BleSSDriver.o)
                0x0000296c                CyBleStackMgr_BleSSShutdown

i.CyBleStackMgr_GenericIface
                0x00002990       0x3c
 i.CyBleStackMgr_GenericIface
                0x00002990       0x3c D:\Program Files(x86)\Cypress\PSoC Creator\3.1\PSoC Creator\psoc\content\cycomponentlibraryupdates\CyComponentLibraryUpdates.cylib\BLE_v1_10\Library\gccCyBLEStack_BLE_SOC_PERIPHERAL.a(CyBleStackMgr_BleSSDriver.o)
                0x00002990                CyBleStackMgr_GenericIface

i.CyBleStackMgr_HandleBleSSIntr
                0x000029cc       0x94
 i.CyBleStackMgr_HandleBleSSIntr
                0x000029cc       0x94 D:\Program Files(x86)\Cypress\PSoC Creator\3.1\PSoC Creator\psoc\content\cycomponentlibraryupdates\CyComponentLibraryUpdates.cylib\BLE_v1_10\Library\gccCyBLEStack_BLE_SOC_PERIPHERAL.a(CyBleStackMgr_BleSSDriver.o)
                0x000029cc                CyBleStackMgr_HandleBleSSIntr

i.CyBleStackMgr_SetClockParam
                0x00002a60       0xb4
 i.CyBleStackMgr_SetClockParam
                0x00002a60       0xb4 D:\Program Files(x86)\Cypress\PSoC Creator\3.1\PSoC Creator\psoc\content\cycomponentlibraryupdates\CyComponentLibraryUpdates.cylib\BLE_v1_10\Library\gccCyBLEStack_BLE_SOC_PERIPHERAL.a(CyBleStackMgr_BleSSDriver.o)

i.CyBleStackMgr_isXtalCpuClkSource
                0x00002b14       0x18
 i.CyBleStackMgr_isXtalCpuClkSource
                0x00002b14       0x18 D:\Program Files(x86)\Cypress\PSoC Creator\3.1\PSoC Creator\psoc\content\cycomponentlibraryupdates\CyComponentLibraryUpdates.cylib\BLE_v1_10\Library\gccCyBLEStack_BLE_SOC_PERIPHERAL.a(CyBleStackMgr_BleSSDriver.o)
                0x00002b14                CyBleStackMgr_isXtalCpuClkSource

i.CyBle_EnterDsmMode
                0x00002b2c       0x3c
 i.CyBle_EnterDsmMode
                0x00002b2c       0x3c D:\Program Files(x86)\Cypress\PSoC Creator\3.1\PSoC Creator\psoc\content\cycomponentlibraryupdates\CyComponentLibraryUpdates.cylib\BLE_v1_10\Library\gccCyBLEStack_BLE_SOC_PERIPHERAL.a(CyBleStackMgr_BleSSDriver.o)
                0x00002b2c                CyBle_EnterDsmMode

i.CyBle_ExitDsmMode
                0x00002b68       0x2c
 i.CyBle_ExitDsmMode
                0x00002b68       0x2c D:\Program Files(x86)\Cypress\PSoC Creator\3.1\PSoC Creator\psoc\content\cycomponentlibraryupdates\CyComponentLibraryUpdates.cylib\BLE_v1_10\Library\gccCyBLEStack_BLE_SOC_PERIPHERAL.a(CyBleStackMgr_BleSSDriver.o)
                0x00002b68                CyBle_ExitDsmMode

i.CyBle_GetBleSsOperationalMode
                0x00002b94        0xc
 i.CyBle_GetBleSsOperationalMode
                0x00002b94        0xc D:\Program Files(x86)\Cypress\PSoC Creator\3.1\PSoC Creator\psoc\content\cycomponentlibraryupdates\CyComponentLibraryUpdates.cylib\BLE_v1_10\Library\gccCyBLEStack_BLE_SOC_PERIPHERAL.a(CyBleStackMgr_BleSSDriver.o)
                0x00002b94                CyBle_GetBleSsOperationalMode

i.CyBle_GetLpMode
                0x00002ba0       0x26
 i.CyBle_GetLpMode
                0x00002ba0       0x26 D:\Program Files(x86)\Cypress\PSoC Creator\3.1\PSoC Creator\psoc\content\cycomponentlibraryupdates\CyComponentLibraryUpdates.cylib\BLE_v1_10\Library\gccCyBLEStack_BLE_SOC_PERIPHERAL.a(CyBleStackMgr_BleSSDriver.o)
                0x00002ba0                CyBle_GetLpMode

i.CyBle_GetTxGainMode
                0x00002bc8       0x2c
 i.CyBle_GetTxGainMode
                0x00002bc8       0x2c D:\Program Files(x86)\Cypress\PSoC Creator\3.1\PSoC Creator\psoc\content\cycomponentlibraryupdates\CyComponentLibraryUpdates.cylib\BLE_v1_10\Library\gccCyBLEStack_BLE_SOC_PERIPHERAL.a(CyBleStackMgr_BleSSDriver.o)
                0x00002bc8                CyBle_GetTxGainMode

i.CyBle_SetAutoWakeUp
                0x00002bf4        0xc
 i.CyBle_SetAutoWakeUp
                0x00002bf4        0xc D:\Program Files(x86)\Cypress\PSoC Creator\3.1\PSoC Creator\psoc\content\cycomponentlibraryupdates\CyComponentLibraryUpdates.cylib\BLE_v1_10\Library\gccCyBLEStack_BLE_SOC_PERIPHERAL.a(CyBleStackMgr_BleSSDriver.o)
                0x00002bf4                CyBle_SetAutoWakeUp

i.CyBle_SetBleSsOperationalMode
                0x00002c00       0x20
 i.CyBle_SetBleSsOperationalMode
                0x00002c00       0x20 D:\Program Files(x86)\Cypress\PSoC Creator\3.1\PSoC Creator\psoc\content\cycomponentlibraryupdates\CyComponentLibraryUpdates.cylib\BLE_v1_10\Library\gccCyBLEStack_BLE_SOC_PERIPHERAL.a(CyBleStackMgr_BleSSDriver.o)
                0x00002c00                CyBle_SetBleSsOperationalMode

i.CyBle_SetEventCloseState
                0x00002c20        0xc
 i.CyBle_SetEventCloseState
                0x00002c20        0xc D:\Program Files(x86)\Cypress\PSoC Creator\3.1\PSoC Creator\psoc\content\cycomponentlibraryupdates\CyComponentLibraryUpdates.cylib\BLE_v1_10\Library\gccCyBLEStack_BLE_SOC_PERIPHERAL.a(CyBleStackMgr_BleSSDriver.o)
                0x00002c20                CyBle_SetEventCloseState

i.CyBle_SetTxGainMode
                0x00002c2c       0x38
 i.CyBle_SetTxGainMode
                0x00002c2c       0x38 D:\Program Files(x86)\Cypress\PSoC Creator\3.1\PSoC Creator\psoc\content\cycomponentlibraryupdates\CyComponentLibraryUpdates.cylib\BLE_v1_10\Library\gccCyBLEStack_BLE_SOC_PERIPHERAL.a(CyBleStackMgr_BleSSDriver.o)
                0x00002c2c                CyBle_SetTxGainMode

i.pf_rf_get_abs_rssi
                0x00002c64       0x24
 i.pf_rf_get_abs_rssi
                0x00002c64       0x24 D:\Program Files(x86)\Cypress\PSoC Creator\3.1\PSoC Creator\psoc\content\cycomponentlibraryupdates\CyComponentLibraryUpdates.cylib\BLE_v1_10\Library\gccCyBLEStack_BLE_SOC_PERIPHERAL.a(CyBleStackMgr_BleSSDriver.o)
                0x00002c64                pf_rf_get_abs_rssi

i.OS_init       0x00002c88       0x64
 i.OS_init      0x00002c88       0x64 D:\Program Files(x86)\Cypress\PSoC Creator\3.1\PSoC Creator\psoc\content\cycomponentlibraryupdates\CyComponentLibraryUpdates.cylib\BLE_v1_10\Library\gccCyBLEStack_BLE_SOC_PERIPHERAL.a(mint_os.o)
                0x00002c88                OS_init

i.OS_shutdown   0x00002cec        0x4
 i.OS_shutdown  0x00002cec        0x4 D:\Program Files(x86)\Cypress\PSoC Creator\3.1\PSoC Creator\psoc\content\cycomponentlibraryupdates\CyComponentLibraryUpdates.cylib\BLE_v1_10\Library\gccCyBLEStack_BLE_SOC_PERIPHERAL.a(mint_os.o)
                0x00002cec                OS_shutdown

i.mintos_malloc
                0x00002cf0       0x34
 i.mintos_malloc
                0x00002cf0       0x34 D:\Program Files(x86)\Cypress\PSoC Creator\3.1\PSoC Creator\psoc\content\cycomponentlibraryupdates\CyComponentLibraryUpdates.cylib\BLE_v1_10\Library\gccCyBLEStack_BLE_SOC_PERIPHERAL.a(mint_os.o)
                0x00002cf0                mintos_malloc

i.OS_create_queue
                0x00002d24       0x64
 i.OS_create_queue
                0x00002d24       0x64 D:\Program Files(x86)\Cypress\PSoC Creator\3.1\PSoC Creator\psoc\content\cycomponentlibraryupdates\CyComponentLibraryUpdates.cylib\BLE_v1_10\Library\gccCyBLEStack_BLE_SOC_PERIPHERAL.a(mint_os_queue.o)
                0x00002d24                OS_create_queue

i.OS_enqueue_item
                0x00002d88       0x8c
 i.OS_enqueue_item
                0x00002d88       0x8c D:\Program Files(x86)\Cypress\PSoC Creator\3.1\PSoC Creator\psoc\content\cycomponentlibraryupdates\CyComponentLibraryUpdates.cylib\BLE_v1_10\Library\gccCyBLEStack_BLE_SOC_PERIPHERAL.a(mint_os_queue.o)
                0x00002d88                OS_enqueue_item

i.OS_queue_get_num_of_items
                0x00002e14       0x28
 i.OS_queue_get_num_of_items
                0x00002e14       0x28 D:\Program Files(x86)\Cypress\PSoC Creator\3.1\PSoC Creator\psoc\content\cycomponentlibraryupdates\CyComponentLibraryUpdates.cylib\BLE_v1_10\Library\gccCyBLEStack_BLE_SOC_PERIPHERAL.a(mint_os_queue.o)
                0x00002e14                OS_queue_get_num_of_items

i.OS_queue_mgmt_init
                0x00002e3c       0x40
 i.OS_queue_mgmt_init
                0x00002e3c       0x40 D:\Program Files(x86)\Cypress\PSoC Creator\3.1\PSoC Creator\psoc\content\cycomponentlibraryupdates\CyComponentLibraryUpdates.cylib\BLE_v1_10\Library\gccCyBLEStack_BLE_SOC_PERIPHERAL.a(mint_os_queue.o)
                0x00002e3c                OS_queue_mgmt_init

i.OS_remove_item
                0x00002e7c       0xa0
 i.OS_remove_item
                0x00002e7c       0xa0 D:\Program Files(x86)\Cypress\PSoC Creator\3.1\PSoC Creator\psoc\content\cycomponentlibraryupdates\CyComponentLibraryUpdates.cylib\BLE_v1_10\Library\gccCyBLEStack_BLE_SOC_PERIPHERAL.a(mint_os_queue.o)
                0x00002e7c                OS_remove_item

i.OS_create_task
                0x00002f1c       0x88
 i.OS_create_task
                0x00002f1c       0x88 D:\Program Files(x86)\Cypress\PSoC Creator\3.1\PSoC Creator\psoc\content\cycomponentlibraryupdates\CyComponentLibraryUpdates.cylib\BLE_v1_10\Library\gccCyBLEStack_BLE_SOC_PERIPHERAL.a(mint_os_task.o)
                0x00002f1c                OS_create_task

i.OS_isr_send_signal_to_task
                0x00002fa4        0xc
 i.OS_isr_send_signal_to_task
                0x00002fa4        0xc D:\Program Files(x86)\Cypress\PSoC Creator\3.1\PSoC Creator\psoc\content\cycomponentlibraryupdates\CyComponentLibraryUpdates.cylib\BLE_v1_10\Library\gccCyBLEStack_BLE_SOC_PERIPHERAL.a(mint_os_task.o)
                0x00002fa4                OS_isr_send_signal_to_task

i.OS_scheduler  0x00002fb0       0x64
 i.OS_scheduler
                0x00002fb0       0x64 D:\Program Files(x86)\Cypress\PSoC Creator\3.1\PSoC Creator\psoc\content\cycomponentlibraryupdates\CyComponentLibraryUpdates.cylib\BLE_v1_10\Library\gccCyBLEStack_BLE_SOC_PERIPHERAL.a(mint_os_task.o)
                0x00002fb0                OS_scheduler

i.OS_send_signal_to_task
                0x00003014        0xc
 i.OS_send_signal_to_task
                0x00003014        0xc D:\Program Files(x86)\Cypress\PSoC Creator\3.1\PSoC Creator\psoc\content\cycomponentlibraryupdates\CyComponentLibraryUpdates.cylib\BLE_v1_10\Library\gccCyBLEStack_BLE_SOC_PERIPHERAL.a(mint_os_task.o)
                0x00003014                OS_send_signal_to_task

i.OS_send_signal_to_task_context
                0x00003020       0x3c
 i.OS_send_signal_to_task_context
                0x00003020       0x3c D:\Program Files(x86)\Cypress\PSoC Creator\3.1\PSoC Creator\psoc\content\cycomponentlibraryupdates\CyComponentLibraryUpdates.cylib\BLE_v1_10\Library\gccCyBLEStack_BLE_SOC_PERIPHERAL.a(mint_os_task.o)

i.OS_task_mgmt_init
                0x0000305c       0x50
 i.OS_task_mgmt_init
                0x0000305c       0x50 D:\Program Files(x86)\Cypress\PSoC Creator\3.1\PSoC Creator\psoc\content\cycomponentlibraryupdates\CyComponentLibraryUpdates.cylib\BLE_v1_10\Library\gccCyBLEStack_BLE_SOC_PERIPHERAL.a(mint_os_task.o)
                0x0000305c                OS_task_mgmt_init

i.mint_buf_mgmt_allocate_buffer
                0x000030ac       0x4c
 i.mint_buf_mgmt_allocate_buffer
                0x000030ac       0x4c D:\Program Files(x86)\Cypress\PSoC Creator\3.1\PSoC Creator\psoc\content\cycomponentlibraryupdates\CyComponentLibraryUpdates.cylib\BLE_v1_10\Library\gccCyBLEStack_BLE_SOC_PERIPHERAL.a(mint_buf_mgmt.o)
                0x000030ac                mint_buf_mgmt_allocate_buffer

i.mint_buf_mgmt_create_pool
                0x000030f8       0xd8
 i.mint_buf_mgmt_create_pool
                0x000030f8       0xd8 D:\Program Files(x86)\Cypress\PSoC Creator\3.1\PSoC Creator\psoc\content\cycomponentlibraryupdates\CyComponentLibraryUpdates.cylib\BLE_v1_10\Library\gccCyBLEStack_BLE_SOC_PERIPHERAL.a(mint_buf_mgmt.o)
                0x000030f8                mint_buf_mgmt_create_pool

i.mint_buf_mgmt_free_buffer
                0x000031d0       0xa4
 i.mint_buf_mgmt_free_buffer
                0x000031d0       0xa4 D:\Program Files(x86)\Cypress\PSoC Creator\3.1\PSoC Creator\psoc\content\cycomponentlibraryupdates\CyComponentLibraryUpdates.cylib\BLE_v1_10\Library\gccCyBLEStack_BLE_SOC_PERIPHERAL.a(mint_buf_mgmt.o)
                0x000031d0                mint_buf_mgmt_free_buffer

i.mint_buf_mgmt_get_free_heap
                0x00003274       0x1c
 i.mint_buf_mgmt_get_free_heap
                0x00003274       0x1c D:\Program Files(x86)\Cypress\PSoC Creator\3.1\PSoC Creator\psoc\content\cycomponentlibraryupdates\CyComponentLibraryUpdates.cylib\BLE_v1_10\Library\gccCyBLEStack_BLE_SOC_PERIPHERAL.a(mint_buf_mgmt.o)
                0x00003274                mint_buf_mgmt_get_free_heap

i.mint_buf_mgmt_init
                0x00003290       0x44
 i.mint_buf_mgmt_init
                0x00003290       0x44 D:\Program Files(x86)\Cypress\PSoC Creator\3.1\PSoC Creator\psoc\content\cycomponentlibraryupdates\CyComponentLibraryUpdates.cylib\BLE_v1_10\Library\gccCyBLEStack_BLE_SOC_PERIPHERAL.a(mint_buf_mgmt.o)
                0x00003290                mint_buf_mgmt_init

i.mint_buf_mgmt_malloc
                0x000032d4       0x2c
 i.mint_buf_mgmt_malloc
                0x000032d4       0x2c D:\Program Files(x86)\Cypress\PSoC Creator\3.1\PSoC Creator\psoc\content\cycomponentlibraryupdates\CyComponentLibraryUpdates.cylib\BLE_v1_10\Library\gccCyBLEStack_BLE_SOC_PERIPHERAL.a(mint_buf_mgmt.o)
                0x000032d4                mint_buf_mgmt_malloc

i.mint_buf_mgmt_reset_pool
                0x00003300       0x70
 i.mint_buf_mgmt_reset_pool
                0x00003300       0x70 D:\Program Files(x86)\Cypress\PSoC Creator\3.1\PSoC Creator\psoc\content\cycomponentlibraryupdates\CyComponentLibraryUpdates.cylib\BLE_v1_10\Library\gccCyBLEStack_BLE_SOC_PERIPHERAL.a(mint_buf_mgmt.o)
                0x00003300                mint_buf_mgmt_reset_pool

i.mint_buf_mgmt_stack_init
                0x00003370       0x24
 i.mint_buf_mgmt_stack_init
                0x00003370       0x24 D:\Program Files(x86)\Cypress\PSoC Creator\3.1\PSoC Creator\psoc\content\cycomponentlibraryupdates\CyComponentLibraryUpdates.cylib\BLE_v1_10\Library\gccCyBLEStack_BLE_SOC_PERIPHERAL.a(mint_buf_mgmt.o)
                0x00003370                mint_buf_mgmt_stack_init

i.mint_buf_mgmt_stack_pop
                0x00003394       0x36
 i.mint_buf_mgmt_stack_pop
                0x00003394       0x36 D:\Program Files(x86)\Cypress\PSoC Creator\3.1\PSoC Creator\psoc\content\cycomponentlibraryupdates\CyComponentLibraryUpdates.cylib\BLE_v1_10\Library\gccCyBLEStack_BLE_SOC_PERIPHERAL.a(mint_buf_mgmt.o)
                0x00003394                mint_buf_mgmt_stack_pop

i.mint_buf_mgmt_stack_push
                0x000033ca       0x36
 i.mint_buf_mgmt_stack_push
                0x000033ca       0x36 D:\Program Files(x86)\Cypress\PSoC Creator\3.1\PSoC Creator\psoc\content\cycomponentlibraryupdates\CyComponentLibraryUpdates.cylib\BLE_v1_10\Library\gccCyBLEStack_BLE_SOC_PERIPHERAL.a(mint_buf_mgmt.o)
                0x000033ca                mint_buf_mgmt_stack_push

i.mint_buf_mgmt_stack_reset
                0x00003400       0x1e
 i.mint_buf_mgmt_stack_reset
                0x00003400       0x1e D:\Program Files(x86)\Cypress\PSoC Creator\3.1\PSoC Creator\psoc\content\cycomponentlibraryupdates\CyComponentLibraryUpdates.cylib\BLE_v1_10\Library\gccCyBLEStack_BLE_SOC_PERIPHERAL.a(mint_buf_mgmt.o)
                0x00003400                mint_buf_mgmt_stack_reset

i.mint_buf_mgmt_stack_search_item
                0x0000341e       0x30
 i.mint_buf_mgmt_stack_search_item
                0x0000341e       0x30 D:\Program Files(x86)\Cypress\PSoC Creator\3.1\PSoC Creator\psoc\content\cycomponentlibraryupdates\CyComponentLibraryUpdates.cylib\BLE_v1_10\Library\gccCyBLEStack_BLE_SOC_PERIPHERAL.a(mint_buf_mgmt.o)
                0x0000341e                mint_buf_mgmt_stack_search_item

i.mint_buf_mgmt_pl_init
                0x00003450       0x2c
 i.mint_buf_mgmt_pl_init
                0x00003450       0x2c D:\Program Files(x86)\Cypress\PSoC Creator\3.1\PSoC Creator\psoc\content\cycomponentlibraryupdates\CyComponentLibraryUpdates.cylib\BLE_v1_10\Library\gccCyBLEStack_BLE_SOC_PERIPHERAL.a(mint_buf_mgmt_pl.o)
                0x00003450                mint_buf_mgmt_pl_init

i.CyBleControllerIP_GetPingState
                0x0000347c        0xc
 i.CyBleControllerIP_GetPingState
                0x0000347c        0xc D:\Program Files(x86)\Cypress\PSoC Creator\3.1\PSoC Creator\psoc\content\cycomponentlibraryupdates\CyComponentLibraryUpdates.cylib\BLE_v1_10\Library\gccCyBLEStack_BLE_SOC_PERIPHERAL.a(CyBleControllerIP_Interface.o)
                0x0000347c                CyBleControllerIP_GetPingState

i.CyBleController_AddDeviceToWhiteList
                0x00003488       0x40
 i.CyBleController_AddDeviceToWhiteList
                0x00003488       0x40 D:\Program Files(x86)\Cypress\PSoC Creator\3.1\PSoC Creator\psoc\content\cycomponentlibraryupdates\CyComponentLibraryUpdates.cylib\BLE_v1_10\Library\gccCyBLEStack_BLE_SOC_PERIPHERAL.a(CyBleControllerIP_Interface.o)
                0x00003488                CyBleController_AddDeviceToWhiteList

i.CyBleController_EnterLowPowerMode
                0x000034c8       0x2c
 i.CyBleController_EnterLowPowerMode
                0x000034c8       0x2c D:\Program Files(x86)\Cypress\PSoC Creator\3.1\PSoC Creator\psoc\content\cycomponentlibraryupdates\CyComponentLibraryUpdates.cylib\BLE_v1_10\Library\gccCyBLEStack_BLE_SOC_PERIPHERAL.a(CyBleControllerIP_Interface.o)
                0x000034c8                CyBleController_EnterLowPowerMode

i.CyBleController_ExitLowPowerMode
                0x000034f4       0x10
 i.CyBleController_ExitLowPowerMode
                0x000034f4       0x10 D:\Program Files(x86)\Cypress\PSoC Creator\3.1\PSoC Creator\psoc\content\cycomponentlibraryupdates\CyComponentLibraryUpdates.cylib\BLE_v1_10\Library\gccCyBLEStack_BLE_SOC_PERIPHERAL.a(CyBleControllerIP_Interface.o)
                0x000034f4                CyBleController_ExitLowPowerMode

i.CyBleController_Init
                0x00003504       0x3c
 i.CyBleController_Init
                0x00003504       0x3c D:\Program Files(x86)\Cypress\PSoC Creator\3.1\PSoC Creator\psoc\content\cycomponentlibraryupdates\CyComponentLibraryUpdates.cylib\BLE_v1_10\Library\gccCyBLEStack_BLE_SOC_PERIPHERAL.a(CyBleControllerIP_Interface.o)
                0x00003504                CyBleController_Init

i.CyBleController_Reset
                0x00003540       0x10
 i.CyBleController_Reset
                0x00003540       0x10 D:\Program Files(x86)\Cypress\PSoC Creator\3.1\PSoC Creator\psoc\content\cycomponentlibraryupdates\CyComponentLibraryUpdates.cylib\BLE_v1_10\Library\gccCyBLEStack_BLE_SOC_PERIPHERAL.a(CyBleControllerIP_Interface.o)
                0x00003540                CyBleController_Reset

i.CyBleController_SetDeviceAddress
                0x00003550       0x2e
 i.CyBleController_SetDeviceAddress
                0x00003550       0x2e D:\Program Files(x86)\Cypress\PSoC Creator\3.1\PSoC Creator\psoc\content\cycomponentlibraryupdates\CyComponentLibraryUpdates.cylib\BLE_v1_10\Library\gccCyBLEStack_BLE_SOC_PERIPHERAL.a(CyBleControllerIP_Interface.o)
                0x00003550                CyBleController_SetDeviceAddress

i.CyBleController_Shutdown
                0x0000357e        0x2
 i.CyBleController_Shutdown
                0x0000357e        0x2 D:\Program Files(x86)\Cypress\PSoC Creator\3.1\PSoC Creator\psoc\content\cycomponentlibraryupdates\CyComponentLibraryUpdates.cylib\BLE_v1_10\Library\gccCyBLEStack_BLE_SOC_PERIPHERAL.a(CyBleControllerIP_Interface.o)
                0x0000357e                CyBleController_Shutdown

i.CyBle_GetTxPowerLevel
                0x00003580       0x4e
 i.CyBle_GetTxPowerLevel
                0x00003580       0x4e D:\Program Files(x86)\Cypress\PSoC Creator\3.1\PSoC Creator\psoc\content\cycomponentlibraryupdates\CyComponentLibraryUpdates.cylib\BLE_v1_10\Library\gccCyBLEStack_BLE_SOC_PERIPHERAL.a(CyBleControllerIP_Interface.o)
                0x00003580                CyBle_GetTxPowerLevel

i.CyBle_SetTxPowerLevel
                0x000035ce       0x56
 i.CyBle_SetTxPowerLevel
                0x000035ce       0x56 D:\Program Files(x86)\Cypress\PSoC Creator\3.1\PSoC Creator\psoc\content\cycomponentlibraryupdates\CyComponentLibraryUpdates.cylib\BLE_v1_10\Library\gccCyBLEStack_BLE_SOC_PERIPHERAL.a(CyBleControllerIP_Interface.o)
                0x000035ce                CyBle_SetTxPowerLevel

i.ll_check_and_mark_packet_ready_for_transmission
                0x00003624       0x28
 i.ll_check_and_mark_packet_ready_for_transmission
                0x00003624       0x28 D:\Program Files(x86)\Cypress\PSoC Creator\3.1\PSoC Creator\psoc\content\cycomponentlibraryupdates\CyComponentLibraryUpdates.cylib\BLE_v1_10\Library\gccCyBLEStack_BLE_SOC_PERIPHERAL.a(ll.o)
                0x00003624                ll_check_and_mark_packet_ready_for_transmission

i.ll_cleanup_pending_data_pdu
                0x0000364c       0x38
 i.ll_cleanup_pending_data_pdu
                0x0000364c       0x38 D:\Program Files(x86)\Cypress\PSoC Creator\3.1\PSoC Creator\psoc\content\cycomponentlibraryupdates\CyComponentLibraryUpdates.cylib\BLE_v1_10\Library\gccCyBLEStack_BLE_SOC_PERIPHERAL.a(ll.o)
                0x0000364c                ll_cleanup_pending_data_pdu

i.ll_enter_dsm_mode
                0x00003684      0x1a4
 i.ll_enter_dsm_mode
                0x00003684      0x1a4 D:\Program Files(x86)\Cypress\PSoC Creator\3.1\PSoC Creator\psoc\content\cycomponentlibraryupdates\CyComponentLibraryUpdates.cylib\BLE_v1_10\Library\gccCyBLEStack_BLE_SOC_PERIPHERAL.a(ll.o)
                0x00003684                ll_enter_dsm_mode

i.ll_enter_hibernate_mode
                0x00003828       0x28
 i.ll_enter_hibernate_mode
                0x00003828       0x28 D:\Program Files(x86)\Cypress\PSoC Creator\3.1\PSoC Creator\psoc\content\cycomponentlibraryupdates\CyComponentLibraryUpdates.cylib\BLE_v1_10\Library\gccCyBLEStack_BLE_SOC_PERIPHERAL.a(ll.o)
                0x00003828                ll_enter_hibernate_mode

i.ll_enter_sm_mode
                0x00003850       0x60
 i.ll_enter_sm_mode
                0x00003850       0x60 D:\Program Files(x86)\Cypress\PSoC Creator\3.1\PSoC Creator\psoc\content\cycomponentlibraryupdates\CyComponentLibraryUpdates.cylib\BLE_v1_10\Library\gccCyBLEStack_BLE_SOC_PERIPHERAL.a(ll.o)
                0x00003850                ll_enter_sm_mode

i.ll_exit_low_power_mode
                0x000038b0       0x98
 i.ll_exit_low_power_mode
                0x000038b0       0x98 D:\Program Files(x86)\Cypress\PSoC Creator\3.1\PSoC Creator\psoc\content\cycomponentlibraryupdates\CyComponentLibraryUpdates.cylib\BLE_v1_10\Library\gccCyBLEStack_BLE_SOC_PERIPHERAL.a(ll.o)
                0x000038b0                ll_exit_low_power_mode

i.ll_get_ack_status
                0x00003948       0x3c
 i.ll_get_ack_status
                0x00003948       0x3c D:\Program Files(x86)\Cypress\PSoC Creator\3.1\PSoC Creator\psoc\content\cycomponentlibraryupdates\CyComponentLibraryUpdates.cylib\BLE_v1_10\Library\gccCyBLEStack_BLE_SOC_PERIPHERAL.a(ll.o)
                0x00003948                ll_get_ack_status

i.ll_get_ack_status_for_all_connections
                0x00003984       0x34
 i.ll_get_ack_status_for_all_connections
                0x00003984       0x34 D:\Program Files(x86)\Cypress\PSoC Creator\3.1\PSoC Creator\psoc\content\cycomponentlibraryupdates\CyComponentLibraryUpdates.cylib\BLE_v1_10\Library\gccCyBLEStack_BLE_SOC_PERIPHERAL.a(ll.o)
                0x00003984                ll_get_ack_status_for_all_connections

i.ll_get_adv_ch_tx_power
                0x000039b8       0x20
 i.ll_get_adv_ch_tx_power
                0x000039b8       0x20 D:\Program Files(x86)\Cypress\PSoC Creator\3.1\PSoC Creator\psoc\content\cycomponentlibraryupdates\CyComponentLibraryUpdates.cylib\BLE_v1_10\Library\gccCyBLEStack_BLE_SOC_PERIPHERAL.a(ll.o)
                0x000039b8                ll_get_adv_ch_tx_power

i.ll_get_data_channel_map
                0x000039d8       0x24
 i.ll_get_data_channel_map
                0x000039d8       0x24 D:\Program Files(x86)\Cypress\PSoC Creator\3.1\PSoC Creator\psoc\content\cycomponentlibraryupdates\CyComponentLibraryUpdates.cylib\BLE_v1_10\Library\gccCyBLEStack_BLE_SOC_PERIPHERAL.a(ll.o)
                0x000039d8                ll_get_data_channel_map

i.ll_get_max_white_list_size
                0x000039fc        0xc
 i.ll_get_max_white_list_size
                0x000039fc        0xc D:\Program Files(x86)\Cypress\PSoC Creator\3.1\PSoC Creator\psoc\content\cycomponentlibraryupdates\CyComponentLibraryUpdates.cylib\BLE_v1_10\Library\gccCyBLEStack_BLE_SOC_PERIPHERAL.a(ll.o)
                0x000039fc                ll_get_max_white_list_size

i.ll_get_my_role
                0x00003a08        0xc
 i.ll_get_my_role
                0x00003a08        0xc D:\Program Files(x86)\Cypress\PSoC Creator\3.1\PSoC Creator\psoc\content\cycomponentlibraryupdates\CyComponentLibraryUpdates.cylib\BLE_v1_10\Library\gccCyBLEStack_BLE_SOC_PERIPHERAL.a(ll.o)
                0x00003a08                ll_get_my_role

i.ll_get_next_available_fifo_for_data_pdu
                0x00003a14        0x8
 i.ll_get_next_available_fifo_for_data_pdu
                0x00003a14        0x8 D:\Program Files(x86)\Cypress\PSoC Creator\3.1\PSoC Creator\psoc\content\cycomponentlibraryupdates\CyComponentLibraryUpdates.cylib\BLE_v1_10\Library\gccCyBLEStack_BLE_SOC_PERIPHERAL.a(ll.o)
                0x00003a14                ll_get_next_available_fifo_for_data_pdu

i.ll_get_next_available_fifo_for_ll_pdu
                0x00003a1c       0x24
 i.ll_get_next_available_fifo_for_ll_pdu
                0x00003a1c       0x24 D:\Program Files(x86)\Cypress\PSoC Creator\3.1\PSoC Creator\psoc\content\cycomponentlibraryupdates\CyComponentLibraryUpdates.cylib\BLE_v1_10\Library\gccCyBLEStack_BLE_SOC_PERIPHERAL.a(ll.o)
                0x00003a1c                ll_get_next_available_fifo_for_ll_pdu

i.ll_get_rssi_value
                0x00003a40       0x26
 i.ll_get_rssi_value
                0x00003a40       0x26 D:\Program Files(x86)\Cypress\PSoC Creator\3.1\PSoC Creator\psoc\content\cycomponentlibraryupdates\CyComponentLibraryUpdates.cylib\BLE_v1_10\Library\gccCyBLEStack_BLE_SOC_PERIPHERAL.a(ll.o)
                0x00003a40                ll_get_rssi_value

i.ll_get_transmit_power_level
                0x00003a68       0x2c
 i.ll_get_transmit_power_level
                0x00003a68       0x2c D:\Program Files(x86)\Cypress\PSoC Creator\3.1\PSoC Creator\psoc\content\cycomponentlibraryupdates\CyComponentLibraryUpdates.cylib\BLE_v1_10\Library\gccCyBLEStack_BLE_SOC_PERIPHERAL.a(ll.o)
                0x00003a68                ll_get_transmit_power_level

i.ll_handle_ack_received
                0x00003a94       0x74
 i.ll_handle_ack_received
                0x00003a94       0x74 D:\Program Files(x86)\Cypress\PSoC Creator\3.1\PSoC Creator\psoc\content\cycomponentlibraryupdates\CyComponentLibraryUpdates.cylib\BLE_v1_10\Library\gccCyBLEStack_BLE_SOC_PERIPHERAL.a(ll.o)
                0x00003a94                ll_handle_ack_received

i.ll_handle_add_device_in_whitelist
                0x00003b08       0x3a
 i.ll_handle_add_device_in_whitelist
                0x00003b08       0x3a D:\Program Files(x86)\Cypress\PSoC Creator\3.1\PSoC Creator\psoc\content\cycomponentlibraryupdates\CyComponentLibraryUpdates.cylib\BLE_v1_10\Library\gccCyBLEStack_BLE_SOC_PERIPHERAL.a(ll.o)
                0x00003b08                ll_handle_add_device_in_whitelist

i.ll_handle_clear_whitelist
                0x00003b42       0x16
 i.ll_handle_clear_whitelist
                0x00003b42       0x16 D:\Program Files(x86)\Cypress\PSoC Creator\3.1\PSoC Creator\psoc\content\cycomponentlibraryupdates\CyComponentLibraryUpdates.cylib\BLE_v1_10\Library\gccCyBLEStack_BLE_SOC_PERIPHERAL.a(ll.o)
                0x00003b42                ll_handle_clear_whitelist

i.ll_handle_encrypt_host_data
                0x00003b58       0x36
 i.ll_handle_encrypt_host_data
                0x00003b58       0x36 D:\Program Files(x86)\Cypress\PSoC Creator\3.1\PSoC Creator\psoc\content\cycomponentlibraryupdates\CyComponentLibraryUpdates.cylib\BLE_v1_10\Library\gccCyBLEStack_BLE_SOC_PERIPHERAL.a(ll.o)
                0x00003b58                ll_handle_encrypt_host_data

i.ll_handle_host_data_packet
                0x00003b8e       0x54
 i.ll_handle_host_data_packet
                0x00003b8e       0x54 D:\Program Files(x86)\Cypress\PSoC Creator\3.1\PSoC Creator\psoc\content\cycomponentlibraryupdates\CyComponentLibraryUpdates.cylib\BLE_v1_10\Library\gccCyBLEStack_BLE_SOC_PERIPHERAL.a(ll.o)
                0x00003b8e                ll_handle_host_data_packet

i.ll_handle_read_host_channel_map
                0x00003be2        0x4
 i.ll_handle_read_host_channel_map
                0x00003be2        0x4 D:\Program Files(x86)\Cypress\PSoC Creator\3.1\PSoC Creator\psoc\content\cycomponentlibraryupdates\CyComponentLibraryUpdates.cylib\BLE_v1_10\Library\gccCyBLEStack_BLE_SOC_PERIPHERAL.a(ll.o)
                0x00003be2                ll_handle_read_host_channel_map

i.ll_handle_remove_device_in_whitelist
                0x00003be6       0x2a
 i.ll_handle_remove_device_in_whitelist
                0x00003be6       0x2a D:\Program Files(x86)\Cypress\PSoC Creator\3.1\PSoC Creator\psoc\content\cycomponentlibraryupdates\CyComponentLibraryUpdates.cylib\BLE_v1_10\Library\gccCyBLEStack_BLE_SOC_PERIPHERAL.a(ll.o)
                0x00003be6                ll_handle_remove_device_in_whitelist

i.ll_handle_reset
                0x00003c10        0xe
 i.ll_handle_reset
                0x00003c10        0xe D:\Program Files(x86)\Cypress\PSoC Creator\3.1\PSoC Creator\psoc\content\cycomponentlibraryupdates\CyComponentLibraryUpdates.cylib\BLE_v1_10\Library\gccCyBLEStack_BLE_SOC_PERIPHERAL.a(ll.o)
                0x00003c10                ll_handle_reset

i.ll_handle_set_random_address
                0x00003c1e       0x36
 i.ll_handle_set_random_address
                0x00003c1e       0x36 D:\Program Files(x86)\Cypress\PSoC Creator\3.1\PSoC Creator\psoc\content\cycomponentlibraryupdates\CyComponentLibraryUpdates.cylib\BLE_v1_10\Library\gccCyBLEStack_BLE_SOC_PERIPHERAL.a(ll.o)
                0x00003c1e                ll_handle_set_random_address

i.ll_init       0x00003c54       0x18
 i.ll_init      0x00003c54       0x18 D:\Program Files(x86)\Cypress\PSoC Creator\3.1\PSoC Creator\psoc\content\cycomponentlibraryupdates\CyComponentLibraryUpdates.cylib\BLE_v1_10\Library\gccCyBLEStack_BLE_SOC_PERIPHERAL.a(ll.o)
                0x00003c54                ll_init

i.ll_initialize_device_attributes
                0x00003c6c       0x4c
 i.ll_initialize_device_attributes
                0x00003c6c       0x4c D:\Program Files(x86)\Cypress\PSoC Creator\3.1\PSoC Creator\psoc\content\cycomponentlibraryupdates\CyComponentLibraryUpdates.cylib\BLE_v1_10\Library\gccCyBLEStack_BLE_SOC_PERIPHERAL.a(ll.o)
                0x00003c6c                ll_initialize_device_attributes

i.ll_is_pkt_pending
                0x00003cb8       0x2a
 i.ll_is_pkt_pending
                0x00003cb8       0x2a D:\Program Files(x86)\Cypress\PSoC Creator\3.1\PSoC Creator\psoc\content\cycomponentlibraryupdates\CyComponentLibraryUpdates.cylib\BLE_v1_10\Library\gccCyBLEStack_BLE_SOC_PERIPHERAL.a(ll.o)
                0x00003cb8                ll_is_pkt_pending

i.ll_is_sent_pkt_pending
                0x00003ce2       0x1a
 i.ll_is_sent_pkt_pending
                0x00003ce2       0x1a D:\Program Files(x86)\Cypress\PSoC Creator\3.1\PSoC Creator\psoc\content\cycomponentlibraryupdates\CyComponentLibraryUpdates.cylib\BLE_v1_10\Library\gccCyBLEStack_BLE_SOC_PERIPHERAL.a(ll.o)
                0x00003ce2                ll_is_sent_pkt_pending

i.ll_isr_exit_low_power_mode
                0x00003cfc       0x16
 i.ll_isr_exit_low_power_mode
                0x00003cfc       0x16 D:\Program Files(x86)\Cypress\PSoC Creator\3.1\PSoC Creator\psoc\content\cycomponentlibraryupdates\CyComponentLibraryUpdates.cylib\BLE_v1_10\Library\gccCyBLEStack_BLE_SOC_PERIPHERAL.a(ll.o)
                0x00003cfc                ll_isr_exit_low_power_mode

i.ll_load_host_data_packet
                0x00003d12       0x4a
 i.ll_load_host_data_packet
                0x00003d12       0x4a D:\Program Files(x86)\Cypress\PSoC Creator\3.1\PSoC Creator\psoc\content\cycomponentlibraryupdates\CyComponentLibraryUpdates.cylib\BLE_v1_10\Library\gccCyBLEStack_BLE_SOC_PERIPHERAL.a(ll.o)
                0x00003d12                ll_load_host_data_packet

i.ll_load_packet_to_fifo
                0x00003d5c       0x6e
 i.ll_load_packet_to_fifo
                0x00003d5c       0x6e D:\Program Files(x86)\Cypress\PSoC Creator\3.1\PSoC Creator\psoc\content\cycomponentlibraryupdates\CyComponentLibraryUpdates.cylib\BLE_v1_10\Library\gccCyBLEStack_BLE_SOC_PERIPHERAL.a(ll.o)
                0x00003d5c                ll_load_packet_to_fifo

i.ll_process_acks
                0x00003dca       0x3c
 i.ll_process_acks
                0x00003dca       0x3c D:\Program Files(x86)\Cypress\PSoC Creator\3.1\PSoC Creator\psoc\content\cycomponentlibraryupdates\CyComponentLibraryUpdates.cylib\BLE_v1_10\Library\gccCyBLEStack_BLE_SOC_PERIPHERAL.a(ll.o)
                0x00003dca                ll_process_acks

i.ll_reset      0x00003e06       0x12
 i.ll_reset     0x00003e06       0x12 D:\Program Files(x86)\Cypress\PSoC Creator\3.1\PSoC Creator\psoc\content\cycomponentlibraryupdates\CyComponentLibraryUpdates.cylib\BLE_v1_10\Library\gccCyBLEStack_BLE_SOC_PERIPHERAL.a(ll.o)
                0x00003e06                ll_reset

i.ll_update_active_features
                0x00003e18       0x58
 i.ll_update_active_features
                0x00003e18       0x58 D:\Program Files(x86)\Cypress\PSoC Creator\3.1\PSoC Creator\psoc\content\cycomponentlibraryupdates\CyComponentLibraryUpdates.cylib\BLE_v1_10\Library\gccCyBLEStack_BLE_SOC_PERIPHERAL.a(ll.o)
                0x00003e18                ll_update_active_features

i.ll_update_device_fsm
                0x00003e70        0x8
 i.ll_update_device_fsm
                0x00003e70        0x8 D:\Program Files(x86)\Cypress\PSoC Creator\3.1\PSoC Creator\psoc\content\cycomponentlibraryupdates\CyComponentLibraryUpdates.cylib\BLE_v1_10\Library\gccCyBLEStack_BLE_SOC_PERIPHERAL.a(ll.o)
                0x00003e70                ll_update_device_fsm

i.pf_le_start_timer
                0x00003e78       0x16
 i.pf_le_start_timer
                0x00003e78       0x16 D:\Program Files(x86)\Cypress\PSoC Creator\3.1\PSoC Creator\psoc\content\cycomponentlibraryupdates\CyComponentLibraryUpdates.cylib\BLE_v1_10\Library\gccCyBLEStack_BLE_SOC_PERIPHERAL.a(ll.o)
                0x00003e78                pf_le_start_timer

i.pf_le_stop_timer
                0x00003e8e       0x12
 i.pf_le_stop_timer
                0x00003e8e       0x12 D:\Program Files(x86)\Cypress\PSoC Creator\3.1\PSoC Creator\psoc\content\cycomponentlibraryupdates\CyComponentLibraryUpdates.cylib\BLE_v1_10\Library\gccCyBLEStack_BLE_SOC_PERIPHERAL.a(ll.o)
                0x00003e8e                pf_le_stop_timer

i.CyBleControllerIP_TuneAdvEventInterPktSlots
                0x00003ea0       0x44
 i.CyBleControllerIP_TuneAdvEventInterPktSlots
                0x00003ea0       0x44 D:\Program Files(x86)\Cypress\PSoC Creator\3.1\PSoC Creator\psoc\content\cycomponentlibraryupdates\CyComponentLibraryUpdates.cylib\BLE_v1_10\Library\gccCyBLEStack_BLE_SOC_PERIPHERAL.a(ll_advertiser.o)
                0x00003ea0                CyBleControllerIP_TuneAdvEventInterPktSlots

i.ll_adv_is_configured_connection_adv
                0x00003ee4       0x1e
 i.ll_adv_is_configured_connection_adv
                0x00003ee4       0x1e D:\Program Files(x86)\Cypress\PSoC Creator\3.1\PSoC Creator\psoc\content\cycomponentlibraryupdates\CyComponentLibraryUpdates.cylib\BLE_v1_10\Library\gccCyBLEStack_BLE_SOC_PERIPHERAL.a(ll_advertiser.o)
                0x00003ee4                ll_adv_is_configured_connection_adv

i.ll_check_random_address_in_use_by_advertiser
                0x00003f02       0x10
 i.ll_check_random_address_in_use_by_advertiser
                0x00003f02       0x10 D:\Program Files(x86)\Cypress\PSoC Creator\3.1\PSoC Creator\psoc\content\cycomponentlibraryupdates\CyComponentLibraryUpdates.cylib\BLE_v1_10\Library\gccCyBLEStack_BLE_SOC_PERIPHERAL.a(ll_advertiser.o)
                0x00003f02                ll_check_random_address_in_use_by_advertiser

i.ll_check_whitelist_in_use_by_advertiser
                0x00003f12       0x10
 i.ll_check_whitelist_in_use_by_advertiser
                0x00003f12       0x10 D:\Program Files(x86)\Cypress\PSoC Creator\3.1\PSoC Creator\psoc\content\cycomponentlibraryupdates\CyComponentLibraryUpdates.cylib\BLE_v1_10\Library\gccCyBLEStack_BLE_SOC_PERIPHERAL.a(ll_advertiser.o)
                0x00003f12                ll_check_whitelist_in_use_by_advertiser

i.ll_get_adv_status
                0x00003f22        0xc
 i.ll_get_adv_status
                0x00003f22        0xc D:\Program Files(x86)\Cypress\PSoC Creator\3.1\PSoC Creator\psoc\content\cycomponentlibraryupdates\CyComponentLibraryUpdates.cylib\BLE_v1_10\Library\gccCyBLEStack_BLE_SOC_PERIPHERAL.a(ll_advertiser.o)
                0x00003f22                ll_get_adv_status

i.ll_get_adv_type
                0x00003f2e       0x16
 i.ll_get_adv_type
                0x00003f2e       0x16 D:\Program Files(x86)\Cypress\PSoC Creator\3.1\PSoC Creator\psoc\content\cycomponentlibraryupdates\CyComponentLibraryUpdates.cylib\BLE_v1_10\Library\gccCyBLEStack_BLE_SOC_PERIPHERAL.a(ll_advertiser.o)
                0x00003f2e                ll_get_adv_type

i.ll_handle_adv_intr
                0x00003f44       0x50
 i.ll_handle_adv_intr
                0x00003f44       0x50 D:\Program Files(x86)\Cypress\PSoC Creator\3.1\PSoC Creator\psoc\content\cycomponentlibraryupdates\CyComponentLibraryUpdates.cylib\BLE_v1_10\Library\gccCyBLEStack_BLE_SOC_PERIPHERAL.a(ll_advertiser.o)
                0x00003f44                ll_handle_adv_intr

i.ll_handle_set_adv_data
                0x00003f94       0x14
 i.ll_handle_set_adv_data
                0x00003f94       0x14 D:\Program Files(x86)\Cypress\PSoC Creator\3.1\PSoC Creator\psoc\content\cycomponentlibraryupdates\CyComponentLibraryUpdates.cylib\BLE_v1_10\Library\gccCyBLEStack_BLE_SOC_PERIPHERAL.a(ll_advertiser.o)
                0x00003f94                ll_handle_set_adv_data

i.ll_handle_set_adv_parameters
                0x00003fa8       0x84
 i.ll_handle_set_adv_parameters
                0x00003fa8       0x84 D:\Program Files(x86)\Cypress\PSoC Creator\3.1\PSoC Creator\psoc\content\cycomponentlibraryupdates\CyComponentLibraryUpdates.cylib\BLE_v1_10\Library\gccCyBLEStack_BLE_SOC_PERIPHERAL.a(ll_advertiser.o)
                0x00003fa8                ll_handle_set_adv_parameters

i.ll_handle_set_advertise_enable
                0x0000402c       0x70
 i.ll_handle_set_advertise_enable
                0x0000402c       0x70 D:\Program Files(x86)\Cypress\PSoC Creator\3.1\PSoC Creator\psoc\content\cycomponentlibraryupdates\CyComponentLibraryUpdates.cylib\BLE_v1_10\Library\gccCyBLEStack_BLE_SOC_PERIPHERAL.a(ll_advertiser.o)
                0x0000402c                ll_handle_set_advertise_enable

i.ll_handle_set_scan_resp_data
                0x0000409c       0x14
 i.ll_handle_set_scan_resp_data
                0x0000409c       0x14 D:\Program Files(x86)\Cypress\PSoC Creator\3.1\PSoC Creator\psoc\content\cycomponentlibraryupdates\CyComponentLibraryUpdates.cylib\BLE_v1_10\Library\gccCyBLEStack_BLE_SOC_PERIPHERAL.a(ll_advertiser.o)
                0x0000409c                ll_handle_set_scan_resp_data

i.ll_init_advertiser
                0x000040b0       0x68
 i.ll_init_advertiser
                0x000040b0       0x68 D:\Program Files(x86)\Cypress\PSoC Creator\3.1\PSoC Creator\psoc\content\cycomponentlibraryupdates\CyComponentLibraryUpdates.cylib\BLE_v1_10\Library\gccCyBLEStack_BLE_SOC_PERIPHERAL.a(ll_advertiser.o)
                0x000040b0                ll_init_advertiser

i.is_le_connection_handle
                0x00004118       0x28
 i.is_le_connection_handle
                0x00004118       0x28 D:\Program Files(x86)\Cypress\PSoC Creator\3.1\PSoC Creator\psoc\content\cycomponentlibraryupdates\CyComponentLibraryUpdates.cylib\BLE_v1_10\Library\gccCyBLEStack_BLE_SOC_PERIPHERAL.a(ll_connection.o)
                0x00004118                is_le_connection_handle

i.le_assign_connection_handle
                0x00004140       0x28
 i.le_assign_connection_handle
                0x00004140       0x28 D:\Program Files(x86)\Cypress\PSoC Creator\3.1\PSoC Creator\psoc\content\cycomponentlibraryupdates\CyComponentLibraryUpdates.cylib\BLE_v1_10\Library\gccCyBLEStack_BLE_SOC_PERIPHERAL.a(ll_connection.o)
                0x00004140                le_assign_connection_handle

i.le_get_connection_index
                0x00004168        0x6
 i.le_get_connection_index
                0x00004168        0x6 D:\Program Files(x86)\Cypress\PSoC Creator\3.1\PSoC Creator\psoc\content\cycomponentlibraryupdates\CyComponentLibraryUpdates.cylib\BLE_v1_10\Library\gccCyBLEStack_BLE_SOC_PERIPHERAL.a(ll_connection.o)
                0x00004168                le_get_connection_index

i.ll_allocate_connection
                0x00004170       0x44
 i.ll_allocate_connection
                0x00004170       0x44 D:\Program Files(x86)\Cypress\PSoC Creator\3.1\PSoC Creator\psoc\content\cycomponentlibraryupdates\CyComponentLibraryUpdates.cylib\BLE_v1_10\Library\gccCyBLEStack_BLE_SOC_PERIPHERAL.a(ll_connection.o)
                0x00004170                ll_allocate_connection

i.ll_calculate_and_program_def_win_widen_drift
                0x000041b4       0x14
 i.ll_calculate_and_program_def_win_widen_drift
                0x000041b4       0x14 D:\Program Files(x86)\Cypress\PSoC Creator\3.1\PSoC Creator\psoc\content\cycomponentlibraryupdates\CyComponentLibraryUpdates.cylib\BLE_v1_10\Library\gccCyBLEStack_BLE_SOC_PERIPHERAL.a(ll_connection.o)
                0x000041b4                ll_calculate_and_program_def_win_widen_drift

i.ll_calculate_drift
                0x000041c8       0x2c
 i.ll_calculate_drift
                0x000041c8       0x2c D:\Program Files(x86)\Cypress\PSoC Creator\3.1\PSoC Creator\psoc\content\cycomponentlibraryupdates\CyComponentLibraryUpdates.cylib\BLE_v1_10\Library\gccCyBLEStack_BLE_SOC_PERIPHERAL.a(ll_connection.o)
                0x000041c8                ll_calculate_drift

i.ll_check_and_decrypt_ll_pdu
                0x000041f4       0x68
 i.ll_check_and_decrypt_ll_pdu
                0x000041f4       0x68 D:\Program Files(x86)\Cypress\PSoC Creator\3.1\PSoC Creator\psoc\content\cycomponentlibraryupdates\CyComponentLibraryUpdates.cylib\BLE_v1_10\Library\gccCyBLEStack_BLE_SOC_PERIPHERAL.a(ll_connection.o)
                0x000041f4                ll_check_and_decrypt_ll_pdu

i.ll_check_and_decrypt_packet
                0x0000425c       0x6a
 i.ll_check_and_decrypt_packet
                0x0000425c       0x6a D:\Program Files(x86)\Cypress\PSoC Creator\3.1\PSoC Creator\psoc\content\cycomponentlibraryupdates\CyComponentLibraryUpdates.cylib\BLE_v1_10\Library\gccCyBLEStack_BLE_SOC_PERIPHERAL.a(ll_connection.o)
                0x0000425c                ll_check_and_decrypt_packet

i.ll_check_and_encrypt_ll_pdu
                0x000042c6       0x72
 i.ll_check_and_encrypt_ll_pdu
                0x000042c6       0x72 D:\Program Files(x86)\Cypress\PSoC Creator\3.1\PSoC Creator\psoc\content\cycomponentlibraryupdates\CyComponentLibraryUpdates.cylib\BLE_v1_10\Library\gccCyBLEStack_BLE_SOC_PERIPHERAL.a(ll_connection.o)
                0x000042c6                ll_check_and_encrypt_ll_pdu

i.ll_check_and_encrypt_packet
                0x00004338       0x8a
 i.ll_check_and_encrypt_packet
                0x00004338       0x8a D:\Program Files(x86)\Cypress\PSoC Creator\3.1\PSoC Creator\psoc\content\cycomponentlibraryupdates\CyComponentLibraryUpdates.cylib\BLE_v1_10\Library\gccCyBLEStack_BLE_SOC_PERIPHERAL.a(ll_connection.o)
                0x00004338                ll_check_and_encrypt_packet

i.ll_check_for_allowing_incoming_connection_update
                0x000043c2       0x42
 i.ll_check_for_allowing_incoming_connection_update
                0x000043c2       0x42 D:\Program Files(x86)\Cypress\PSoC Creator\3.1\PSoC Creator\psoc\content\cycomponentlibraryupdates\CyComponentLibraryUpdates.cylib\BLE_v1_10\Library\gccCyBLEStack_BLE_SOC_PERIPHERAL.a(ll_connection.o)
                0x000043c2                ll_check_for_allowing_incoming_connection_update

i.ll_check_if_pdu_is_loaded_to_hardware
                0x00004404       0x1c
 i.ll_check_if_pdu_is_loaded_to_hardware
                0x00004404       0x1c D:\Program Files(x86)\Cypress\PSoC Creator\3.1\PSoC Creator\psoc\content\cycomponentlibraryupdates\CyComponentLibraryUpdates.cylib\BLE_v1_10\Library\gccCyBLEStack_BLE_SOC_PERIPHERAL.a(ll_connection.o)
                0x00004404                ll_check_if_pdu_is_loaded_to_hardware

i.ll_check_random_address_in_use_by_initiator
                0x00004420       0x30
 i.ll_check_random_address_in_use_by_initiator
                0x00004420       0x30 D:\Program Files(x86)\Cypress\PSoC Creator\3.1\PSoC Creator\psoc\content\cycomponentlibraryupdates\CyComponentLibraryUpdates.cylib\BLE_v1_10\Library\gccCyBLEStack_BLE_SOC_PERIPHERAL.a(ll_connection.o)
                0x00004420                ll_check_random_address_in_use_by_initiator

i.ll_check_white_list_in_use_by_initiator
                0x00004450       0x30
 i.ll_check_white_list_in_use_by_initiator
                0x00004450       0x30 D:\Program Files(x86)\Cypress\PSoC Creator\3.1\PSoC Creator\psoc\content\cycomponentlibraryupdates\CyComponentLibraryUpdates.cylib\BLE_v1_10\Library\gccCyBLEStack_BLE_SOC_PERIPHERAL.a(ll_connection.o)
                0x00004450                ll_check_white_list_in_use_by_initiator

i.ll_conn_free_enc_txn_buffer
                0x00004480       0x16
 i.ll_conn_free_enc_txn_buffer
                0x00004480       0x16 D:\Program Files(x86)\Cypress\PSoC Creator\3.1\PSoC Creator\psoc\content\cycomponentlibraryupdates\CyComponentLibraryUpdates.cylib\BLE_v1_10\Library\gccCyBLEStack_BLE_SOC_PERIPHERAL.a(ll_connection.o)
                0x00004480                ll_conn_free_enc_txn_buffer

i.ll_conn_fsm_update_channel_state
                0x00004496        0x6
 i.ll_conn_fsm_update_channel_state
                0x00004496        0x6 D:\Program Files(x86)\Cypress\PSoC Creator\3.1\PSoC Creator\psoc\content\cycomponentlibraryupdates\CyComponentLibraryUpdates.cylib\BLE_v1_10\Library\gccCyBLEStack_BLE_SOC_PERIPHERAL.a(ll_connection.o)
                0x00004496                ll_conn_fsm_update_channel_state

i.ll_conn_fsm_update_conn_update_state
                0x0000449c        0x6
 i.ll_conn_fsm_update_conn_update_state
                0x0000449c        0x6 D:\Program Files(x86)\Cypress\PSoC Creator\3.1\PSoC Creator\psoc\content\cycomponentlibraryupdates\CyComponentLibraryUpdates.cylib\BLE_v1_10\Library\gccCyBLEStack_BLE_SOC_PERIPHERAL.a(ll_connection.o)
                0x0000449c                ll_conn_fsm_update_conn_update_state

i.ll_conn_fsm_update_enc_state
                0x000044a2        0x6
 i.ll_conn_fsm_update_enc_state
                0x000044a2        0x6 D:\Program Files(x86)\Cypress\PSoC Creator\3.1\PSoC Creator\psoc\content\cycomponentlibraryupdates\CyComponentLibraryUpdates.cylib\BLE_v1_10\Library\gccCyBLEStack_BLE_SOC_PERIPHERAL.a(ll_connection.o)
                0x000044a2                ll_conn_fsm_update_enc_state

i.ll_conn_fsm_update_state
                0x000044a8        0x4
 i.ll_conn_fsm_update_state
                0x000044a8        0x4 D:\Program Files(x86)\Cypress\PSoC Creator\3.1\PSoC Creator\psoc\content\cycomponentlibraryupdates\CyComponentLibraryUpdates.cylib\BLE_v1_10\Library\gccCyBLEStack_BLE_SOC_PERIPHERAL.a(ll_connection.o)
                0x000044a8                ll_conn_fsm_update_state

i.ll_conn_handle_data_pdu_from_host_when_data_paused
                0x000044ac        0x8
 i.ll_conn_handle_data_pdu_from_host_when_data_paused
                0x000044ac        0x8 D:\Program Files(x86)\Cypress\PSoC Creator\3.1\PSoC Creator\psoc\content\cycomponentlibraryupdates\CyComponentLibraryUpdates.cylib\BLE_v1_10\Library\gccCyBLEStack_BLE_SOC_PERIPHERAL.a(ll_connection.o)
                0x000044ac                ll_conn_handle_data_pdu_from_host_when_data_paused

i.ll_conn_handle_direct_adv_timeout
                0x000044b4       0x2a
 i.ll_conn_handle_direct_adv_timeout