Archive member included because of file (symbol)

.\CortexM0\ARM_GCC_484\Debug\BLE Lab 3.a(cyfitter_cfg.o)
                              .\CortexM0\ARM_GCC_484\Debug\Cm0Start.o (cyfitter_cfg)
.\CortexM0\ARM_GCC_484\Debug\BLE Lab 3.a(SW2_Switch.o)
                              .\CortexM0\ARM_GCC_484\Debug\main.o (SW2_Switch_ClearInterrupt)
.\CortexM0\ARM_GCC_484\Debug\BLE Lab 3.a(Wakeup_ISR.o)
                              .\CortexM0\ARM_GCC_484\Debug\main.o (Wakeup_ISR_Start)
.\CortexM0\ARM_GCC_484\Debug\BLE Lab 3.a(Led_Advertising_Green.o)
                              .\CortexM0\ARM_GCC_484\Debug\main.o (Led_Advertising_Green_Write)
.\CortexM0\ARM_GCC_484\Debug\BLE Lab 3.a(Led_Connected_Blue.o)
                              .\CortexM0\ARM_GCC_484\Debug\main.o (Led_Connected_Blue_Write)
.\CortexM0\ARM_GCC_484\Debug\BLE Lab 3.a(BLE_1_hrs.o)
                              .\CortexM0\ARM_GCC_484\Debug\main.o (CyBle_HrsRegisterAttrCallback)
.\CortexM0\ARM_GCC_484\Debug\BLE Lab 3.a(BLE_1.o)
                              .\CortexM0\ARM_GCC_484\Debug\BLE Lab 3.a(BLE_1_hrs.o) (CyBle_ApplCallback)
.\CortexM0\ARM_GCC_484\Debug\BLE Lab 3.a(BLE_1_gatt.o)
                              .\CortexM0\ARM_GCC_484\Debug\BleProcessing.o (cyBle_state)
.\CortexM0\ARM_GCC_484\Debug\BLE Lab 3.a(BLE_1_eventHandler.o)
                              .\CortexM0\ARM_GCC_484\Debug\BLE Lab 3.a(BLE_1_hrs.o) (cyBle_eventHandlerFlag)
.\CortexM0\ARM_GCC_484\Debug\BLE Lab 3.a(BLE_1_dis.o)
                              .\CortexM0\ARM_GCC_484\Debug\BLE Lab 3.a(BLE_1.o) (CyBle_DisInit)
.\CortexM0\ARM_GCC_484\Debug\BLE Lab 3.a(Opamp.o)
                              .\CortexM0\ARM_GCC_484\Debug\main.o (Opamp_Start)
.\CortexM0\ARM_GCC_484\Debug\BLE Lab 3.a(ADC.o)
                              .\CortexM0\ARM_GCC_484\Debug\main.o (ADC_Start)
.\CortexM0\ARM_GCC_484\Debug\BLE Lab 3.a(ADC_PM.o)
                              .\CortexM0\ARM_GCC_484\Debug\main.o (ADC_Sleep)
.\CortexM0\ARM_GCC_484\Debug\BLE Lab 3.a(ADC_INT.o)
                              .\CortexM0\ARM_GCC_484\Debug\BLE Lab 3.a(ADC.o) (ADC_ISR)
.\CortexM0\ARM_GCC_484\Debug\BLE Lab 3.a(CyBootAsmGnu.o)
                              .\CortexM0\ARM_GCC_484\Debug\BLE Lab 3.a(cyfitter_cfg.o) (CyDelayCycles)
.\CortexM0\ARM_GCC_484\Debug\BLE Lab 3.a(CyLib.o)
                              .\CortexM0\ARM_GCC_484\Debug\BLE Lab 3.a(cyfitter_cfg.o) (CyDelayUs)
.\CortexM0\ARM_GCC_484\Debug\BLE Lab 3.a(cyPm.o)
                              .\CortexM0\ARM_GCC_484\Debug\main.o (CySysPmSleep)
D:\Program Files(x86)\Cypress\PSoC Creator\3.1\PSoC Creator\psoc\content\cycomponentlibraryupdates\CyComponentLibraryUpdates.cylib\BLE_v1_10\Library\gccCyBLEStack_BLE_SOC_PERIPHERAL.a(CyBle.o)
                              .\CortexM0\ARM_GCC_484\Debug\main.o (CyBle_EnterLPM)
D:\Program Files(x86)\Cypress\PSoC Creator\3.1\PSoC Creator\psoc\content\cycomponentlibraryupdates\CyComponentLibraryUpdates.cylib\BLE_v1_10\Library\gccCyBLEStack_BLE_SOC_PERIPHERAL.a(CyBleStackMgrIP_Interface.o)
                              D:\Program Files(x86)\Cypress\PSoC Creator\3.1\PSoC Creator\psoc\content\cycomponentlibraryupdates\CyComponentLibraryUpdates.cylib\BLE_v1_10\Library\gccCyBLEStack_BLE_SOC_PERIPHERAL.a(CyBle.o) (CyBleStackMgr_BleGetConfigData)
D:\Program Files(x86)\Cypress\PSoC Creator\3.1\PSoC Creator\psoc\content\cycomponentlibraryupdates\CyComponentLibraryUpdates.cylib\BLE_v1_10\Library\gccCyBLEStack_BLE_SOC_PERIPHERAL.a(BT_os.o)
                              D:\Program Files(x86)\Cypress\PSoC Creator\3.1\PSoC Creator\psoc\content\cycomponentlibraryupdates\CyComponentLibraryUpdates.cylib\BLE_v1_10\Library\gccCyBLEStack_BLE_SOC_PERIPHERAL.a(CyBleStackMgrIP_Interface.o) (bt_stack_init_os)
D:\Program Files(x86)\Cypress\PSoC Creator\3.1\PSoC Creator\psoc\content\cycomponentlibraryupdates\CyComponentLibraryUpdates.cylib\BLE_v1_10\Library\gccCyBLEStack_BLE_SOC_PERIPHERAL.a(CyBleStackMgr_StackTaskHandler.o)
                              D:\Program Files(x86)\Cypress\PSoC Creator\3.1\PSoC Creator\psoc\content\cycomponentlibraryupdates\CyComponentLibraryUpdates.cylib\BLE_v1_10\Library\gccCyBLEStack_BLE_SOC_PERIPHERAL.a(CyBleStackMgrIP_Interface.o) (CyBle_CreateBleStackTask)
D:\Program Files(x86)\Cypress\PSoC Creator\3.1\PSoC Creator\psoc\content\cycomponentlibraryupdates\CyComponentLibraryUpdates.cylib\BLE_v1_10\Library\gccCyBLEStack_BLE_SOC_PERIPHERAL.a(transport_sf.o)
                              D:\Program Files(x86)\Cypress\PSoC Creator\3.1\PSoC Creator\psoc\content\cycomponentlibraryupdates\CyComponentLibraryUpdates.cylib\BLE_v1_10\Library\gccCyBLEStack_BLE_SOC_PERIPHERAL.a(CyBleStackMgr_StackTaskHandler.o) (hci_soft_transport_notify_data_received)
D:\Program Files(x86)\Cypress\PSoC Creator\3.1\PSoC Creator\psoc\content\cycomponentlibraryupdates\CyComponentLibraryUpdates.cylib\BLE_v1_10\Library\gccCyBLEStack_BLE_SOC_PERIPHERAL.a(CyBleStackMgr_PSoCHal.o)
[...]
Memory Configuration

Name             Origin             Length             Attributes
rom              0x00000000         0x00020000         xr
ram              0x20000000         0x00004000         xrw
*default*        0x00000000         0xffffffff

Linker script and memory map

LOAD d:/program files(x86)/cypress/psoc creator/3.1/psoc creator/import/gnu_cs/arm/4.8.4/bin/../lib/gcc/arm-none-eabi/4.8.4/armv6-m/crti.o
LOAD d:/program files(x86)/cypress/psoc creator/3.1/psoc creator/import/gnu_cs/arm/4.8.4/bin/../lib/gcc/arm-none-eabi/4.8.4/armv6-m/crtbegin.o
LOAD d:/program files(x86)/cypress/psoc creator/3.1/psoc creator/import/gnu_cs/arm/4.8.4/bin/../lib/gcc/arm-none-eabi/4.8.4/../../../../arm-none-eabi/lib/armv6-m/crt0.o
START GROUP
LOAD .\CortexM0\ARM_GCC_484\Debug\main.o
LOAD .\CortexM0\ARM_GCC_484\Debug\HeartRateProcessing.o
LOAD .\CortexM0\ARM_GCC_484\Debug\BleProcessing.o
LOAD .\CortexM0\ARM_GCC_484\Debug\WatchdogTimer.o
LOAD .\CortexM0\ARM_GCC_484\Debug\cymetadata.o
LOAD .\CortexM0\ARM_GCC_484\Debug\Cm0Start.o
LOAD .\CortexM0\ARM_GCC_484\Debug\BLE Lab 3.a
LOAD D:\Program Files(x86)\Cypress\PSoC Creator\3.1\PSoC Creator\psoc\content\cycomponentlibraryupdates\CyComponentLibraryUpdates.cylib\BLE_v1_10\Library\gccCyBLEStack_BLE_SOC_PERIPHERAL.a
LOAD D:\Program Files(x86)\Cypress\PSoC Creator\3.1\PSoC Creator\psoc\content\cycomponentlibrary\CyComponentLibrary.cylib\CortexM0\ARM_GCC_484\Debug\CyComponentLibrary.a
END GROUP
START GROUP
LOAD d:/program files(x86)/cypress/psoc creator/3.1/psoc creator/import/gnu_cs/arm/4.8.4/bin/../lib/gcc/arm-none-eabi/4.8.4/armv6-m\libgcc.a
LOAD d:/program files(x86)/cypress/psoc creator/3.1/psoc creator/import/gnu_cs/arm/4.8.4/bin/../lib/gcc/arm-none-eabi/4.8.4/../../../../arm-none-eabi/lib/armv6-m\libg_s.a
LOAD d:/program files(x86)/cypress/psoc creator/3.1/psoc creator/import/gnu_cs/arm/4.8.4/bin/../lib/gcc/arm-none-eabi/4.8.4/../../../../arm-none-eabi/lib/armv6-m\libc_s.a
END GROUP
START GROUP
LOAD d:/program files(x86)/cypress/psoc creator/3.1/psoc creator/import/gnu_cs/arm/4.8.4/bin/../lib/gcc/arm-none-eabi/4.8.4/armv6-m\libgcc.a
LOAD d:/program files(x86)/cypress/psoc creator/3.1/psoc creator/import/gnu_cs/arm/4.8.4/bin/../lib/gcc/arm-none-eabi/4.8.4/../../../../arm-none-eabi/lib/armv6-m\libc_s.a
END GROUP
LOAD d:/program files(x86)/cypress/psoc creator/3.1/psoc creator/import/gnu_cs/arm/4.8.4/bin/../lib/gcc/arm-none-eabi/4.8.4/armv6-m/crtend.o
LOAD d:/program files(x86)/cypress/psoc creator/3.1/psoc creator/import/gnu_cs/arm/4.8.4/bin/../lib/gcc/arm-none-eabi/4.8.4/armv6-m/crtn.o
START GROUP
LOAD d:/program files(x86)/cypress/psoc creator/3.1/psoc creator/import/gnu_cs/arm/4.8.4/bin/../lib/gcc/arm-none-eabi/4.8.4/armv6-m\libgcc.a
LOAD d:/program files(x86)/cypress/psoc creator/3.1/psoc creator/import/gnu_cs/arm/4.8.4/bin/../lib/gcc/arm-none-eabi/4.8.4/../../../../arm-none-eabi/lib/armv6-m\libc.a
LOAD d:/program files(x86)/cypress/psoc creator/3.1/psoc creator/import/gnu_cs/arm/4.8.4/bin/../lib/gcc/arm-none-eabi/4.8.4/../../../../arm-none-eabi/lib/armv6-m\libnosys.a
END GROUP
                0x00000000                CY_APPL_ORIGIN = 0x0
                0x00000080                CY_FLASH_ROW_SIZE = 0x80
                0x00000001                CY_APPL_NUM = 0x1
                0x00000040                CY_METADATA_SIZE = 0x40
                0x20002530                PROVIDE (__cy_heap_start, _end)
                0x00000001                PROVIDE (__cy_region_num, ((__cy_regions_end - __cy_regions) / 0x10))
                0x20004000                PROVIDE (__cy_stack, (ORIGIN (ram) + 0x4000))
                0x20003c00                PROVIDE (__cy_heap_end, (__cy_stack - 0x400))

.cybootloader   0x00000000        0x0
 *(.cybootloader)
                0x00000000                appl1_start = CY_APPL_ORIGIN?CY_APPL_ORIGIN:ALIGN (CY_FLASH_ROW_SIZE)
                0x0000ff80                appl2_start = (appl1_start + ALIGN ((((0x20000 - appl1_start) - (0x2 * CY_FLASH_ROW_SIZE)) / 0x2), CY_FLASH_ROW_SIZE))
                0x00000000                appl_start = (CY_APPL_NUM == 0x1)?appl1_start:appl2_start

.text           0x00000000     0x22e0
 CREATE_OBJECT_SYMBOLS
                0x00000000                PROVIDE (__cy_interrupt_vector, RomVectors)
 *(.romvectors)
 .romvectors    0x00000000       0x10 .\CortexM0\ARM_GCC_484\Debug\Cm0Start.o
                0x00000000                RomVectors
                0x00000001                ASSERT ((. != __cy_interrupt_vector), No interrupt vector)
                0x00000001                ASSERT (CY_APPL_ORIGIN?(SIZEOF (.cybootloader) <= CY_APPL_ORIGIN):0x1, Wrong image location)
                0x00000010                PROVIDE (__cy_reset, Reset)
 *(.text.Reset)
 .text.Reset    0x00000010        0x8 .\CortexM0\ARM_GCC_484\Debug\Cm0Start.o
                0x00000010                Reset
                0x00000001                ASSERT ((. != __cy_reset), No reset code)
 *(.psocinit)
 .psocinit      0x00000018      0x2e0 .\CortexM0\ARM_GCC_484\Debug\BLE Lab 3.a(cyfitter_cfg.o)
                0x00000194                cyfitter_cfg
                0x000002f8                . = MAX (., 0x100)
 *(.text .text.* .gnu.linkonce.t.*)
 .text          0x000002f8       0x60 d:/program files(x86)/cypress/psoc creator/3.1/psoc creator/import/gnu_cs/arm/4.8.4/bin/../lib/gcc/arm-none-eabi/4.8.4/armv6-m/crtbegin.o
 .text.InitializeSystem
                0x00000358       0x3c .\CortexM0\ARM_GCC_484\Debug\main.o
 .text.main     0x00000394       0xe8 .\CortexM0\ARM_GCC_484\Debug\main.o
                0x00000394                main
 .text.ProcessHeartRateSignal
                0x0000047c       0xb0 .\CortexM0\ARM_GCC_484\Debug\HeartRateProcessing.o
                0x0000047c                ProcessHeartRateSignal
 .text.SendHeartRateOverBLE
                0x0000052c       0x58 .\CortexM0\ARM_GCC_484\Debug\BleProcessing.o
                0x0000052c                SendHeartRateOverBLE
 .text.HrsEventHandler
                0x00000584       0x38 .\CortexM0\ARM_GCC_484\Debug\BleProcessing.o
                0x00000584                HrsEventHandler
 .text.GeneralEventHandler
                0x000005bc       0xac .\CortexM0\ARM_GCC_484\Debug\BleProcessing.o
                0x000005bc                GeneralEventHandler
 .text.WatchdogTimer_Isr
                0x00000668       0x20 .\CortexM0\ARM_GCC_484\Debug\WatchdogTimer.o
                0x00000668                WatchdogTimer_Isr
 .text.WatchdogTimer_Start
                0x00000688       0x48 .\CortexM0\ARM_GCC_484\Debug\WatchdogTimer.o
                0x00000688                WatchdogTimer_Start
 .text.WatchdogTimer_GetTimestamp
                0x000006d0       0x14 .\CortexM0\ARM_GCC_484\Debug\WatchdogTimer.o
                0x000006d0                WatchdogTimer_GetTimestamp
 .text.IntDefaultHandler
                0x000006e4        0x8 .\CortexM0\ARM_GCC_484\Debug\Cm0Start.o
                0x000006e4                IntDefaultHandler
 .text.Start_c  0x000006ec       0x98 .\CortexM0\ARM_GCC_484\Debug\Cm0Start.o
                0x000006ec                Start_c
 .text.initialize_psoc
                0x00000784       0x70 .\CortexM0\ARM_GCC_484\Debug\Cm0Start.o
                0x00000784                initialize_psoc
 .text.CYMEMZERO
                0x000007f4       0x20 .\CortexM0\ARM_GCC_484\Debug\BLE Lab 3.a(cyfitter_cfg.o)
 .text.cfg_write_bytes32
                0x00000814       0x80 .\CortexM0\ARM_GCC_484\Debug\BLE Lab 3.a(cyfitter_cfg.o)
 .text.AnalogSetDefault
                0x00000894       0x64 .\CortexM0\ARM_GCC_484\Debug\BLE Lab 3.a(cyfitter_cfg.o)
 .text.SetAnalogRoutingPumps
                0x000008f8       0x40 .\CortexM0\ARM_GCC_484\Debug\BLE Lab 3.a(cyfitter_cfg.o)
                0x000008f8                SetAnalogRoutingPumps
 .text.SW2_Switch_ClearInterrupt
                0x00000938       0x30 .\CortexM0\ARM_GCC_484\Debug\BLE Lab 3.a(SW2_Switch.o)
                0x00000938                SW2_Switch_ClearInterrupt
 .text.Wakeup_ISR_Start
                0x00000968       0x24 .\CortexM0\ARM_GCC_484\Debug\BLE Lab 3.a(Wakeup_ISR.o)
                0x00000968                Wakeup_ISR_Start
 .text.Wakeup_ISR_Interrupt
                0x0000098c        0x8 .\CortexM0\ARM_GCC_484\Debug\BLE Lab 3.a(Wakeup_ISR.o)
                0x0000098c                Wakeup_ISR_Interrupt
 .text.Wakeup_ISR_SetVector
                0x00000994       0x18 .\CortexM0\ARM_GCC_484\Debug\BLE Lab 3.a(Wakeup_ISR.o)
                0x00000994                Wakeup_ISR_SetVector
 .text.Wakeup_ISR_SetPriority
                0x000009ac       0x50 .\CortexM0\ARM_GCC_484\Debug\BLE Lab 3.a(Wakeup_ISR.o)
                0x000009ac                Wakeup_ISR_SetPriority
 .text.Wakeup_ISR_Enable
                0x000009fc       0x14 .\CortexM0\ARM_GCC_484\Debug\BLE Lab 3.a(Wakeup_ISR.o)
                0x000009fc                Wakeup_ISR_Enable
 .text.Wakeup_ISR_Disable
                0x00000a10       0x14 .\CortexM0\ARM_GCC_484\Debug\BLE Lab 3.a(Wakeup_ISR.o)
                0x00000a10                Wakeup_ISR_Disable
 .text.Led_Advertising_Green_Write
                0x00000a24       0x4c .\CortexM0\ARM_GCC_484\Debug\BLE Lab 3.a(Led_Advertising_Green.o)
                0x00000a24                Led_Advertising_Green_Write
 .text.Led_Advertising_Green_SetDriveMode
                0x00000a70       0x30 .\CortexM0\ARM_GCC_484\Debug\BLE Lab 3.a(Led_Advertising_Green.o)
                0x00000a70                Led_Advertising_Green_SetDriveMode
 .text.Led_Connected_Blue_Write
                0x00000aa0       0x48 .\CortexM0\ARM_GCC_484\Debug\BLE Lab 3.a(Led_Connected_Blue.o)
                0x00000aa0                Led_Connected_Blue_Write
 .text.Led_Connected_Blue_SetDriveMode
                0x00000ae8       0x30 .\CortexM0\ARM_GCC_484\Debug\BLE Lab 3.a(Led_Connected_Blue.o)
                0x00000ae8                Led_Connected_Blue_SetDriveMode
 .text.CyBle_HrsInit
                0x00000b18        0x8 .\CortexM0\ARM_GCC_484\Debug\BLE Lab 3.a(BLE_1_hrs.o)
                0x00000b18                CyBle_HrsInit
 .text.CyBle_HrsRegisterAttrCallback
                0x00000b20       0x18 .\CortexM0\ARM_GCC_484\Debug\BLE Lab 3.a(BLE_1_hrs.o)
                0x00000b20                CyBle_HrsRegisterAttrCallback
 .text.CyBle_HrssGetCharacteristicValue
                0x00000b38       0x9c .\CortexM0\ARM_GCC_484\Debug\BLE Lab 3.a(BLE_1_hrs.o)
                0x00000b38                CyBle_HrssGetCharacteristicValue
 .text.CyBle_HrssSendNotification
                0x00000bd4       0xd8 .\CortexM0\ARM_GCC_484\Debug\BLE Lab 3.a(BLE_1_hrs.o)
                0x00000bd4                CyBle_HrssSendNotification
 .text.CyBle_HrssWriteEventHandler
                0x00000cac      0x118 .\CortexM0\ARM_GCC_484\Debug\BLE Lab 3.a(BLE_1_hrs.o)
                0x00000cac                CyBle_HrssWriteEventHandler
 .text.CyBle_Init
                0x00000dc4       0x2c .\CortexM0\ARM_GCC_484\Debug\BLE Lab 3.a(BLE_1.o)
                0x00000dc4                CyBle_Init
 .text.CyBle_ServiceInit
                0x00000df0       0x10 .\CortexM0\ARM_GCC_484\Debug\BLE Lab 3.a(BLE_1.o)
                0x00000df0                CyBle_ServiceInit
 .text.CyBle_Start
                0x00000e00       0x90 .\CortexM0\ARM_GCC_484\Debug\BLE Lab 3.a(BLE_1.o)
                0x00000e00                CyBle_Start
 .text.CyBle_Stop
                0x00000e90       0x1c .\CortexM0\ARM_GCC_484\Debug\BLE Lab 3.a(BLE_1.o)
                0x00000e90                CyBle_Stop
 .text.CyBle_GappStartAdvertisement
                0x00000eac       0xc4 .\CortexM0\ARM_GCC_484\Debug\BLE Lab 3.a(BLE_1.o)
                0x00000eac                CyBle_GappStartAdvertisement
 .text.CyBle_Get16ByPtr
                0x00000f70       0x24 .\CortexM0\ARM_GCC_484\Debug\BLE Lab 3.a(BLE_1.o)
                0x00000f70                CyBle_Get16ByPtr
 .text.CyBle_GattsWriteEventHandler
                0x00000f94       0xa0 .\CortexM0\ARM_GCC_484\Debug\BLE Lab 3.a(BLE_1_gatt.o)
                0x00000f94                CyBle_GattsWriteEventHandler
 .text.CyBle_WriteReqHandler
                0x00001034       0x98 .\CortexM0\ARM_GCC_484\Debug\BLE Lab 3.a(BLE_1_eventHandler.o)
 .text.CyBle_ValueConfirmation
                0x000010cc       0x10 .\CortexM0\ARM_GCC_484\Debug\BLE Lab 3.a(BLE_1_eventHandler.o)
 .text.CyBle_GattDisconnectEventHandler
                0x000010dc       0x18 .\CortexM0\ARM_GCC_484\Debug\BLE Lab 3.a(BLE_1_eventHandler.o)
 .text.CyBle_TimeOutEventHandler
                0x000010f4       0x10 .\CortexM0\ARM_GCC_484\Debug\BLE Lab 3.a(BLE_1_eventHandler.o)
 .text.CyBle_GattConnectReqHandler
                0x00001104        0x8 .\CortexM0\ARM_GCC_484\Debug\BLE Lab 3.a(BLE_1_eventHandler.o)
 .text.CyBle_IsDeviceAddressValid
                0x0000110c       0x60 .\CortexM0\ARM_GCC_484\Debug\BLE Lab 3.a(BLE_1_eventHandler.o)
 .text.CyBle_L2Cap_ConnParamUpdateRspEventHandler
                0x0000116c       0x14 .\CortexM0\ARM_GCC_484\Debug\BLE Lab 3.a(BLE_1_eventHandler.o)
 .text.CyBle_GapConnUpdateCompleteEventHandler
                0x00001180       0x10 .\CortexM0\ARM_GCC_484\Debug\BLE Lab 3.a(BLE_1_eventHandler.o)
 .text.CyBle_EventHandler
                0x00001190      0x288 .\CortexM0\ARM_GCC_484\Debug\BLE Lab 3.a(BLE_1_eventHandler.o)
                0x00001190                CyBle_EventHandler
 .text.CyBle_DisInit
                0x00001418        0x8 .\CortexM0\ARM_GCC_484\Debug\BLE Lab 3.a(BLE_1_dis.o)
                0x00001418                CyBle_DisInit
 .text.Opamp_Init
                0x00001420       0x34 .\CortexM0\ARM_GCC_484\Debug\BLE Lab 3.a(Opamp.o)
                0x00001420                Opamp_Init
 .text.Opamp_Enable
                0x00001454       0x24 .\CortexM0\ARM_GCC_484\Debug\BLE Lab 3.a(Opamp.o)
                0x00001454                Opamp_Enable
 .text.Opamp_Start
                0x00001478       0x24 .\CortexM0\ARM_GCC_484\Debug\BLE Lab 3.a(Opamp.o)
                0x00001478                Opamp_Start
 .text.ADC_Start
                0x0000149c       0x24 .\CortexM0\ARM_GCC_484\Debug\BLE Lab 3.a(ADC.o)
                0x0000149c                ADC_Start
 .text.ADC_Init
                0x000014c0      0x1a8 .\CortexM0\ARM_GCC_484\Debug\BLE Lab 3.a(ADC.o)
                0x000014c0                ADC_Init
 .text.ADC_Enable
                0x00001668       0x38 .\CortexM0\ARM_GCC_484\Debug\BLE Lab 3.a(ADC.o)
                0x00001668                ADC_Enable
 .text.ADC_Stop
                0x000016a0       0x18 .\CortexM0\ARM_GCC_484\Debug\BLE Lab 3.a(ADC.o)
                0x000016a0                ADC_Stop
 .text.ADC_StartConvert
                0x000016b8       0x14 .\CortexM0\ARM_GCC_484\Debug\BLE Lab 3.a(ADC.o)
                0x000016b8                ADC_StartConvert
 .text.ADC_StopConvert
                0x000016cc        0x8 .\CortexM0\ARM_GCC_484\Debug\BLE Lab 3.a(ADC.o)
                0x000016cc                ADC_StopConvert
 .text.ADC_IsEndConversion
                0x000016d4       0x48 .\CortexM0\ARM_GCC_484\Debug\BLE Lab 3.a(ADC.o)
                0x000016d4                ADC_IsEndConversion
 .text.ADC_GetResult16
                0x0000171c       0x44 .\CortexM0\ARM_GCC_484\Debug\BLE Lab 3.a(ADC.o)
                0x0000171c                ADC_GetResult16
 .text.ADC_Sleep
                0x00001760       0x58 .\CortexM0\ARM_GCC_484\Debug\BLE Lab 3.a(ADC_PM.o)
                0x00001760                ADC_Sleep
 .text.ADC_Wakeup
                0x000017b8       0x38 .\CortexM0\ARM_GCC_484\Debug\BLE Lab 3.a(ADC_PM.o)
                0x000017b8                ADC_Wakeup
 .text.ADC_ISR  0x000017f0       0x1c .\CortexM0\ARM_GCC_484\Debug\BLE Lab 3.a(ADC_INT.o)
                0x000017f0                ADC_ISR
 *fill*         0x0000180c        0x4 
 .text          0x00001810       0x20 .\CortexM0\ARM_GCC_484\Debug\BLE Lab 3.a(CyBootAsmGnu.o)
                0x00001810                CyDelayCycles
                0x00001822                CyEnterCriticalSection
                0x0000182a                CyExitCriticalSection
 .text.CySysClkWcoSetHighPowerMode
                0x00001830       0x3c .\CortexM0\ARM_GCC_484\Debug\BLE Lab 3.a(CyLib.o)
 .text.CySysClkWcoSetLowPowerMode
                0x0000186c       0x48 .\CortexM0\ARM_GCC_484\Debug\BLE Lab 3.a(CyLib.o)
 .text.CySysClkWriteSysclkDiv
                0x000018b4       0x44 .\CortexM0\ARM_GCC_484\Debug\BLE Lab 3.a(CyLib.o)
                0x000018b4                CySysClkWriteSysclkDiv
 .text.CySysClkEcoStart
                0x000018f8       0x74 .\CortexM0\ARM_GCC_484\Debug\BLE Lab 3.a(CyLib.o)
                0x000018f8                CySysClkEcoStart
 .text.CySysClkEcoReadStatus
                0x0000196c       0x18 .\CortexM0\ARM_GCC_484\Debug\BLE Lab 3.a(CyLib.o)
                0x0000196c                CySysClkEcoReadStatus
 .text.CySysClkWcoStart
                0x00001984       0x20 .\CortexM0\ARM_GCC_484\Debug\BLE Lab 3.a(CyLib.o)
                0x00001984                CySysClkWcoStart
 .text.CySysClkWcoSetPowerMode
                0x000019a4       0x40 .\CortexM0\ARM_GCC_484\Debug\BLE Lab 3.a(CyLib.o)
                0x000019a4                CySysClkWcoSetPowerMode
 .text.CySysWdtLock
                0x000019e4       0x34 .\CortexM0\ARM_GCC_484\Debug\BLE Lab 3.a(CyLib.o)
                0x000019e4                CySysWdtLock
 .text.CySysWdtLocked
                0x00001a18       0x20 .\CortexM0\ARM_GCC_484\Debug\BLE Lab 3.a(CyLib.o)
 .text.CySysWdtUnlock
                0x00001a38       0x4c .\CortexM0\ARM_GCC_484\Debug\BLE Lab 3.a(CyLib.o)
                0x00001a38                CySysWdtUnlock
 .text.CySysWdtReadEnabledStatus
                0x00001a84       0x30 .\CortexM0\ARM_GCC_484\Debug\BLE Lab 3.a(CyLib.o)
                0x00001a84                CySysWdtReadEnabledStatus
 .text.CySysWdtWriteMode
                0x00001ab4       0x60 .\CortexM0\ARM_GCC_484\Debug\BLE Lab 3.a(CyLib.o)
                0x00001ab4                CySysWdtWriteMode
 .text.CySysWdtWriteClearOnMatch
                0x00001b14       0x70 .\CortexM0\ARM_GCC_484\Debug\BLE Lab 3.a(CyLib.o)
                0x00001b14                CySysWdtWriteClearOnMatch
 .text.CySysWdtEnable
                0x00001b84       0x64 .\CortexM0\ARM_GCC_484\Debug\BLE Lab 3.a(CyLib.o)
                0x00001b84                CySysWdtEnable
 .text.CySysWdtWriteMatch
                0x00001be8       0x90 .\CortexM0\ARM_GCC_484\Debug\BLE Lab 3.a(CyLib.o)
                0x00001be8                CySysWdtWriteMatch
 .text.CySysWdtClearInterrupt
                0x00001c78       0x6c .\CortexM0\ARM_GCC_484\Debug\BLE Lab 3.a(CyLib.o)
                0x00001c78                CySysWdtClearInterrupt
 .text.CyIntSetVector
                0x00001ce4       0x4c .\CortexM0\ARM_GCC_484\Debug\BLE Lab 3.a(CyLib.o)
                0x00001ce4                CyIntSetVector
 .text.CyIntSetPriority
                0x00001d30       0xa8 .\CortexM0\ARM_GCC_484\Debug\BLE Lab 3.a(CyLib.o)
                0x00001d30                CyIntSetPriority
 .text.CyIntEnable
                0x00001dd8       0x2c .\CortexM0\ARM_GCC_484\Debug\BLE Lab 3.a(CyLib.o)
                0x00001dd8                CyIntEnable
 .text.CyHalt   0x00001e04       0x14 .\CortexM0\ARM_GCC_484\Debug\BLE Lab 3.a(CyLib.o)
                0x00001e04                CyHalt
 .text.CyDelay  0x00001e18       0x48 .\CortexM0\ARM_GCC_484\Debug\BLE Lab 3.a(CyLib.o)
                0x00001e18                CyDelay
 .text.CyDelayUs
                0x00001e60       0x28 .\CortexM0\ARM_GCC_484\Debug\BLE Lab 3.a(CyLib.o)
                0x00001e60                CyDelayUs
 .text.CySysPmSleep
                0x00001e88       0x34 .\CortexM0\ARM_GCC_484\Debug\BLE Lab 3.a(cyPm.o)
                0x00001e88                CySysPmSleep
 .text.CySysPmDeepSleep
                0x00001ebc       0x6c .\CortexM0\ARM_GCC_484\Debug\BLE Lab 3.a(cyPm.o)
                0x00001ebc                CySysPmDeepSleep
 .text.CySysPmHibernate
                0x00001f28       0x6c .\CortexM0\ARM_GCC_484\Debug\BLE Lab 3.a(cyPm.o)
                0x00001f28                CySysPmHibernate
 .text.CyBLE_Bless_LlRegWrite
                0x00001f94       0x1c .\CortexM0\ARM_GCC_484\Debug\BLE Lab 3.a(BLE_1_HAL_PVT.o)
                0x00001f94                CyBLE_Bless_LlRegWrite
 .text.CyBLE_Bless_RfRegWrite
                0x00001fb0       0x1c .\CortexM0\ARM_GCC_484\Debug\BLE Lab 3.a(BLE_1_HAL_PVT.o)
                0x00001fb0                CyBLE_Bless_RfRegWrite
 .text.CyBleHal_DelayUs
                0x00001fcc       0x1c .\CortexM0\ARM_GCC_484\Debug\BLE Lab 3.a(BLE_1_HAL_PVT.o)
                0x00001fcc                CyBleHal_DelayUs
 .text.CyBleHal_EnableGlobalInterrupts
                0x00001fe8        0xc .\CortexM0\ARM_GCC_484\Debug\BLE Lab 3.a(BLE_1_HAL_PVT.o)
                0x00001fe8                CyBleHal_EnableGlobalInterrupts
 .text.CyBleHal_DisableGlobalInterrupts
                0x00001ff4        0xc .\CortexM0\ARM_GCC_484\Debug\BLE Lab 3.a(BLE_1_HAL_PVT.o)
                0x00001ff4                CyBleHal_DisableGlobalInterrupts
 .text.CyBle_HalInit
                0x00002000       0x20 .\CortexM0\ARM_GCC_484\Debug\BLE Lab 3.a(BLE_1_HAL_PVT.o)
                0x00002000                CyBle_HalInit
 .text.CYBLE_BlessStart
                0x00002020       0x14 .\CortexM0\ARM_GCC_484\Debug\BLE Lab 3.a(BLE_1_HAL_PVT.o)
                0x00002020                CYBLE_BlessStart
 .text.BLE_1_bless_isr_StartEx
                0x00002034       0x24 .\CortexM0\ARM_GCC_484\Debug\BLE Lab 3.a(BLE_1_bless_isr.o)
                0x00002034                BLE_1_bless_isr_StartEx
 .text.BLE_1_bless_isr_SetVector
                0x00002058       0x18 .\CortexM0\ARM_GCC_484\Debug\BLE Lab 3.a(BLE_1_bless_isr.o)
                0x00002058                BLE_1_bless_isr_SetVector
 .text.BLE_1_bless_isr_SetPriority
                0x00002070       0x50 .\CortexM0\ARM_GCC_484\Debug\BLE Lab 3.a(BLE_1_bless_isr.o)
                0x00002070                BLE_1_bless_isr_SetPriority
 .text.BLE_1_bless_isr_Enable
                0x000020c0       0x14 .\CortexM0\ARM_GCC_484\Debug\BLE Lab 3.a(BLE_1_bless_isr.o)
                0x000020c0                BLE_1_bless_isr_Enable
 .text.BLE_1_bless_isr_Disable
                0x000020d4       0x14 .\CortexM0\ARM_GCC_484\Debug\BLE Lab 3.a(BLE_1_bless_isr.o)
                0x000020d4                BLE_1_bless_isr_Disable
 .text.CyBLE_Bless_Interrupt
                0x000020e8        0xc .\CortexM0\ARM_GCC_484\Debug\BLE Lab 3.a(BLE_1_HAL_INT.o)
                0x000020e8                CyBLE_Bless_Interrupt
 .text          0x000020f4       0x9c d:/program files(x86)/cypress/psoc creator/3.1/psoc creator/import/gnu_cs/arm/4.8.4/bin/../lib/gcc/arm-none-eabi/4.8.4/armv6-m\libgcc.a(_udivsi3.o)
                0x000020f4                __aeabi_uidiv
                0x000020f4                __udivsi3
                0x0000217c                __aeabi_uidivmod
 .text          0x00002190       0xc0 d:/program files(x86)/cypress/psoc creator/3.1/psoc creator/import/gnu_cs/arm/4.8.4/bin/../lib/gcc/arm-none-eabi/4.8.4/armv6-m\libgcc.a(_divsi3.o)
                0x00002190                __divsi3
                0x00002190                __aeabi_idiv
                0x0000223c                __aeabi_idivmod
 .text          0x00002250        0x4 d:/program files(x86)/cypress/psoc creator/3.1/psoc creator/import/gnu_cs/arm/4.8.4/bin/../lib/gcc/arm-none-eabi/4.8.4/armv6-m\libgcc.a(_dvmd_tls.o)
                0x00002250                __aeabi_idiv0
                0x00002250                __aeabi_ldiv0
 .text.__libc_init_array
                0x00002254       0x4c d:/program files(x86)/cypress/psoc creator/3.1/psoc creator/import/gnu_cs/arm/4.8.4/bin/../lib/gcc/arm-none-eabi/4.8.4/../../../../arm-none-eabi/lib/armv6-m\libg_s.a(lib_a-init.o)
                0x00002254                __libc_init_array
 .text.memcmp   0x000022a0       0x1e d:/program files(x86)/cypress/psoc creator/3.1/psoc creator/import/gnu_cs/arm/4.8.4/bin/../lib/gcc/arm-none-eabi/4.8.4/../../../../arm-none-eabi/lib/armv6-m\libg_s.a(lib_a-memcmp.o)
                0x000022a0                memcmp
 .text.memcpy   0x000022be       0x12 d:/program files(x86)/cypress/psoc creator/3.1/psoc creator/import/gnu_cs/arm/4.8.4/bin/../lib/gcc/arm-none-eabi/4.8.4/../../../../arm-none-eabi/lib/armv6-m\libg_s.a(lib_a-memcpy-stub.o)
                0x000022be                memcpy
 .text.memset   0x000022d0       0x10 d:/program files(x86)/cypress/psoc creator/3.1/psoc creator/import/gnu_cs/arm/4.8.4/bin/../lib/gcc/arm-none-eabi/4.8.4/../../../../arm-none-eabi/lib/armv6-m\libg_s.a(lib_a-memset.o)
                0x000022d0                memset
 *(.plt)
 *(.gnu.warning)
 *(.glue_7t)
 .glue_7t       0x00000000        0x0 linker stubs
 *(.glue_7)
 .glue_7        0x00000000        0x0 linker stubs
 *(.vfp11_veneer)
 .vfp11_veneer  0x00000000        0x0 linker stubs
 *(.bootloader)
 *(.ARM.extab* .gnu.linkonce.armextab.*)
 *(.gcc_except_table)

.v4_bx          0x000022e0        0x0
 .v4_bx         0x00000000        0x0 linker stubs

.iplt           0x000022e0        0x0
 .iplt          0x00000000        0x0 d:/program files(x86)/cypress/psoc creator/3.1/psoc creator/import/gnu_cs/arm/4.8.4/bin/../lib/gcc/arm-none-eabi/4.8.4/armv6-m/crtbegin.o

i.CyBle_EnterLPM
                0x000022e0        0x8
 i.CyBle_EnterLPM
                0x000022e0        0x8 D:\Program Files(x86)\Cypress\PSoC Creator\3.1\PSoC Creator\psoc\content\cycomponentlibraryupdates\CyComponentLibraryUpdates.cylib\BLE_v1_10\Library\gccCyBLEStack_BLE_SOC_PERIPHERAL.a(CyBle.o)
                0x000022e0                CyBle_EnterLPM

i.CyBle_ExitLPM
                0x000022e8        0x8
 i.CyBle_ExitLPM
                0x000022e8        0x8 D:\Program Files(x86)\Cypress\PSoC Creator\3.1\PSoC Creator\psoc\content\cycomponentlibraryupdates\CyComponentLibraryUpdates.cylib\BLE_v1_10\Library\gccCyBLEStack_BLE_SOC_PERIPHERAL.a(CyBle.o)
                0x000022e8                CyBle_ExitLPM

i.CyBle_ProcessEvents
                0x000022f0        0x8
 i.CyBle_ProcessEvents
                0x000022f0        0x8 D:\Program Files(x86)\Cypress\PSoC Creator\3.1\PSoC Creator\psoc\content\cycomponentlibraryupdates\CyComponentLibraryUpdates.cylib\BLE_v1_10\Library\gccCyBLEStack_BLE_SOC_PERIPHERAL.a(CyBle.o)
                0x000022f0                CyBle_ProcessEvents

i.CyBle_SetDeviceAddress
                0x000022f8       0x24
 i.CyBle_SetDeviceAddress
                0x000022f8       0x24 D:\Program Files(x86)\Cypress\PSoC Creator\3.1\PSoC Creator\psoc\content\cycomponentlibraryupdates\CyComponentLibraryUpdates.cylib\BLE_v1_10\Library\gccCyBLEStack_BLE_SOC_PERIPHERAL.a(CyBle.o)
                0x000022f8                CyBle_SetDeviceAddress

i.CyBle_Shutdown
                0x0000231c       0x28
 i.CyBle_Shutdown
                0x0000231c       0x28 D:\Program Files(x86)\Cypress\PSoC Creator\3.1\PSoC Creator\psoc\content\cycomponentlibraryupdates\CyComponentLibraryUpdates.cylib\BLE_v1_10\Library\gccCyBLEStack_BLE_SOC_PERIPHERAL.a(CyBle.o)
                0x0000231c                CyBle_Shutdown

i.CyBle_StackInit
                0x00002344       0x84
 i.CyBle_StackInit
                0x00002344       0x84 D:\Program Files(x86)\Cypress\PSoC Creator\3.1\PSoC Creator\psoc\content\cycomponentlibraryupdates\CyComponentLibraryUpdates.cylib\BLE_v1_10\Library\gccCyBLEStack_BLE_SOC_PERIPHERAL.a(CyBle.o)
                0x00002344                CyBle_StackInit

i.CyBleStackMgr_BleGetConfigData
                0x000023c8        0x4
 i.CyBleStackMgr_BleGetConfigData
                0x000023c8        0x4 D:\Program Files(x86)\Cypress\PSoC Creator\3.1\PSoC Creator\psoc\content\cycomponentlibraryupdates\CyComponentLibraryUpdates.cylib\BLE_v1_10\Library\gccCyBLEStack_BLE_SOC_PERIPHERAL.a(CyBleStackMgrIP_Interface.o)
                0x000023c8                CyBleStackMgr_BleGetConfigData

i.CyBleStackMgr_BleSetConfigData
                0x000023cc        0x4
 i.CyBleStackMgr_BleSetConfigData
                0x000023cc        0x4 D:\Program Files(x86)\Cypress\PSoC Creator\3.1\PSoC Creator\psoc\content\cycomponentlibraryupdates\CyComponentLibraryUpdates.cylib\BLE_v1_10\Library\gccCyBLEStack_BLE_SOC_PERIPHERAL.a(CyBleStackMgrIP_Interface.o)
                0x000023cc                CyBleStackMgr_BleSetConfigData

i.CyBleStackMgr_Init
                0x000023d0      0x104
 i.CyBleStackMgr_Init
                0x000023d0      0x104 D:\Program Files(x86)\Cypress\PSoC Creator\3.1\PSoC Creator\psoc\content\cycomponentlibraryupdates\CyComponentLibraryUpdates.cylib\BLE_v1_10\Library\gccCyBLEStack_BLE_SOC_PERIPHERAL.a(CyBleStackMgrIP_Interface.o)
                0x000023d0                CyBleStackMgr_Init

i.CyBleStackMgr_ProcessBleEvents
                0x000024d4       0x14
 i.CyBleStackMgr_ProcessBleEvents
                0x000024d4       0x14 D:\Program Files(x86)\Cypress\PSoC Creator\3.1\PSoC Creator\psoc\content\cycomponentlibraryupdates\CyComponentLibraryUpdates.cylib\BLE_v1_10\Library\gccCyBLEStack_BLE_SOC_PERIPHERAL.a(CyBleStackMgrIP_Interface.o)
                0x000024d4                CyBleStackMgr_ProcessBleEvents

i.CyBleStackMgr_Reset
                0x000024e8       0x16
 i.CyBleStackMgr_Reset
                0x000024e8       0x16 D:\Program Files(x86)\Cypress\PSoC Creator\3.1\PSoC Creator\psoc\content\cycomponentlibraryupdates\CyComponentLibraryUpdates.cylib\BLE_v1_10\Library\gccCyBLEStack_BLE_SOC_PERIPHERAL.a(CyBleStackMgrIP_Interface.o)
                0x000024e8                CyBleStackMgr_Reset

i.CyBleStackMgr_Shutdown
                0x00002500       0x18
 i.CyBleStackMgr_Shutdown
                0x00002500       0x18 D:\Program Files(x86)\Cypress\PSoC Creator\3.1\PSoC Creator\psoc\content\cycomponentlibraryupdates\CyComponentLibraryUpdates.cylib\BLE_v1_10\Library\gccCyBLEStack_BLE_SOC_PERIPHERAL.a(CyBleStackMgrIP_Interface.o)
                0x00002500                CyBleStackMgr_Shutdown

i.ble_stack_idle_task_callback
                0x00002518        0x2
 i.ble_stack_idle_task_callback
                0x00002518        0x2 D:\Program Files(x86)\Cypress\PSoC Creator\3.1\PSoC Creator\psoc\content\cycomponentlibraryupdates\CyComponentLibraryUpdates.cylib\BLE_v1_10\Library\gccCyBLEStack_BLE_SOC_PERIPHERAL.a(CyBleStackMgrIP_Interface.o)
                0x00002518                ble_stack_idle_task_callback

i.BT_OSFreeBuf  0x0000251c       0x18
 i.BT_OSFreeBuf
                0x0000251c       0x18 D:\Program Files(x86)\Cypress\PSoC Creator\3.1\PSoC Creator\psoc\content\cycomponentlibraryupdates\CyComponentLibraryUpdates.cylib\BLE_v1_10\Library\gccCyBLEStack_BLE_SOC_PERIPHERAL.a(BT_os.o)
                0x0000251c                BT_OSFreeBuf

i.BT_OSGetBuF   0x00002534       0x1c
 i.BT_OSGetBuF  0x00002534       0x1c D:\Program Files(x86)\Cypress\PSoC Creator\3.1\PSoC Creator\psoc\content\cycomponentlibraryupdates\CyComponentLibraryUpdates.cylib\BLE_v1_10\Library\gccCyBLEStack_BLE_SOC_PERIPHERAL.a(BT_os.o)
                0x00002534                BT_OSGetBuF

i.BT_OSMemCreate
                0x00002550       0x1c
 i.BT_OSMemCreate
                0x00002550       0x1c D:\Program Files(x86)\Cypress\PSoC Creator\3.1\PSoC Creator\psoc\content\cycomponentlibraryupdates\CyComponentLibraryUpdates.cylib\BLE_v1_10\Library\gccCyBLEStack_BLE_SOC_PERIPHERAL.a(BT_os.o)
                0x00002550                BT_OSMemCreate

i.BT_alloc_mem_ext
                0x0000256c       0x34
 i.BT_alloc_mem_ext
                0x0000256c       0x34 D:\Program Files(x86)\Cypress\PSoC Creator\3.1\PSoC Creator\psoc\content\cycomponentlibraryupdates\CyComponentLibraryUpdates.cylib\BLE_v1_10\Library\gccCyBLEStack_BLE_SOC_PERIPHERAL.a(BT_os.o)
                0x0000256c                BT_alloc_mem_ext

i.BT_free_mem   0x000025a0        0xc
 i.BT_free_mem  0x000025a0        0xc D:\Program Files(x86)\Cypress\PSoC Creator\3.1\PSoC Creator\psoc\content\cycomponentlibraryupdates\CyComponentLibraryUpdates.cylib\BLE_v1_10\Library\gccCyBLEStack_BLE_SOC_PERIPHERAL.a(BT_os.o)
                0x000025a0                BT_free_mem

i.bt_stack_init_os
                0x000025ac       0x34
 i.bt_stack_init_os
                0x000025ac       0x34 D:\Program Files(x86)\Cypress\PSoC Creator\3.1\PSoC Creator\psoc\content\cycomponentlibraryupdates\CyComponentLibraryUpdates.cylib\BLE_v1_10\Library\gccCyBLEStack_BLE_SOC_PERIPHERAL.a(BT_os.o)
                0x000025ac                bt_stack_init_os

i.CyBle_CheckBleStackTaskStatus
                0x000025e0        0x4
 i.CyBle_CheckBleStackTaskStatus
                0x000025e0        0x4 D:\Program Files(x86)\Cypress\PSoC Creator\3.1\PSoC Creator\psoc\content\cycomponentlibraryupdates\CyComponentLibraryUpdates.cylib\BLE_v1_10\Library\gccCyBLEStack_BLE_SOC_PERIPHERAL.a(CyBleStackMgr_StackTaskHandler.o)
                0x000025e0                CyBle_CheckBleStackTaskStatus

i.CyBle_CreateBleStackTask
                0x000025e4       0x2c
 i.CyBle_CreateBleStackTask
                0x000025e4       0x2c D:\Program Files(x86)\Cypress\PSoC Creator\3.1\PSoC Creator\psoc\content\cycomponentlibraryupdates\CyComponentLibraryUpdates.cylib\BLE_v1_10\Library\gccCyBLEStack_BLE_SOC_PERIPHERAL.a(CyBleStackMgr_StackTaskHandler.o)
                0x000025e4                CyBle_CreateBleStackTask

i.CyBle_SignalBleStackTask
                0x00002610       0x50
 i.CyBle_SignalBleStackTask
                0x00002610       0x50 D:\Program Files(x86)\Cypress\PSoC Creator\3.1\PSoC Creator\psoc\content\cycomponentlibraryupdates\CyComponentLibraryUpdates.cylib\BLE_v1_10\Library\gccCyBLEStack_BLE_SOC_PERIPHERAL.a(CyBleStackMgr_StackTaskHandler.o)
                0x00002610                CyBle_SignalBleStackTask

i.CyBle_StackTaskHandler
                0x00002660       0x5c
 i.CyBle_StackTaskHandler
                0x00002660       0x5c D:\Program Files(x86)\Cypress\PSoC Creator\3.1\PSoC Creator\psoc\content\cycomponentlibraryupdates\CyComponentLibraryUpdates.cylib\BLE_v1_10\Library\gccCyBLEStack_BLE_SOC_PERIPHERAL.a(CyBleStackMgr_StackTaskHandler.o)
                0x00002660                CyBle_StackTaskHandler

i.__ARM_common_switch8
                0x000026bc       0x1a
 i.__ARM_common_switch8
                0x000026bc       0x1a D:\Program Files(x86)\Cypress\PSoC Creator\3.1\PSoC Creator\psoc\content\cycomponentlibraryupdates\CyComponentLibraryUpdates.cylib\BLE_v1_10\Library\gccCyBLEStack_BLE_SOC_PERIPHERAL.a(CyBleStackMgr_StackTaskHandler.o)
                0x000026bc                __ARM_common_switch8

i.hci_soft_transport_notify_data_received
                0x000026d8        0xc
 i.hci_soft_transport_notify_data_received
                0x000026d8        0xc D:\Program Files(x86)\Cypress\PSoC Creator\3.1\PSoC Creator\psoc\content\cycomponentlibraryupdates\CyComponentLibraryUpdates.cylib\BLE_v1_10\Library\gccCyBLEStack_BLE_SOC_PERIPHERAL.a(transport_sf.o)
                0x000026d8                hci_soft_transport_notify_data_received

i.hci_soft_transport_rx_data
                0x000026e4       0x30
 i.hci_soft_transport_rx_data
                0x000026e4       0x30 D:\Program Files(x86)\Cypress\PSoC Creator\3.1\PSoC Creator\psoc\content\cycomponentlibraryupdates\CyComponentLibraryUpdates.cylib\BLE_v1_10\Library\gccCyBLEStack_BLE_SOC_PERIPHERAL.a(transport_sf.o)
                0x000026e4                hci_soft_transport_rx_data

i.hci_transport_bt_init
                0x00002714        0x2
 i.hci_transport_bt_init
                0x00002714        0x2 D:\Program Files(x86)\Cypress\PSoC Creator\3.1\PSoC Creator\psoc\content\cycomponentlibraryupdates\CyComponentLibraryUpdates.cylib\BLE_v1_10\Library\gccCyBLEStack_BLE_SOC_PERIPHERAL.a(transport_sf.o)
                0x00002714                hci_transport_bt_init

i.hci_transport_bt_shutdown
                0x00002716        0x2
 i.hci_transport_bt_shutdown
                0x00002716        0x2 D:\Program Files(x86)\Cypress\PSoC Creator\3.1\PSoC Creator\psoc\content\cycomponentlibraryupdates\CyComponentLibraryUpdates.cylib\BLE_v1_10\Library\gccCyBLEStack_BLE_SOC_PERIPHERAL.a(transport_sf.o)
                0x00002716                hci_transport_bt_shutdown

i.hci_transport_init
                0x00002718       0x10
 i.hci_transport_init
                0x00002718       0x10 D:\Program Files(x86)\Cypress\PSoC Creator\3.1\PSoC Creator\psoc\content\cycomponentlibraryupdates\CyComponentLibraryUpdates.cylib\BLE_v1_10\Library\gccCyBLEStack_BLE_SOC_PERIPHERAL.a(transport_sf.o)
                0x00002718                hci_transport_init

i.hci_transport_write_data
                0x00002728       0xd4
 i.hci_transport_write_data
                0x00002728       0xd4 D:\Program Files(x86)\Cypress\PSoC Creator\3.1\PSoC Creator\psoc\content\cycomponentlibraryupdates\CyComponentLibraryUpdates.cylib\BLE_v1_10\Library\gccCyBLEStack_BLE_SOC_PERIPHERAL.a(transport_sf.o)
                0x00002728                hci_transport_write_data

i.pf_hci_soft_transport_write
                0x000027fc       0x74
 i.pf_hci_soft_transport_write
                0x000027fc       0x74 D:\Program Files(x86)\Cypress\PSoC Creator\3.1\PSoC Creator\psoc\content\cycomponentlibraryupdates\CyComponentLibraryUpdates.cylib\BLE_v1_10\Library\gccCyBLEStack_BLE_SOC_PERIPHERAL.a(transport_sf.o)
                0x000027fc                pf_hci_soft_transport_write

i.pf_soft_hci_transport_init
                0x00002870        0xc
 i.pf_soft_hci_transport_init
                0x00002870        0xc D:\Program Files(x86)\Cypress\PSoC Creator\3.1\PSoC Creator\psoc\content\cycomponentlibraryupdates\CyComponentLibraryUpdates.cylib\BLE_v1_10\Library\gccCyBLEStack_BLE_SOC_PERIPHERAL.a(transport_sf.o)
                0x00002870                pf_soft_hci_transport_init

i.CyBleStackMgr_GetTime
                0x0000287c       0x14
 i.CyBleStackMgr_GetTime
                0x0000287c       0x14 D:\Program Files(x86)\Cypress\PSoC Creator\3.1\PSoC Creator\psoc\content\cycomponentlibraryupdates\CyComponentLibraryUpdates.cylib\BLE_v1_10\Library\gccCyBLEStack_BLE_SOC_PERIPHERAL.a(CyBleStackMgr_PSoCHal.o)
                0x0000287c                CyBleStackMgr_GetTime

i.CyBleStackMgr_HalInit
                0x00002890       0x24
 i.CyBleStackMgr_HalInit
                0x00002890       0x24 D:\Program Files(x86)\Cypress\PSoC Creator\3.1\PSoC Creator\psoc\content\cycomponentlibraryupdates\CyComponentLibraryUpdates.cylib\BLE_v1_10\Library\gccCyBLEStack_BLE_SOC_PERIPHERAL.a(CyBleStackMgr_PSoCHal.o)
                0x00002890                CyBleStackMgr_HalInit

i.CyBleStackMgr_HalIntrEnable
                0x000028b4        0x8
 i.CyBleStackMgr_HalIntrEnable
                0x000028b4        0x8 D:\Program Files(x86)\Cypress\PSoC Creator\3.1\PSoC Creator\psoc\content\cycomponentlibraryupdates\CyComponentLibraryUpdates.cylib\BLE_v1_10\Library\gccCyBLEStack_BLE_SOC_PERIPHERAL.a(CyBleStackMgr_PSoCHal.o)
                0x000028b4                CyBleStackMgr_HalIntrEnable

i.CyBleStackMgr_HalReset
                0x000028bc        0x4
 i.CyBleStackMgr_HalReset
                0x000028bc        0x4 D:\Program Files(x86)\Cypress\PSoC Creator\3.1\PSoC Creator\psoc\content\cycomponentlibraryupdates\CyComponentLibraryUpdates.cylib\BLE_v1_10\Library\gccCyBLEStack_BLE_SOC_PERIPHERAL.a(CyBleStackMgr_PSoCHal.o)
                0x000028bc                CyBleStackMgr_HalReset

i.CyBleStackMgr_HandleLinkLayerTick
                0x000028c0       0x5c
 i.CyBleStackMgr_HandleLinkLayerTick
                0x000028c0       0x5c D:\Program Files(x86)\Cypress\PSoC Creator\3.1\PSoC Creator\psoc\content\cycomponentlibraryupdates\CyComponentLibraryUpdates.cylib\BLE_v1_10\Library\gccCyBLEStack_BLE_SOC_PERIPHERAL.a(CyBleStackMgr_PSoCHal.o)
                0x000028c0                CyBleStackMgr_HandleLinkLayerTick

i.CyBleStackMgr_HciPortInit
                0x0000291c        0xc
 i.CyBleStackMgr_HciPortInit
                0x0000291c        0xc D:\Program Files(x86)\Cypress\PSoC Creator\3.1\PSoC Creator\psoc\content\cycomponentlibraryupdates\CyComponentLibraryUpdates.cylib\BLE_v1_10\Library\gccCyBLEStack_BLE_SOC_PERIPHERAL.a(CyBleStackMgr_PSoCHal.o)
                0x0000291c                CyBleStackMgr_HciPortInit

i.CyBleStackMgr_HciPortReset
                0x00002928        0x2
 i.CyBleStackMgr_HciPortReset
                0x00002928        0x2 D:\Program Files(x86)\Cypress\PSoC Creator\3.1\PSoC Creator\psoc\content\cycomponentlibraryupdates\CyComponentLibraryUpdates.cylib\BLE_v1_10\Library\gccCyBLEStack_BLE_SOC_PERIPHERAL.a(CyBleStackMgr_PSoCHal.o)
                0x00002928                CyBleStackMgr_HciPortReset

i.CyBleStackMgr_HciPortWrite
                0x0000292a        0x8
 i.CyBleStackMgr_HciPortWrite
                0x0000292a        0x8 D:\Program Files(x86)\Cypress\PSoC Creator\3.1\PSoC Creator\psoc\content\cycomponentlibraryupdates\CyComponentLibraryUpdates.cylib\BLE_v1_10\Library\gccCyBLEStack_BLE_SOC_PERIPHERAL.a(CyBleStackMgr_PSoCHal.o)
                0x0000292a                CyBleStackMgr_HciPortWrite

i.CyBleStackMgr_ResetLinkLayerTimerEntity
                0x00002934       0x14
 i.CyBleStackMgr_ResetLinkLayerTimerEntity
                0x00002934       0x14 D:\Program Files(x86)\Cypress\PSoC Creator\3.1\PSoC Creator\psoc\content\cycomponentlibraryupdates\CyComponentLibraryUpdates.cylib\BLE_v1_10\Library\gccCyBLEStack_BLE_SOC_PERIPHERAL.a(CyBleStackMgr_PSoCHal.o)
                0x00002934                CyBleStackMgr_ResetLinkLayerTimerEntity

i.CyBleStackMgr_TimerStart
                0x00002948       0x2c
 i.CyBleStackMgr_TimerStart
                0x00002948       0x2c D:\Program Files(x86)\Cypress\PSoC Creator\3.1\PSoC Creator\psoc\content\cycomponentlibraryupdates\CyComponentLibraryUpdates.cylib\BLE_v1_10\Library\gccCyBLEStack_BLE_SOC_PERIPHERAL.a(CyBleStackMgr_PSoCHal.o)
                0x00002948                CyBleStackMgr_TimerStart

i.CyBleStackMgr_TimerStop
                0x00002974       0x18
 i.CyBleStackMgr_TimerStop
                0x00002974       0x18 D:\Program Files(x86)\Cypress\PSoC Creator\3.1\PSoC Creator\psoc\content\cycomponentlibraryupdates\CyComponentLibraryUpdates.cylib\BLE_v1_10\Library\gccCyBLEStack_BLE_SOC_PERIPHERAL.a(CyBleStackMgr_PSoCHal.o)
                0x00002974                CyBleStackMgr_TimerStop

i.CyBleStackMgr_isTimerRunning
                0x0000298c       0x10
 i.CyBleStackMgr_isTimerRunning
                0x0000298c       0x10 D:\Program Files(x86)\Cypress\PSoC Creator\3.1\PSoC Creator\psoc\content\cycomponentlibraryupdates\CyComponentLibraryUpdates.cylib\BLE_v1_10\Library\gccCyBLEStack_BLE_SOC_PERIPHERAL.a(CyBleStackMgr_PSoCHal.o)
                0x0000298c                CyBleStackMgr_isTimerRunning

i.CyBleAtlantisRadioInit
                0x0000299c      0x1ac
 i.CyBleAtlantisRadioInit
                0x0000299c      0x1ac D:\Program Files(x86)\Cypress\PSoC Creator\3.1\PSoC Creator\psoc\content\cycomponentlibraryupdates\CyComponentLibraryUpdates.cylib\BLE_v1_10\Library\gccCyBLEStack_BLE_SOC_PERIPHERAL.a(CyBleStackMgr_BleSSDriver.o)

i.CyBleStackMgr_BleSSFifoRead
                0x00002b48       0x38
 i.CyBleStackMgr_BleSSFifoRead
                0x00002b48       0x38 D:\Program Files(x86)\Cypress\PSoC Creator\3.1\PSoC Creator\psoc\content\cycomponentlibraryupdates\CyComponentLibraryUpdates.cylib\BLE_v1_10\Library\gccCyBLEStack_BLE_SOC_PERIPHERAL.a(CyBleStackMgr_BleSSDriver.o)
                0x00002b48                CyBleStackMgr_BleSSFifoRead

i.CyBleStackMgr_BleSSFifoWrite
                0x00002b80       0x30
 i.CyBleStackMgr_BleSSFifoWrite
                0x00002b80       0x30 D:\Program Files(x86)\Cypress\PSoC Creator\3.1\PSoC Creator\psoc\content\cycomponentlibraryupdates\CyComponentLibraryUpdates.cylib\BLE_v1_10\Library\gccCyBLEStack_BLE_SOC_PERIPHERAL.a(CyBleStackMgr_BleSSDriver.o)
                0x00002b80                CyBleStackMgr_BleSSFifoWrite

i.CyBleStackMgr_BleSSInit
                0x00002bb0       0x50
 i.CyBleStackMgr_BleSSInit
                0x00002bb0       0x50 D:\Program Files(x86)\Cypress\PSoC Creator\3.1\PSoC Creator\psoc\content\cycomponentlibraryupdates\CyComponentLibraryUpdates.cylib\BLE_v1_10\Library\gccCyBLEStack_BLE_SOC_PERIPHERAL.a(CyBleStackMgr_BleSSDriver.o)
                0x00002bb0                CyBleStackMgr_BleSSInit

i.CyBleStackMgr_BleSSMemRead
                0x00002c00       0x26
 i.CyBleStackMgr_BleSSMemRead
                0x00002c00       0x26 D:\Program Files(x86)\Cypress\PSoC Creator\3.1\PSoC Creator\psoc\content\cycomponentlibraryupdates\CyComponentLibraryUpdates.cylib\BLE_v1_10\Library\gccCyBLEStack_BLE_SOC_PERIPHERAL.a(CyBleStackMgr_BleSSDriver.o)
                0x00002c00                CyBleStackMgr_BleSSMemRead

i.CyBleStackMgr_BleSSMemWrite
                0x00002c28       0x34
 i.CyBleStackMgr_BleSSMemWrite
                0x00002c28       0x34 D:\Program Files(x86)\Cypress\PSoC Creator\3.1\PSoC Creator\psoc\content\cycomponentlibraryupdates\CyComponentLibraryUpdates.cylib\BLE_v1_10\Library\gccCyBLEStack_BLE_SOC_PERIPHERAL.a(CyBleStackMgr_BleSSDriver.o)
                0x00002c28                CyBleStackMgr_BleSSMemWrite

i.CyBleStackMgr_BleSSRegRead
                0x00002c5c        0xc
 i.CyBleStackMgr_BleSSRegRead
                0x00002c5c        0xc D:\Program Files(x86)\Cypress\PSoC Creator\3.1\PSoC Creator\psoc\content\cycomponentlibraryupdates\CyComponentLibraryUpdates.cylib\BLE_v1_10\Library\gccCyBLEStack_BLE_SOC_PERIPHERAL.a(CyBleStackMgr_BleSSDriver.o)
                0x00002c5c                CyBleStackMgr_BleSSRegRead

i.CyBleStackMgr_BleSSRegWrite
                0x00002c68        0xc
 i.CyBleStackMgr_BleSSRegWrite
                0x00002c68        0xc D:\Program Files(x86)\Cypress\PSoC Creator\3.1\PSoC Creator\psoc\content\cycomponentlibraryupdates\CyComponentLibraryUpdates.cylib\BLE_v1_10\Library\gccCyBLEStack_BLE_SOC_PERIPHERAL.a(CyBleStackMgr_BleSSDriver.o)
                0x00002c68                CyBleStackMgr_BleSSRegWrite

i.CyBleStackMgr_BleSSReset
                0x00002c74       0x2c
 i.CyBleStackMgr_BleSSReset
                0x00002c74       0x2c D:\Program Files(x86)\Cypress\PSoC Creator\3.1\PSoC Creator\psoc\content\cycomponentlibraryupdates\CyComponentLibraryUpdates.cylib\BLE_v1_10\Library\gccCyBLEStack_BLE_SOC_PERIPHERAL.a(CyBleStackMgr_BleSSDriver.o)
                0x00002c74                CyBleStackMgr_BleSSReset

i.CyBleStackMgr_BleSSShutdown
                0x00002ca0       0x24
 i.CyBleStackMgr_BleSSShutdown
                0x00002ca0       0x24 D:\Program Files(x86)\Cypress\PSoC Creator\3.1\PSoC Creator\psoc\content\cycomponentlibraryupdates\CyComponentLibraryUpdates.cylib\BLE_v1_10\Library\gccCyBLEStack_BLE_SOC_PERIPHERAL.a(CyBleStackMgr_BleSSDriver.o)
                0x00002ca0                CyBleStackMgr_BleSSShutdown

i.CyBleStackMgr_GenericIface
                0x00002cc4       0x3c
 i.CyBleStackMgr_GenericIface
                0x00002cc4       0x3c D:\Program Files(x86)\Cypress\PSoC Creator\3.1\PSoC Creator\psoc\content\cycomponentlibraryupdates\CyComponentLibraryUpdates.cylib\BLE_v1_10\Library\gccCyBLEStack_BLE_SOC_PERIPHERAL.a(CyBleStackMgr_BleSSDriver.o)
                0x00002cc4                CyBleStackMgr_GenericIface

i.CyBleStackMgr_HandleBleSSIntr
                0x00002d00       0x94
 i.CyBleStackMgr_HandleBleSSIntr
                0x00002d00       0x94 D:\Program Files(x86)\Cypress\PSoC Creator\3.1\PSoC Creator\psoc\content\cycomponentlibraryupdates\CyComponentLibraryUpdates.cylib\BLE_v1_10\Library\gccCyBLEStack_BLE_SOC_PERIPHERAL.a(CyBleStackMgr_BleSSDriver.o)
                0x00002d00                CyBleStackMgr_HandleBleSSIntr

i.CyBleStackMgr_SetClockParam
                0x00002d94       0xb4
 i.CyBleStackMgr_SetClockParam
                0x00002d94       0xb4 D:\Program Files(x86)\Cypress\PSoC Creator\3.1\PSoC Creator\psoc\content\cycomponentlibraryupdates\CyComponentLibraryUpdates.cylib\BLE_v1_10\Library\gccCyBLEStack_BLE_SOC_PERIPHERAL.a(CyBleStackMgr_BleSSDriver.o)

i.CyBleStackMgr_isXtalCpuClkSource
                0x00002e48       0x18
 i.CyBleStackMgr_isXtalCpuClkSource
                0x00002e48       0x18 D:\Program Files(x86)\Cypress\PSoC Creator\3.1\PSoC Creator\psoc\content\cycomponentlibraryupdates\CyComponentLibraryUpdates.cylib\BLE_v1_10\Library\gccCyBLEStack_BLE_SOC_PERIPHERAL.a(CyBleStackMgr_BleSSDriver.o)
                0x00002e48                CyBleStackMgr_isXtalCpuClkSource

i.CyBle_EnterDsmMode
                0x00002e60       0x3c
 i.CyBle_EnterDsmMode
                0x00002e60       0x3c D:\Program Files(x86)\Cypress\PSoC Creator\3.1\PSoC Creator\psoc\content\cycomponentlibraryupdates\CyComponentLibraryUpdates.cylib\BLE_v1_10\Library\gccCyBLEStack_BLE_SOC_PERIPHERAL.a(CyBleStackMgr_BleSSDriver.o)
                0x00002e60                CyBle_EnterDsmMode

i.CyBle_ExitDsmMode
                0x00002e9c       0x2c
 i.CyBle_ExitDsmMode
                0x00002e9c       0x2c D:\Program Files(x86)\Cypress\PSoC Creator\3.1\PSoC Creator\psoc\content\cycomponentlibraryupdates\CyComponentLibraryUpdates.cylib\BLE_v1_10\Library\gccCyBLEStack_BLE_SOC_PERIPHERAL.a(CyBleStackMgr_BleSSDriver.o)
                0x00002e9c                CyBle_ExitDsmMode

i.CyBle_GetBleSsOperationalMode
                0x00002ec8        0xc
 i.CyBle_GetBleSsOperationalMode
                0x00002ec8        0xc D:\Program Files(x86)\Cypress\PSoC Creator\3.1\PSoC Creator\psoc\content\cycomponentlibraryupdates\CyComponentLibraryUpdates.cylib\BLE_v1_10\Library\gccCyBLEStack_BLE_SOC_PERIPHERAL.a(CyBleStackMgr_BleSSDriver.o)
                0x00002ec8                CyBle_GetBleSsOperationalMode

i.CyBle_GetEventCloseState
                0x00002ed4       0x10
 i.CyBle_GetEventCloseState
                0x00002ed4       0x10 D:\Program Files(x86)\Cypress\PSoC Creator\3.1\PSoC Creator\psoc\content\cycomponentlibraryupdates\CyComponentLibraryUpdates.cylib\BLE_v1_10\Library\gccCyBLEStack_BLE_SOC_PERIPHERAL.a(CyBleStackMgr_BleSSDriver.o)
                0x00002ed4                CyBle_GetEventCloseState

i.CyBle_GetLpMode
                0x00002ee4       0x26
 i.CyBle_GetLpMode
                0x00002ee4       0x26 D:\Program Files(x86)\Cypress\PSoC Creator\3.1\PSoC Creator\psoc\content\cycomponentlibraryupdates\CyComponentLibraryUpdates.cylib\BLE_v1_10\Library\gccCyBLEStack_BLE_SOC_PERIPHERAL.a(CyBleStackMgr_BleSSDriver.o)
                0x00002ee4                CyBle_GetLpMode

i.CyBle_GetTxGainMode
                0x00002f0c       0x2c
 i.CyBle_GetTxGainMode
                0x00002f0c       0x2c D:\Program Files(x86)\Cypress\PSoC Creator\3.1\PSoC Creator\psoc\content\cycomponentlibraryupdates\CyComponentLibraryUpdates.cylib\BLE_v1_10\Library\gccCyBLEStack_BLE_SOC_PERIPHERAL.a(CyBleStackMgr_BleSSDriver.o)
                0x00002f0c                CyBle_GetTxGainMode

i.CyBle_SetAutoWakeUp
                0x00002f38        0xc
 i.CyBle_SetAutoWakeUp
                0x00002f38        0xc D:\Program Files(x86)\Cypress\PSoC Creator\3.1\PSoC Creator\psoc\content\cycomponentlibraryupdates\CyComponentLibraryUpdates.cylib\BLE_v1_10\Library\gccCyBLEStack_BLE_SOC_PERIPHERAL.a(CyBleStackMgr_BleSSDriver.o)
                0x00002f38                CyBle_SetAutoWakeUp

i.CyBle_SetBleSsOperationalMode
                0x00002f44       0x20
 i.CyBle_SetBleSsOperationalMode
                0x00002f44       0x20 D:\Program Files(x86)\Cypress\PSoC Creator\3.1\PSoC Creator\psoc\content\cycomponentlibraryupdates\CyComponentLibraryUpdates.cylib\BLE_v1_10\Library\gccCyBLEStack_BLE_SOC_PERIPHERAL.a(CyBleStackMgr_BleSSDriver.o)
                0x00002f44                CyBle_SetBleSsOperationalMode

i.CyBle_SetEventCloseState
                0x00002f64        0xc
 i.CyBle_SetEventCloseState
                0x00002f64        0xc D:\Program Files(x86)\Cypress\PSoC Creator\3.1\PSoC Creator\psoc\content\cycomponentlibraryupdates\CyComponentLibraryUpdates.cylib\BLE_v1_10\Library\gccCyBLEStack_BLE_SOC_PERIPHERAL.a(CyBleStackMgr_BleSSDriver.o)
                0x00002f64                CyBle_SetEventCloseState

i.CyBle_SetTxGainMode
                0x00002f70       0x38
 i.CyBle_SetTxGainMode
                0x00002f70       0x38 D:\Program Files(x86)\Cypress\PSoC Creator\3.1\PSoC Creator\psoc\content\cycomponentlibraryupdates\CyComponentLibraryUpdates.cylib\BLE_v1_10\Library\gccCyBLEStack_BLE_SOC_PERIPHERAL.a(CyBleStackMgr_BleSSDriver.o)
                0x00002f70                CyBle_SetTxGainMode

i.pf_rf_get_abs_rssi
                0x00002fa8       0x24
 i.pf_rf_get_abs_rssi
                0x00002fa8       0x24 D:\Program Files(x86)\Cypress\PSoC Creator\3.1\PSoC Creator\psoc\content\cycomponentlibraryupdates\CyComponentLibraryUpdates.cylib\BLE_v1_10\Library\gccCyBLEStack_BLE_SOC_PERIPHERAL.a(CyBleStackMgr_BleSSDriver.o)
                0x00002fa8                pf_rf_get_abs_rssi

i.OS_init       0x00002fcc       0x64
 i.OS_init      0x00002fcc       0x64 D:\Program Files(x86)\Cypress\PSoC Creator\3.1\PSoC Creator\psoc\content\cycomponentlibraryupdates\CyComponentLibraryUpdates.cylib\BLE_v1_10\Library\gccCyBLEStack_BLE_SOC_PERIPHERAL.a(mint_os.o)
                0x00002fcc                OS_init

i.OS_shutdown   0x00003030        0x4
 i.OS_shutdown  0x00003030        0x4 D:\Program Files(x86)\Cypress\PSoC Creator\3.1\PSoC Creator\psoc\content\cycomponentlibraryupdates\CyComponentLibraryUpdates.cylib\BLE_v1_10\Library\gccCyBLEStack_BLE_SOC_PERIPHERAL.a(mint_os.o)
                0x00003030                OS_shutdown

i.mintos_malloc
                0x00003034       0x34
 i.mintos_malloc
                0x00003034       0x34 D:\Program Files(x86)\Cypress\PSoC Creator\3.1\PSoC Creator\psoc\content\cycomponentlibraryupdates\CyComponentLibraryUpdates.cylib\BLE_v1_10\Library\gccCyBLEStack_BLE_SOC_PERIPHERAL.a(mint_os.o)
                0x00003034                mintos_malloc

i.OS_create_queue
                0x00003068       0x64
 i.OS_create_queue
                0x00003068       0x64 D:\Program Files(x86)\Cypress\PSoC Creator\3.1\PSoC Creator\psoc\content\cycomponentlibraryupdates\CyComponentLibraryUpdates.cylib\BLE_v1_10\Library\gccCyBLEStack_BLE_SOC_PERIPHERAL.a(mint_os_queue.o)
                0x00003068                OS_create_queue

i.OS_enqueue_item
                0x000030cc       0x8c
 i.OS_enqueue_item
                0x000030cc       0x8c D:\Program Files(x86)\Cypress\PSoC Creator\3.1\PSoC Creator\psoc\content\cycomponentlibraryupdates\CyComponentLibraryUpdates.cylib\BLE_v1_10\Library\gccCyBLEStack_BLE_SOC_PERIPHERAL.a(mint_os_queue.o)
                0x000030cc                OS_enqueue_item

i.OS_queue_get_num_of_items
                0x00003158       0x28
 i.OS_queue_get_num_of_items
                0x00003158       0x28 D:\Program Files(x86)\Cypress\PSoC Creator\3.1\PSoC Creator\psoc\content\cycomponentlibraryupdates\CyComponentLibraryUpdates.cylib\BLE_v1_10\Library\gccCyBLEStack_BLE_SOC_PERIPHERAL.a(mint_os_queue.o)
                0x00003158                OS_queue_get_num_of_items

i.OS_queue_mgmt_init
                0x00003180       0x40
 i.OS_queue_mgmt_init
                0x00003180       0x40 D:\Program Files(x86)\Cypress\PSoC Creator\3.1\PSoC Creator\psoc\content\cycomponentlibraryupdates\CyComponentLibraryUpdates.cylib\BLE_v1_10\Library\gccCyBLEStack_BLE_SOC_PERIPHERAL.a(mint_os_queue.o)
                0x00003180                OS_queue_mgmt_init

i.OS_remove_item
                0x000031c0       0xa0
 i.OS_remove_item
                0x000031c0       0xa0 D:\Program Files(x86)\Cypress\PSoC Creator\3.1\PSoC Creator\psoc\content\cycomponentlibraryupdates\CyComponentLibraryUpdates.cylib\BLE_v1_10\Library\gccCyBLEStack_BLE_SOC_PERIPHERAL.a(mint_os_queue.o)
                0x000031c0                OS_remove_item

i.OS_create_task
                0x00003260       0x88
 i.OS_create_task
                0x00003260       0x88 D:\Program Files(x86)\Cypress\PSoC Creator\3.1\PSoC Creator\psoc\content\cycomponentlibraryupdates\CyComponentLibraryUpdates.cylib\BLE_v1_10\Library\gccCyBLEStack_BLE_SOC_PERIPHERAL.a(mint_os_task.o)
                0x00003260                OS_create_task

i.OS_isr_send_signal_to_task
                0x000032e8        0xc
 i.OS_isr_send_signal_to_task
                0x000032e8        0xc D:\Program Files(x86)\Cypress\PSoC Creator\3.1\PSoC Creator\psoc\content\cycomponentlibraryupdates\CyComponentLibraryUpdates.cylib\BLE_v1_10\Library\gccCyBLEStack_BLE_SOC_PERIPHERAL.a(mint_os_task.o)
                0x000032e8                OS_isr_send_signal_to_task

i.OS_scheduler  0x000032f4       0x64
 i.OS_scheduler
                0x000032f4       0x64 D:\Program Files(x86)\Cypress\PSoC Creator\3.1\PSoC Creator\psoc\content\cycomponentlibraryupdates\CyComponentLibraryUpdates.cylib\BLE_v1_10\Library\gccCyBLEStack_BLE_SOC_PERIPHERAL.a(mint_os_task.o)
                0x000032f4                OS_scheduler

i.OS_send_signal_to_task
                0x00003358        0xc
 i.OS_send_signal_to_task
                0x00003358        0xc D:\Program Files(x86)\Cypress\PSoC Creator\3.1\PSoC Creator\psoc\content\cycomponentlibraryupdates\CyComponentLibraryUpdates.cylib\BLE_v1_10\Library\gccCyBLEStack_BLE_SOC_PERIPHERAL.a(mint_os_task.o)
                0x00003358                OS_send_signal_to_task

i.OS_send_signal_to_task_context
                0x00003364       0x3c
 i.OS_send_signal_to_task_context
                0x00003364       0x3c D:\Program Files(x86)\Cypress\PSoC Creator\3.1\PSoC Creator\psoc\content\cycomponentlibraryupdates\CyComponentLibraryUpdates.cylib\BLE_v1_10\Library\gccCyBLEStack_BLE_SOC_PERIPHERAL.a(mint_os_task.o)

i.OS_task_mgmt_init
                0x000033a0       0x50
 i.OS_task_mgmt_init
                0x000033a0       0x50 D:\Program Files(x86)\Cypress\PSoC Creator\3.1\PSoC Creator\psoc\content\cycomponentlibraryupdates\CyComponentLibraryUpdates.cylib\BLE_v1_10\Library\gccCyBLEStack_BLE_SOC_PERIPHERAL.a(mint_os_task.o)
                0x000033a0                OS_task_mgmt_init

i.mint_buf_mgmt_allocate_buffer
                0x000033f0       0x4c
 i.mint_buf_mgmt_allocate_buffer
                0x000033f0       0x4c D:\Program Files(x86)\Cypress\PSoC Creator\3.1\PSoC Creator\psoc\content\cycomponentlibraryupdates\CyComponentLibraryUpdates.cylib\BLE_v1_10\Library\gccCyBLEStack_BLE_SOC_PERIPHERAL.a(mint_buf_mgmt.o)
                0x000033f0                mint_buf_mgmt_allocate_buffer

i.mint_buf_mgmt_create_pool
                0x0000343c       0xd8
 i.mint_buf_mgmt_create_pool
                0x0000343c       0xd8 D:\Program Files(x86)\Cypress\PSoC Creator\3.1\PSoC Creator\psoc\content\cycomponentlibraryupdates\CyComponentLibraryUpdates.cylib\BLE_v1_10\Library\gccCyBLEStack_BLE_SOC_PERIPHERAL.a(mint_buf_mgmt.o)
                0x0000343c                mint_buf_mgmt_create_pool

i.mint_buf_mgmt_free_buffer
                0x00003514       0xa4
 i.mint_buf_mgmt_free_buffer
                0x00003514       0xa4 D:\Program Files(x86)\Cypress\PSoC Creator\3.1\PSoC Creator\psoc\content\cycomponentlibraryupdates\CyComponentLibraryUpdates.cylib\BLE_v1_10\Library\gccCyBLEStack_BLE_SOC_PERIPHERAL.a(mint_buf_mgmt.o)
                0x00003514                mint_buf_mgmt_free_buffer

i.mint_buf_mgmt_get_free_heap
                0x000035b8       0x1c
 i.mint_buf_mgmt_get_free_heap
                0x000035b8       0x1c D:\Program Files(x86)\Cypress\PSoC Creator\3.1\PSoC Creator\psoc\content\cycomponentlibraryupdates\CyComponentLibraryUpdates.cylib\BLE_v1_10\Library\gccCyBLEStack_BLE_SOC_PERIPHERAL.a(mint_buf_mgmt.o)
                0x000035b8                mint_buf_mgmt_get_free_heap

i.mint_buf_mgmt_init
                0x000035d4       0x44
 i.mint_buf_mgmt_init
                0x000035d4       0x44 D:\Program Files(x86)\Cypress\PSoC Creator\3.1\PSoC Creator\psoc\content\cycomponentlibraryupdates\CyComponentLibraryUpdates.cylib\BLE_v1_10\Library\gccCyBLEStack_BLE_SOC_PERIPHERAL.a(mint_buf_mgmt.o)
                0x000035d4                mint_buf_mgmt_init

i.mint_buf_mgmt_malloc
                0x00003618       0x2c
 i.mint_buf_mgmt_malloc
                0x00003618       0x2c D:\Program Files(x86)\Cypress\PSoC Creator\3.1\PSoC Creator\psoc\content\cycomponentlibraryupdates\CyComponentLibraryUpdates.cylib\BLE_v1_10\Library\gccCyBLEStack_BLE_SOC_PERIPHERAL.a(mint_buf_mgmt.o)
                0x00003618                mint_buf_mgmt_malloc

i.mint_buf_mgmt_reset_pool
                0x00003644       0x70
 i.mint_buf_mgmt_reset_pool
                0x00003644       0x70 D:\Program Files(x86)\Cypress\PSoC Creator\3.1\PSoC Creator\psoc\content\cycomponentlibraryupdates\CyComponentLibraryUpdates.cylib\BLE_v1_10\Library\gccCyBLEStack_BLE_SOC_PERIPHERAL.a(mint_buf_mgmt.o)
                0x00003644                mint_buf_mgmt_reset_pool

i.mint_buf_mgmt_stack_init
                0x000036b4       0x24
 i.mint_buf_mgmt_stack_init
                0x000036b4       0x24 D:\Program Files(x86)\Cypress\PSoC Creator\3.1\PSoC Creator\psoc\content\cycomponentlibraryupdates\CyComponentLibraryUpdates.cylib\BLE_v1_10\Library\gccCyBLEStack_BLE_SOC_PERIPHERAL.a(mint_buf_mgmt.o)
                0x000036b4                mint_buf_mgmt_stack_init

i.mint_buf_mgmt_stack_pop
                0x000036d8       0x36
 i.mint_buf_mgmt_stack_pop
                0x000036d8       0x36 D:\Program Files(x86)\Cypress\PSoC Creator\3.1\PSoC Creator\psoc\content\cycomponentlibraryupdates\CyComponentLibraryUpdates.cylib\BLE_v1_10\Library\gccCyBLEStack_BLE_SOC_PERIPHERAL.a(mint_buf_mgmt.o)
                0x000036d8                mint_buf_mgmt_stack_pop

i.mint_buf_mgmt_stack_push
                0x0000370e       0x36
 i.mint_buf_mgmt_stack_push
                0x0000370e       0x36 D:\Program Files(x86)\Cypress\PSoC Creator\3.1\PSoC Creator\psoc\content\cycomponentlibraryupdates\CyComponentLibraryUpdates.cylib\BLE_v1_10\Library\gccCyBLEStack_BLE_SOC_PERIPHERAL.a(mint_buf_mgmt.o)
                0x0000370e                mint_buf_mgmt_stack_push

i.mint_buf_mgmt_stack_reset
                0x00003744       0x1e
 i.mint_buf_mgmt_stack_reset
                0x00003744       0x1e D:\Program Files(x86)\Cypress\PSoC Creator\3.1\PSoC Creator\psoc\content\cycomponentlibraryupdates\CyComponentLibraryUpdates.cylib\BLE_v1_10\Library\gccCyBLEStack_BLE_SOC_PERIPHERAL.a(mint_buf_mgmt.o)
                0x00003744                mint_buf_mgmt_stack_reset

i.mint_buf_mgmt_stack_search_item
                0x00003762       0x30
 i.mint_buf_mgmt_stack_search_item
                0x00003762       0x30 D:\Program Files(x86)\Cypress\PSoC Creator\3.1\PSoC Creator\psoc\content\cycomponentlibraryupdates\CyComponentLibraryUpdates.cylib\BLE_v1_10\Library\gccCyBLEStack_BLE_SOC_PERIPHERAL.a(mint_buf_mgmt.o)
                0x00003762                mint_buf_mgmt_stack_search_item

i.mint_buf_mgmt_pl_init
                0x00003794       0x2c
 i.mint_buf_mgmt_pl_init
                0x00003794       0x2c D:\Program Files(x86)\Cypress\PSoC Creator\3.1\PSoC Creator\psoc\content\cycomponentlibraryupdates\CyComponentLibraryUpdates.cylib\BLE_v1_10\Library\gccCyBLEStack_BLE_SOC_PERIPHERAL.a(mint_buf_mgmt_pl.o)
                0x00003794                mint_buf_mgmt_pl_init

i.CyBleControllerIP_GetPingState
                0x000037c0        0xc
 i.CyBleControllerIP_GetPingState
                0x000037c0        0xc D:\Program Files(x86)\Cypress\PSoC Creator\3.1\PSoC Creator\psoc\content\cycomponentlibraryupdates\CyComponentLibraryUpdates.cylib\BLE_v1_10\Library\gccCyBLEStack_BLE_SOC_PERIPHERAL.a(CyBleControllerIP_Interface.o)
                0x000037c0                CyBleControllerIP_GetPingState

i.CyBleController_AddDeviceToWhiteList
                0x000037cc       0x40
 i.CyBleController_AddDeviceToWhiteList
                0x000037cc       0x40 D:\Program Files(x86)\Cypress\PSoC Creator\3.1\PSoC Creator\psoc\content\cycomponentlibraryupdates\CyComponentLibraryUpdates.cylib\BLE_v1_10\Library\gccCyBLEStack_BLE_SOC_PERIPHERAL.a(CyBleControllerIP_Interface.o)
                0x000037cc                CyBleController_AddDeviceToWhiteList

i.CyBleController_EnterLowPowerMode
                0x0000380c       0x2c
 i.CyBleController_EnterLowPowerMode
                0x0000380c       0x2c D:\Program Files(x86)\Cypress\PSoC Creator\3.1\PSoC Creator\psoc\content\cycomponentlibraryupdates\CyComponentLibraryUpdates.cylib\BLE_v1_10\Library\gccCyBLEStack_BLE_SOC_PERIPHERAL.a(CyBleControllerIP_Interface.o)
                0x0000380c                CyBleController_EnterLowPowerMode

i.CyBleController_ExitLowPowerMode
                0x00003838       0x10
 i.CyBleController_ExitLowPowerMode
                0x00003838       0x10 D:\Program Files(x86)\Cypress\PSoC Creator\3.1\PSoC Creator\psoc\content\cycomponentlibraryupdates\CyComponentLibraryUpdates.cylib\BLE_v1_10\Library\gccCyBLEStack_BLE_SOC_PERIPHERAL.a(CyBleControllerIP_Interface.o)
                0x00003838                CyBleController_ExitLowPowerMode

i.CyBleController_Init
                0x00003848       0x3c
 i.CyBleController_Init
                0x00003848       0x3c D:\Program Files(x86)\Cypress\PSoC Creator\3.1\PSoC Creator\psoc\content\cycomponentlibraryupdates\CyComponentLibraryUpdates.cylib\BLE_v1_10\Library\gccCyBLEStack_BLE_SOC_PERIPHERAL.a(CyBleControllerIP_Interface.o)
                0x00003848                CyBleController_Init

i.CyBleController_Reset
                0x00003884       0x10
 i.CyBleController_Reset
                0x00003884       0x10 D:\Program Files(x86)\Cypress\PSoC Creator\3.1\PSoC Creator\psoc\content\cycomponentlibraryupdates\CyComponentLibraryUpdates.cylib\BLE_v1_10\Library\gccCyBLEStack_BLE_SOC_PERIPHERAL.a(CyBleControllerIP_Interface.o)
                0x00003884                CyBleController_Reset

i.CyBleController_SetDeviceAddress
                0x00003894       0x2e
 i.CyBleController_SetDeviceAddress
                0x00003894       0x2e D:\Program Files(x86)\Cypress\PSoC Creator\3.1\PSoC Creator\psoc\content\cycomponentlibraryupdates\CyComponentLibraryUpdates.cylib\BLE_v1_10\Library\gccCyBLEStack_BLE_SOC_PERIPHERAL.a(CyBleControllerIP_Interface.o)
                0x00003894                CyBleController_SetDeviceAddress

i.CyBleController_Shutdown
                0x000038c2        0x2
 i.CyBleController_Shutdown
                0x000038c2        0x2 D:\Program Files(x86)\Cypress\PSoC Creator\3.1\PSoC Creator\psoc\content\cycomponentlibraryupdates\CyComponentLibraryUpdates.cylib\BLE_v1_10\Library\gccCyBLEStack_BLE_SOC_PERIPHERAL.a(CyBleControllerIP_Interface.o)
                0x000038c2                CyBleController_Shutdown

i.CyBle_GetBleSsState
                0x000038c4       0x10
 i.CyBle_GetBleSsState
                0x000038c4       0x10 D:\Program Files(x86)\Cypress\PSoC Creator\3.1\PSoC Creator\psoc\content\cycomponentlibraryupdates\CyComponentLibraryUpdates.cylib\BLE_v1_10\Library\gccCyBLEStack_BLE_SOC_PERIPHERAL.a(CyBleControllerIP_Interface.o)
                0x000038c4                CyBle_GetBleSsState

i.CyBle_GetTxPowerLevel
                0x000038d4       0x4e
 i.CyBle_GetTxPowerLevel
                0x000038d4       0x4e D:\Program Files(x86)\Cypress\PSoC Creator\3.1\PSoC Creator\psoc\content\cycomponentlibraryupdates\CyComponentLibraryUpdates.cylib\BLE_v1_10\Library\gccCyBLEStack_BLE_SOC_PERIPHERAL.a(CyBleControllerIP_Interface.o)
                0x000038d4                CyBle_GetTxPowerLevel

i.CyBle_SetTxPowerLevel
                0x00003922       0x56
 i.CyBle_SetTxPowerLevel
                0x00003922       0x56 D:\Program Files(x86)\Cypress\PSoC Creator\3.1\PSoC Creator\psoc\content\cycomponentlibraryupdates\CyComponentLibraryUpdates.cylib\BLE_v1_10\Library\gccCyBLEStack_BLE_SOC_PERIPHERAL.a(CyBleControllerIP_Interface.o)
                0x00003922                CyBle_SetTxPowerLevel

i.ll_check_and_mark_packet_ready_for_transmission
                0x00003978       0x28
 i.ll_check_and_mark_packet_ready_for_transmission
                0x00003978       0x28 D:\Program Files(x86)\Cypress\PSoC Creator\3.1\PSoC Creator\psoc\content\cycomponentlibraryupdates\CyComponentLibraryUpdates.cylib\BLE_v1_10\Library\gccCyBLEStack_BLE_SOC_PERIPHERAL.a(ll.o)
                0x00003978                ll_check_and_mark_packet_ready_for_transmission

i.ll_cleanup_pending_data_pdu
                0x000039a0       0x38
 i.ll_cleanup_pending_data_pdu
                0x000039a0       0x38 D:\Program Files(x86)\Cypress\PSoC Creator\3.1\PSoC Creator\psoc\content\cycomponentlibraryupdates\CyComponentLibraryUpdates.cylib\BLE_v1_10\Library\gccCyBLEStack_BLE_SOC_PERIPHERAL.a(ll.o)
                0x000039a0                ll_cleanup_pending_data_pdu

i.ll_enter_dsm_mode
                0x000039d8      0x1a4
 i.ll_enter_dsm_mode
                0x000039d8      0x1a4 D:\Program Files(x86)\Cypress\PSoC Creator\3.1\PSoC Creator\psoc\content\cycomponentlibraryupdates\CyComponentLibraryUpdates.cylib\BLE_v1_10\Library\gccCyBLEStack_BLE_SOC_PERIPHERAL.a(ll.o)
                0x000039d8                ll_enter_dsm_mode

i.ll_enter_hibernate_mode
                0x00003b7c       0x28
 i.ll_enter_hibernate_mode
                0x00003b7c       0x28 D:\Program Files(x86)\Cypress\PSoC Creator\3.1\PSoC Creator\psoc\content\cycomponentlibraryupdates\CyComponentLibraryUpdates.cylib\BLE_v1_10\Library\gccCyBLEStack_BLE_SOC_PERIPHERAL.a(ll.o)
                0x00003b7c                ll_enter_hibernate_mode

i.ll_enter_sm_mode
                0x00003ba4       0x60
 i.ll_enter_sm_mode
                0x00003ba4       0x60 D:\Program Files(x86)\Cypress\PSoC Creator\3.1\PSoC Creator\psoc\content\cycomponentlibraryupdates\CyComponentLibraryUpdates.cylib\BLE_v1_10\Library\gccCyBLEStack_BLE_SOC_PERIPHERAL.a(ll.o)
                0x00003ba4                ll_enter_sm_mode

i.ll_exit_low_power_mode
                0x00003c04       0x98
 i.ll_exit_low_power_mode
                0x00003c04       0x98 D:\Program Files(x86)\Cypress\PSoC Creator\3.1\PSoC Creator\psoc\content\cycomponentlibraryupdates\CyComponentLibraryUpdates.cylib\BLE_v1_10\Library\gccCyBLEStack_BLE_SOC_PERIPHERAL.a(ll.o)
                0x00003c04                ll_exit_low_power_mode

i.ll_get_ack_status
                0x00003c9c       0x3c
 i.ll_get_ack_status
                0x00003c9c       0x3c D:\Program Files(x86)\Cypress\PSoC Creator\3.1\PSoC Creator\psoc\content\cycomponentlibraryupdates\CyComponentLibraryUpdates.cylib\BLE_v1_10\Library\gccCyBLEStack_BLE_SOC_PERIPHERAL.a(ll.o)
                0x00003c9c                ll_get_ack_status

i.ll_get_ack_status_for_all_connections
                0x00003cd8       0x34
 i.ll_get_ack_status_for_all_connections
                0x00003cd8       0x34 D:\Program Files(x86)\Cypress\PSoC Creator\3.1\PSoC Creator\psoc\content\cycomponentlibraryupdates\CyComponentLibraryUpdates.cylib\BLE_v1_10\Library\gccCyBLEStack_BLE_SOC_PERIPHERAL.a(ll.o)
                0x00003cd8                ll_get_ack_status_for_all_connections

i.ll_get_adv_ch_tx_power
                0x00003d0c       0x20
 i.ll_get_adv_ch_tx_power
                0x00003d0c       0x20 D:\Program Files(x86)\Cypress\PSoC Creator\3.1\PSoC Creator\psoc\content\cycomponentlibraryupdates\CyComponentLibraryUpdates.cylib\BLE_v1_10\Library\gccCyBLEStack_BLE_SOC_PERIPHERAL.a(ll.o)
                0x00003d0c                ll_get_adv_ch_tx_power

i.ll_get_data_channel_map
                0x00003d2c       0x24
 i.ll_get_data_channel_map
                0x00003d2c       0x24 D:\Program Files(x86)\Cypress\PSoC Creator\3.1\PSoC Creator\psoc\content\cycomponentlibraryupdates\CyComponentLibraryUpdates.cylib\BLE_v1_10\Library\gccCyBLEStack_BLE_SOC_PERIPHERAL.a(ll.o)
                0x00003d2c                ll_get_data_channel_map

i.ll_get_max_white_list_size
                0x00003d50        0xc
 i.ll_get_max_white_list_size
                0x00003d50        0xc D:\Program Files(x86)\Cypress\PSoC Creator\3.1\PSoC Creator\psoc\content\cycomponentlibraryupdates\CyComponentLibraryUpdates.cylib\BLE_v1_10\Library\gccCyBLEStack_BLE_SOC_PERIPHERAL.a(ll.o)
                0x00003d50                ll_get_max_white_list_size

i.ll_get_my_role
                0x00003d5c        0xc
 i.ll_get_my_role
                0x00003d5c        0xc D:\Program Files(x86)\Cypress\PSoC Creator\3.1\PSoC Creator\psoc\content\cycomponentlibraryupdates\CyComponentLibraryUpdates.cylib\BLE_v1_10\Library\gccCyBLEStack_BLE_SOC_PERIPHERAL.a(ll.o)
                0x00003d5c                ll_get_my_role

i.ll_get_next_available_fifo_for_data_pdu
                0x00003d68        0x8
 i.ll_get_next_available_fifo_for_data_pdu
                0x00003d68        0x8 D:\Program Files(x86)\Cypress\PSoC Creator\3.1\PSoC Creator\psoc\content\cycomponentlibraryupdates\CyComponentLibraryUpdates.cylib\BLE_v1_10\Library\gccCyBLEStack_BLE_SOC_PERIPHERAL.a(ll.o)
                0x00003d68                ll_get_next_available_fifo_for_data_pdu

i.ll_get_next_available_fifo_for_ll_pdu
                0x00003d70       0x24
 i.ll_get_next_available_fifo_for_ll_pdu
                0x00003d70       0x24 D:\Program Files(x86)\Cypress\PSoC Creator\3.1\PSoC Creator\psoc\content\cycomponentlibraryupdates\CyComponentLibraryUpdates.cylib\BLE_v1_10\Library\gccCyBLEStack_BLE_SOC_PERIPHERAL.a(ll.o)
                0x00003d70                ll_get_next_available_fifo_for_ll_pdu

i.ll_get_rssi_value
                0x00003d94       0x26
 i.ll_get_rssi_value
                0x00003d94       0x26 D:\Program Files(x86)\Cypress\PSoC Creator\3.1\PSoC Creator\psoc\content\cycomponentlibraryupdates\CyComponentLibraryUpdates.cylib\BLE_v1_10\Library\gccCyBLEStack_BLE_SOC_PERIPHERAL.a(ll.o)
                0x00003d94                ll_get_rssi_value

i.ll_get_transmit_power_level
                0x00003dbc       0x2c
 i.ll_get_transmit_power_level
                0x00003dbc       0x2c D:\Program Files(x86)\Cypress\PSoC Creator\3.1\PSoC Creator\psoc\content\cycomponentlibraryupdates\CyComponentLibraryUpdates.cylib\BLE_v1_10\Library\gccCyBLEStack_BLE_SOC_PERIPHERAL.a(ll.o)
                0x00003dbc                ll_get_transmit_power_level

i.ll_handle_ack_received
                0x00003de8       0x74
 i.ll_handle_ack_received
                0x00003de8       0x74 D:\Program Files(x86)\Cypress\PSoC Creator\3.1\PSoC Creator\psoc\content\cycomponentlibraryupdates\CyComponentLibraryUpdates.cylib\BLE_v1_10\Library\gccCyBLEStack_BLE_SOC_PERIPHERAL.a(ll.o)
                0x00003de8                ll_handle_ack_received

i.ll_handle_add_device_in_whitelist
                0x00003e5c       0x3a
 i.ll_handle_add_device_in_whitelist
                0x00003e5c       0x3a D:\Program Files(x86)\Cypress\PSoC Creator\3.1\PSoC Creator\psoc\content\cycomponentlibraryupdates\CyComponentLibraryUpdates.cylib\BLE_v1_10\Library\gccCyBLEStack_BLE_SOC_PERIPHERAL.a(ll.o)
                0x00003e5c                ll_handle_add_device_in_whitelist

i.ll_handle_clear_whitelist
                0x00003e96       0x16
 i.ll_handle_clear_whitelist
                0x00003e96       0x16 D:\Program Files(x86)\Cypress\PSoC Creator\3.1\PSoC Creator\psoc\content\cycomponentlibraryupdates\CyComponentLibraryUpdates.cylib\BLE_v1_10\Library\gccCyBLEStack_BLE_SOC_PERIPHERAL.a(ll.o)
                0x00003e96                ll_handle_clear_whitelist

i.ll_handle_encrypt_host_data
                0x00003eac       0x36
 i.ll_handle_encrypt_host_data
                0x00003eac       0x36 D:\Program Files(x86)\Cypress\PSoC Creator\3.1\PSoC Creator\psoc\content\cycomponentlibraryupdates\CyComponentLibraryUpdates.cylib\BLE_v1_10\Library\gccCyBLEStack_BLE_SOC_PERIPHERAL.a(ll.o)
                0x00003eac                ll_handle_encrypt_host_data

i.ll_handle_host_data_packet
                0x00003ee2       0x54
 i.ll_handle_host_data_packet
                0x00003ee2       0x54 D:\Program Files(x86)\Cypress\PSoC Creator\3.1\PSoC Creator\psoc\content\cycomponentlibraryupdates\CyComponentLibraryUpdates.cylib\BLE_v1_10\Library\gccCyBLEStack_BLE_SOC_PERIPHERAL.a(ll.o)
                0x00003ee2                ll_handle_host_data_packet

i.ll_handle_read_host_channel_map
                0x00003f36        0x4
 i.ll_handle_read_host_channel_map
                0x00003f36        0x4 D:\Program Files(x86)\Cypress\PSoC Creator\3.1\PSoC Creator\psoc\content\cycomponentlibraryupdates\CyComponentLibraryUpdates.cylib\BLE_v1_10\Library\gccCyBLEStack_BLE_SOC_PERIPHERAL.a(ll.o)
                0x00003f36                ll_handle_read_host_channel_map

i.ll_handle_remove_device_in_whitelist
                0x00003f3a       0x2a
 i.ll_handle_remove_device_in_whitelist
                0x00003f3a       0x2a D:\Program Files(x86)\Cypress\PSoC Creator\3.1\PSoC Creator\psoc\content\cycomponentlibraryupdates\CyComponentLibraryUpdates.cylib\BLE_v1_10\Library\gccCyBLEStack_BLE_SOC_PERIPHERAL.a(ll.o)
                0x00003f3a                ll_handle_remove_device_in_whitelist

i.ll_handle_reset
                0x00003f64        0xe
 i.ll_handle_reset
                0x00003f64        0xe D:\Program Files(x86)\Cypress\PSoC Creator\3.1\PSoC Creator\psoc\content\cycomponentlibraryupdates\CyComponentLibraryUpdates.cylib\BLE_v1_10\Library\gccCyBLEStack_BLE_SOC_PERIPHERAL.a(ll.o)
                0x00003f64                ll_handle_reset

i.ll_handle_set_random_address
                0x00003f72       0x36
 i.ll_handle_set_random_address
                0x00003f72       0x36 D:\Program Files(x86)\Cypress\PSoC Creator\3.1\PSoC Creator\psoc\content\cycomponentlibraryupdates\CyComponentLibraryUpdates.cylib\BLE_v1_10\Library\gccCyBLEStack_BLE_SOC_PERIPHERAL.a(ll.o)
                0x00003f72                ll_handle_set_random_address

i.ll_init       0x00003fa8       0x18
 i.ll_init      0x00003fa8       0x18 D:\Program Files(x86)\Cypress\PSoC Creator\3.1\PSoC Creator\psoc\content\cycomponentlibraryupdates\CyComponentLibraryUpdates.cylib\BLE_v1_10\Library\gccCyBLEStack_BLE_SOC_PERIPHERAL.a(ll.o)
                0x00003fa8                ll_init

i.ll_initialize_device_attributes
                0x00003fc0       0x4c
 i.ll_initialize_device_attributes
                0x00003fc0       0x4c D:\Program Files(x86)\Cypress\PSoC Creator\3.1\PSoC Creator\psoc\content\cycomponentlibraryupdates\CyComponentLibraryUpdates.cylib\BLE_v1_10\Library\gccCyBLEStack_BLE_SOC_PERIPHERAL.a(ll.o)
                0x00003fc0                ll_initialize_device_attributes

i.ll_is_pkt_pending
                0x0000400c       0x2a
 i.ll_is_pkt_pending
                0x0000400c       0x2a D:\Program Files(x86)\Cypress\PSoC Creator\3.1\PSoC Creator\psoc\content\cycomponentlibraryupdates\CyComponentLibraryUpdates.cylib\BLE_v1_10\Library\gccCyBLEStack_BLE_SOC_PERIPHERAL.a(ll.o)
                0x0000400c                ll_is_pkt_pending

i.ll_is_sent_pkt_pending
                0x00004036       0x1a
 i.ll_is_sent_pkt_pending
                0x00004036       0x1a D:\Program Files(x86)\Cypress\PSoC Creator\3.1\PSoC Creator\psoc\content\cycomponentlibraryupdates\CyComponentLibraryUpdates.cylib\BLE_v1_10\Library\gccCyBLEStack_BLE_SOC_PERIPHERAL.a(ll.o)
                0x00004036                ll_is_sent_pkt_pending

i.ll_isr_exit_low_power_mode
                0x00004050       0x16
 i.ll_isr_exit_low_power_mode
                0x00004050       0x16 D:\Program Files(x86)\Cypress\PSoC Creator\3.1\PSoC Creator\psoc\content\cycomponentlibraryupdates\CyComponentLibraryUpdates.cylib\BLE_v1_10\Library\gccCyBLEStack_BLE_SOC_PERIPHERAL.a(ll.o)
                0x00004050                ll_isr_exit_low_power_mode

i.ll_load_host_data_packet
                0x00004066       0x4a
 i.ll_load_host_data_packet
                0x00004066       0x4a D:\Program Files(x86)\Cypress\PSoC Creator\3.1\PSoC Creator\psoc\content\cycomponentlibraryupdates\CyComponentLibraryUpdates.cylib\BLE_v1_10\Library\gccCyBLEStack_BLE_SOC_PERIPHERAL.a(ll.o)
                0x00004066                ll_load_host_data_packet

i.ll_load_packet_to_fifo
                0x000040b0       0x6e
 i.ll_load_packet_to_fifo
                0x000040b0       0x6e D:\Program Files(x86)\Cypress\PSoC Creator\3.1\PSoC Creator\psoc\content\cycomponentlibraryupdates\CyComponentLibraryUpdates.cylib\BLE_v1_10\Library\gccCyBLEStack_BLE_SOC_PERIPHERAL.a(ll.o)
                0x000040b0                ll_load_packet_to_fifo

i.ll_process_acks
                0x0000411e       0x3c
 i.ll_process_acks
                0x0000411e       0x3c D:\Program Files(x86)\Cypress\PSoC Creator\3.1\PSoC Creator\psoc\content\cycomponentlibraryupdates\CyComponentLibraryUpdates.cylib\BLE_v1_10\Library\gccCyBLEStack_BLE_SOC_PERIPHERAL.a(ll.o)
                0x0000411e                ll_process_acks

i.ll_reset      0x0000415a       0x12
 i.ll_reset     0x0000415a       0x12 D:\Program Files(x86)\Cypress\PSoC Creator\3.1\PSoC Creator\psoc\content\cycomponentlibraryupdates\CyComponentLibraryUpdates.cylib\BLE_v1_10\Library\gccCyBLEStack_BLE_SOC_PERIPHERAL.a(ll.o)
                0x0000415a                ll_reset

i.ll_update_active_features
                0x0000416c       0x58
 i.ll_update_active_features
                0x0000416c       0x58 D:\Program Files(x86)\Cypress\PSoC Creator\3.1\PSoC Creator\psoc\content\cycomponentlibraryupdates\CyComponentLibraryUpdates.cylib\BLE_v1_10\Library\gccCyBLEStack_BLE_SOC_PERIPHERAL.a(ll.o)
                0x0000416c                ll_update_active_features

i.ll_update_device_fsm
                0x000041c4        0x8
 i.ll_update_device_fsm
                0x000041c4        0x8 D:\Program Files(x86)\Cypress\PSoC Creator\3.1\PSoC Creator\psoc\content\cycomponentlibraryupdates\CyComponentLibraryUpdates.cylib\BLE_v1_10\Library\gccCyBLEStack_BLE_SOC_PERIPHERAL.a(ll.o)
                0x000041c4                ll_update_device_fsm

i.pf_le_start_timer
                0x000041cc       0x16
 i.pf_le_start_timer
                0x000041cc       0x16 D:\Program Files(x86)\Cypress\PSoC Creator\3.1\PSoC Creator\psoc\content\cycomponentlibraryupdates\CyComponentLibraryUpdates.cylib\BLE_v1_10\Library\gccCyBLEStack_BLE_SOC_PERIPHERAL.a(ll.o)
                0x000041cc                pf_le_start_timer

i.pf_le_stop_timer
                0x000041e2       0x12
 i.pf_le_stop_timer
                0x000041e2       0x12 D:\Program Files(x86)\Cypress\PSoC Creator\3.1\PSoC Creator\psoc\content\cycomponentlibraryupdates\CyComponentLibraryUpdates.cylib\BLE_v1_10\Library\gccCyBLEStack_BLE_SOC_PERIPHERAL.a(ll.o)
                0x000041e2                pf_le_stop_timer

i.CyBleControllerIP_TuneAdvEventInterPktSlots
                0x000041f4       0x44
 i.CyBleControllerIP_TuneAdvEventInterPktSlots
                0x000041f4       0x44 D:\Program Files(x86)\Cypress\PSoC Creator\3.1\PSoC Creator\psoc\content\cycomponentlibraryupdates\CyComponentLibraryUpdates.cylib\BLE_v1_10\Library\gccCyBLEStack_BLE_SOC_PERIPHERAL.a(ll_advertiser.o)
                0x000041f4                CyBleControllerIP_TuneAdvEventInterPktSlots

i.ll_adv_is_configured_connection_adv
                0x00004238       0x1e
 i.ll_adv_is_configured_connection_adv
                0x00004238       0x1e D:\Program Files(x86)\Cypress\PSoC Creator\3.1\PSoC Creator\psoc\content\cycomponentlibraryupdates\CyComponentLibraryUpdates.cylib\BLE_v1_10\Library\gccCyBLEStack_BLE_SOC_PERIPHERAL.a(ll_advertiser.o)
                0x00004238                ll_adv_is_configured_connection_adv

i.ll_check_random_address_in_use_by_advertiser
                0x00004256       0x10
 i.ll_check_random_address_in_use_by_advertiser
                0x00004256       0x10 D:\Program Files(x86)\Cypress\PSoC Creator\3.1\PSoC Creator\psoc\content\cycomponentlibraryupdates\CyComponentLibraryUpdates.cylib\BLE_v1_10\Library\gccCyBLEStack_BLE_SOC_PERIPHERAL.a(ll_advertiser.o)
                0x00004256                ll_check_random_address_in_use_by_advertiser

i.ll_check_whitelist_in_use_by_advertiser
                0x00004266       0x10
 i.ll_check_whitelist_in_use_by_advertiser
                0x00004266       0x10 D:\Program Files(x86)\Cypress\PSoC Creator\3.1\PSoC Creator\psoc\content\cycomponentlibraryupdates\CyComponentLibraryUpdates.cylib\BLE_v1_10\Library\gccCyBLEStack_BLE_SOC_PERIPHERAL.a(ll_advertiser.o)
                0x00004266                ll_check_whitelist_in_use_by_advertiser

i.ll_get_adv_status
                0x00004276        0xc
 i.ll_get_adv_status
                0x00004276        0xc D:\Program Files(x86)\Cypress\PSoC Creator\3.1\PSoC Creator\psoc\content\cycomponentlibraryupdates\CyComponentLibraryUpdates.cylib\BLE_v1_10\Library\gccCyBLEStack_BLE_SOC_PERIPHERAL.a(ll_advertiser.o)
                0x00004276                ll_get_adv_status

i.ll_get_adv_type
                0x00004282       0x16
 i.ll_get_adv_type
                0x00004282       0x16 D:\Program Files(x86)\Cypress\PSoC Creator\3.1\PSoC Creator\psoc\content\cycomponentlibraryupdates\CyComponentLibraryUpdates.cylib\BLE_v1_10\Library\gccCyBLEStack_BLE_SOC_PERIPHERAL.a(ll_advertiser.o)
                0x00004282                ll_get_adv_type

i.ll_handle_adv_intr
                0x00004298       0x50
 i.ll_handle_adv_intr
                0x00004298       0x50 D:\Program Files(x86)\Cypress\PSoC Creator\3.1\PSoC Creator\psoc\content\cycomponentlibraryupdates\CyComponentLibraryUpdates.cylib\BLE_v1_10\Library\gccCyBLEStack_BLE_SOC_PERIPHERAL.a(ll_advertiser.o)
                0x00004298                ll_handle_adv_intr

i.ll_handle_set_adv_data
                0x000042e8       0x14
 i.ll_handle_set_adv_data
                0x000042e8       0x14 D:\Program Files(x86)\Cypress\PSoC Creator\3.1\PSoC Creator\psoc\content\cycomponentlibraryupdates\CyComponentLibraryUpdates.cylib\BLE_v1_10\Library\gccCyBLEStack_BLE_SOC_PERIPHERAL.a(ll_advertiser.o)
                0x000042e8                ll_handle_set_adv_data

i.ll_handle_set_adv_parameters
                0x000042fc       0x84
 i.ll_handle_set_adv_parameters
                0x000042fc       0x84 D:\Program Files(x86)\Cypress\PSoC Creator\3.1\PSoC Creator\psoc\content\cycomponentlibraryupdates\CyComponentLibraryUpdates.cylib\BLE_v1_10\Library\gccCyBLEStack_BLE_SOC_PERIPHERAL.a(ll_advertiser.o)
                0x000042fc                ll_handle_set_adv_parameters

i.ll_handle_set_advertise_enable
                0x00004380       0x70
 i.ll_handle_set_advertise_enable
                0x00004380       0x70 D:\Program Files(x86)\Cypress\PSoC Creator\3.1\PSoC Creator\psoc\content\cycomponentlibraryupdates\CyComponentLibraryUpdates.cylib\BLE_v1_10\Library\gccCyBLEStack_BLE_SOC_PERIPHERAL.a(ll_advertiser.o)
                0x00004380                ll_handle_set_advertise_enable

i.ll_handle_set_scan_resp_data
                0x000043f0       0x14
 i.ll_handle_set_scan_resp_data
                0x000043f0       0x14 D:\Program Files(x86)\Cypress\PSoC Creator\3.1\PSoC Creator\psoc\content\cycomponentlibraryupdates\CyComponentLibraryUpdates.cylib\BLE_v1_10\Library\gccCyBLEStack_BLE_SOC_PERIPHERAL.a(ll_advertiser.o)
                0x000043f0                ll_handle_set_scan_resp_data

i.ll_init_advertiser
                0x00004404       0x68
 i.ll_init_advertiser
                0x00004404       0x68 D:\Program Files(x86)\Cypress\PSoC Creator\3.1\PSoC Creator\psoc\content\cycomponentlibraryupdates\CyComponentLibraryUpdates.cylib\BLE_v1_10\Library\gccCyBLEStack_BLE_SOC_PERIPHERAL.a(ll_advertiser.o)
                0x00004404                ll_init_advertiser

i.is_le_connection_handle
                0x0000446c       0x28
 i.is_le_connection_handle
                0x0000446c       0x28 D:\Program Files(x86)\Cypress\PSoC Creator\3.1\PSoC Creator\psoc\content\cycomponentlibraryupdates\CyComponentLibraryUpdates.cylib\BLE_v1_10\Library\gccCyBLEStack_BLE_SOC_PERIPHERAL.a(ll_connection.o)
                0x0000446c                is_le_connection_handle

i.le_assign_connection_handle
                0x00004494       0x28
 i.le_assign_connection_handle
                0x00004494       0x28 D:\Program Files(x86)\Cypress\PSoC Creator\3.1\PSoC Creator\psoc\content\cycomponentlibraryupdates\CyComponentLibraryUpdates.cylib\BLE_v1_10\Library\gccCyBLEStack_BLE_SOC_PERIPHERAL.a(ll_connection.o)
                0x00004494                le_assign_connection_handle

i.le_get_connection_index
                0x000044bc        0x6
 i.le_get_connection_index
                0x000044bc        0x6 D:\Program Files(x86)\Cypress\PSoC Creator\3.1\PSoC Creator\psoc\content\cycomponentlibraryupdates\CyComponentLibraryUpdates.cylib\BLE_v1_10\Library\gccCyBLEStack_BLE_SOC_PERIPHERAL.a(ll_connection.o)
                0x000044bc                le_get_connection_index

i.ll_allocate_connection
                0x000044c4       0x44
 i.ll_allocate_connection
                0x000044c4       0x44 D:\Program Files(x86)\Cypress\PSoC Creator\3.1\PSoC Creator\psoc\content\cycomponentlibraryupdates\CyComponentLibraryUpdates.cylib\BLE_v1_10\Library\gccCyBLEStack_BLE_SOC_PERIPHERAL.a(ll_connection.o)
                0x000044c4                ll_allocate_connection

i.ll_calculate_and_program_def_win_widen_drift
                0x00004508       0x14
 i.ll_calculate_and_program_def_win_widen_drift
                0x00004508       0x14 D:\Program Files(x86)\Cypress\PSoC Creator\3.1\PSoC Creator\psoc\content\cycomponentlibraryupdates\CyComponentLibraryUpdates.cylib\BLE_v1_10\Library\gccCyBLEStack_BLE_SOC_PERIPHERAL.a(ll_connection.o)
                0x00004508                ll_calculate_and_program_def_win_widen_drift

i.ll_calculate_drift
                0x0000451c       0x2c
 i.ll_calculate_drift
                0x0000451c       0x2c D:\Program Files(x86)\Cypress\PSoC Creator\3.1\PSoC Creator\psoc\content\cycomponentlibraryupdates\CyComponentLibraryUpdates.cylib\BLE_v1_10\Library\gccCyBLEStack_BLE_SOC_PERIPHERAL.a(ll_connection.o)
                0x0000451c                ll_calculate_drift

i.ll_check_and_decrypt_ll_pdu
                0x00004548       0x68
 i.ll_check_and_decrypt_ll_pdu
                0x00004548       0x68 D:\Program Files(x86)\Cypress\PSoC Creator\3.1\PSoC Creator\psoc\content\cycomponentlibraryupdates\CyComponentLibraryUpdates.cylib\BLE_v1_10\Library\gccCyBLEStack_BLE_SOC_PERIPHERAL.a(ll_connection.o)
                0x00004548                ll_check_and_decrypt_ll_pdu

i.ll_check_and_decrypt_packet
                0x000045b0       0x6a
 i.ll_check_and_decrypt_packet
                0x000045b0       0x6a D:\Program Files(x86)\Cypress\PSoC Creator\3.1\PSoC Creator\psoc\content\cycomponentlibraryupdates\CyComponentLibraryUpdates.cylib\BLE_v1_10\Library\gccCyBLEStack_BLE_SOC_PERIPHERAL.a(ll_connection.o)
                0x000045b0                ll_check_and_decrypt_packet

i.ll_check_and_encrypt_ll_pdu
                0x0000461a       0x72
 i.ll_check_and_encrypt_ll_pdu
                0x0000461a       0x72 D:\Program Files(x86)\Cypress\PSoC Creator\3.1\PSoC Creator\psoc\content\cycomponentlibraryupdates\CyComponentLibraryUpdates.cylib\BLE_v1_10\Library\gccCyBLEStack_BLE_SOC_PERIPHERAL.a(ll_connection.o)
                0x0000461a                ll_check_and_encrypt_ll_pdu

i.ll_check_and_encrypt_packet
                0x0000468c       0x8a
 i.ll_check_and_encrypt_packet
                0x0000468c       0x8a D:\Program Files(x86)\Cypress\PSoC Creator\3.1\PSoC Creator\psoc\content\cycomponentlibraryupdates\CyComponentLibraryUpdates.cylib\BLE_v1_10\Library\gccCyBLEStack_BLE_SOC_PERIPHERAL.a(ll_connection.o)
                0x0000468c                ll_check_and_encrypt_packet

i.ll_check_for_allowing_incoming_connection_update
                0x00004716       0x42
 i.ll_check_for_allowing_incoming_connection_update
                0x00004716       0x42 D:\Program Files(x86)\Cypress\PSoC Creator\3.1\PSoC Creator\psoc\content\cycomponentlibraryupdates\CyComponentLibraryUpdates.cylib\BLE_v1_10\Library\gccCyBLEStack_BLE_SOC_PERIPHERAL.a(ll_connection.o)
                0x00004716                ll_check_for_allowing_incoming_connection_update

i.ll_check_if_pdu_is_loaded_to_hardware
                0x00004758       0x1c
 i.ll_check_if_pdu_is_loaded_to_hardware
                0x00004758       0x1c D:\Program Files(x86)\Cypress\PSoC Creator\3.1\PSoC Creator\psoc\content\cycomponentlibraryupdates\CyComponentLibraryUpdates.cylib\BLE_v1_10\Library\gccCyBLEStack_BLE_SOC_PERIPHERAL.a(ll_connection.o)
                0x00004758                ll_check_if_pdu_is_loaded_to_hardware

i.ll_check_random_address_in_use_by_initiator
                0x00004774       0x30
 i.ll_check_random_address_in_use_by_initiator
                0x00004774       0x30 D:\Program Files(x86)\Cypress\PSoC Creator\3.1\PSoC Creator\psoc\content\cycomponentlibraryupdates\CyComponentLibraryUpdates.cylib\BLE_v1_10\Library\gccCyBLEStack_BLE_SOC_PERIPHERAL.a(ll_connection.o)
                0x00004774                ll_check_random_address_in_use_by_initiator

i.ll_check_white_list_in_use_by_initiator
                0x000047a4       0x30
 i.ll_check_white_list_in_use_by_initiator
                0x000047a4       0x30 D:\Program Files(x86)\Cypress\PSoC Creator\3.1\PSoC Creator\psoc\content\cycomponentlibraryupdates\CyComponentLibraryUpdates.cylib\BLE_v1_10\Library\gccCyBLEStack_BLE_SOC_PERIPHERAL.a(ll_connection.o)
                0x000047a4                ll_check_white_list_in_use_by_initiator

i.ll_conn_free_enc_txn_buffer
                0x000047d4       0x16
 i.ll_conn_free_enc_txn_buffer
                0x000047d4       0x16 D:\Program Files(x86)\Cypress\PSoC Creator\3.1\PSoC Creator\psoc\content\cycomponentlibraryupdates\CyComponentLibraryUpdates.cylib\BLE_v1_10\Library\gccCyBLEStack_BLE_SOC_PERIPHERAL.a(ll_connection.o)
                0x000047d4                ll_conn_free_enc_txn_buffer

i.ll_conn_fsm_update_channel_state
                0x000047ea        0x6
 i.ll_conn_fsm_update_channel_state
                0x000047ea        0x6 D:\Program Files(x86)\Cypress\PSoC Creator\3.1\PSoC Creator\psoc\content\cycomponentlibraryupdates\CyComponentLibraryUpdates.cylib\BLE_v1_10\Library\gccCyBLEStack_BLE_SOC_PERIPHERAL.a(ll_connection.o)
                0x000047ea                ll_conn_fsm_update_channel_state

i.ll_conn_fsm_update_conn_update_state
                0x000047f0        0x6
 i.ll_conn_fsm_update_conn_update_state
                0x000047f0        0x6 D:\Program Files(x86)\Cypress\PSoC Creator\3.1\PSoC Creator\psoc\content\cycomponentlibraryupdates\CyComponentLibraryUpdates.cylib\BLE_v1_10\Library\gccCyBLEStack_BLE_SOC_PERIPHERAL.a(ll_connection.o)
                0x000047f0                ll_conn_fsm_update_conn_update_state

i.ll_conn_fsm_update_enc_state